Archive member included to satisfy reference by file (symbol)

C:/PROGRA~2/ARMGNU~1/14EFD8~1.2RE/bin/../lib/gcc/arm-none-eabi/14.2.1/thumb/v6-m/nofp\libm.a(libm_a-sf_lround.o)
                              CMakeFiles/Recon-Rover.dir/drivers/lidar.c.obj (lroundf)
C:/PROGRA~2/ARMGNU~1/14EFD8~1.2RE/bin/../lib/gcc/arm-none-eabi/14.2.1/thumb/v6-m/nofp\libgcc.a(_dvmd_tls.o)
                              CMakeFiles/Recon-Rover.dir/C_/Program_Files/Raspberry_Pi/Pico_SDK_v1.5.1/pico-sdk/src/rp2_common/pico_divider/divider.S.obj (__aeabi_idiv0)
C:/PROGRA~2/ARMGNU~1/14EFD8~1.2RE/bin/../lib/gcc/arm-none-eabi/14.2.1/thumb/v6-m/nofp\libg.a(libc_a-atoi.o)
                              CMakeFiles/Recon-Rover.dir/C_/Program_Files/Raspberry_Pi/Pico_SDK_v1.5.1/pico-sdk/lib/lwip/src/core/netif.c.obj (atoi)
C:/PROGRA~2/ARMGNU~1/14EFD8~1.2RE/bin/../lib/gcc/arm-none-eabi/14.2.1/thumb/v6-m/nofp\libg.a(libc_a-calloc.o)
                              CMakeFiles/Recon-Rover.dir/C_/Program_Files/Raspberry_Pi/Pico_SDK_v1.5.1/pico-sdk/src/rp2_common/pico_malloc/pico_malloc.c.obj (calloc)
C:/PROGRA~2/ARMGNU~1/14EFD8~1.2RE/bin/../lib/gcc/arm-none-eabi/14.2.1/thumb/v6-m/nofp\libg.a(libc_a-callocr.o)
                              C:/PROGRA~2/ARMGNU~1/14EFD8~1.2RE/bin/../lib/gcc/arm-none-eabi/14.2.1/thumb/v6-m/nofp\libg.a(libc_a-calloc.o) (_calloc_r)
C:/PROGRA~2/ARMGNU~1/14EFD8~1.2RE/bin/../lib/gcc/arm-none-eabi/14.2.1/thumb/v6-m/nofp\libg.a(libc_a-malloc.o)
                              CMakeFiles/Recon-Rover.dir/C_/Program_Files/Raspberry_Pi/Pico_SDK_v1.5.1/pico-sdk/src/rp2_common/pico_malloc/pico_malloc.c.obj (malloc)
C:/PROGRA~2/ARMGNU~1/14EFD8~1.2RE/bin/../lib/gcc/arm-none-eabi/14.2.1/thumb/v6-m/nofp\libg.a(libc_a-mallocr.o)
                              C:/PROGRA~2/ARMGNU~1/14EFD8~1.2RE/bin/../lib/gcc/arm-none-eabi/14.2.1/thumb/v6-m/nofp\libg.a(libc_a-callocr.o) (_malloc_r)
C:/PROGRA~2/ARMGNU~1/14EFD8~1.2RE/bin/../lib/gcc/arm-none-eabi/14.2.1/thumb/v6-m/nofp\libg.a(libc_a-mlock.o)
                              C:/PROGRA~2/ARMGNU~1/14EFD8~1.2RE/bin/../lib/gcc/arm-none-eabi/14.2.1/thumb/v6-m/nofp\libg.a(libc_a-mallocr.o) (__malloc_lock)
C:/PROGRA~2/ARMGNU~1/14EFD8~1.2RE/bin/../lib/gcc/arm-none-eabi/14.2.1/thumb/v6-m/nofp\libg.a(libc_a-realloc.o)
                              CMakeFiles/Recon-Rover.dir/C_/Program_Files/Raspberry_Pi/Pico_SDK_v1.5.1/pico-sdk/src/rp2_common/pico_malloc/pico_malloc.c.obj (realloc)
C:/PROGRA~2/ARMGNU~1/14EFD8~1.2RE/bin/../lib/gcc/arm-none-eabi/14.2.1/thumb/v6-m/nofp\libg.a(libc_a-reallocr.o)
                              C:/PROGRA~2/ARMGNU~1/14EFD8~1.2RE/bin/../lib/gcc/arm-none-eabi/14.2.1/thumb/v6-m/nofp\libg.a(libc_a-realloc.o) (_realloc_r)
C:/PROGRA~2/ARMGNU~1/14EFD8~1.2RE/bin/../lib/gcc/arm-none-eabi/14.2.1/thumb/v6-m/nofp\libg.a(libc_a-strtol.o)
                              C:/PROGRA~2/ARMGNU~1/14EFD8~1.2RE/bin/../lib/gcc/arm-none-eabi/14.2.1/thumb/v6-m/nofp\libg.a(libc_a-atoi.o) (_strtol_r)
C:/PROGRA~2/ARMGNU~1/14EFD8~1.2RE/bin/../lib/gcc/arm-none-eabi/14.2.1/thumb/v6-m/nofp\libg.a(libc_a-ctype_.o)
                              CMakeFiles/Recon-Rover.dir/C_/Program_Files/Raspberry_Pi/Pico_SDK_v1.5.1/pico-sdk/lib/lwip/src/core/ipv4/ip4_addr.c.obj (_ctype_)
C:/PROGRA~2/ARMGNU~1/14EFD8~1.2RE/bin/../lib/gcc/arm-none-eabi/14.2.1/thumb/v6-m/nofp\libg.a(libc_a-memcmp.o)
                              CMakeFiles/Recon-Rover.dir/C_/Program_Files/Raspberry_Pi/Pico_SDK_v1.5.1/pico-sdk/lib/lwip/src/core/ipv4/acd.c.obj (memcmp)
C:/PROGRA~2/ARMGNU~1/14EFD8~1.2RE/bin/../lib/gcc/arm-none-eabi/14.2.1/thumb/v6-m/nofp\libg.a(libc_a-memmove.o)
                              CMakeFiles/Recon-Rover.dir/C_/Program_Files/Raspberry_Pi/Pico_SDK_v1.5.1/pico-sdk/lib/lwip/src/core/def.c.obj (memmove)
C:/PROGRA~2/ARMGNU~1/14EFD8~1.2RE/bin/../lib/gcc/arm-none-eabi/14.2.1/thumb/v6-m/nofp\libg.a(libc_a-strncmp.o)
                              CMakeFiles/Recon-Rover.dir/C_/Program_Files/Raspberry_Pi/Pico_SDK_v1.5.1/pico-sdk/lib/lwip/src/core/def.c.obj (strncmp)
C:/PROGRA~2/ARMGNU~1/14EFD8~1.2RE/bin/../lib/gcc/arm-none-eabi/14.2.1/thumb/v6-m/nofp\libg.a(libc_a-impure.o)
                              C:/PROGRA~2/ARMGNU~1/14EFD8~1.2RE/bin/../lib/gcc/arm-none-eabi/14.2.1/thumb/v6-m/nofp\libg.a(libc_a-calloc.o) (_impure_ptr)
C:/PROGRA~2/ARMGNU~1/14EFD8~1.2RE/bin/../lib/gcc/arm-none-eabi/14.2.1/thumb/v6-m/nofp\libg.a(libc_a-sbrkr.o)
                              C:/PROGRA~2/ARMGNU~1/14EFD8~1.2RE/bin/../lib/gcc/arm-none-eabi/14.2.1/thumb/v6-m/nofp\libg.a(libc_a-mallocr.o) (_sbrk_r)
C:/PROGRA~2/ARMGNU~1/14EFD8~1.2RE/bin/../lib/gcc/arm-none-eabi/14.2.1/thumb/v6-m/nofp\libg.a(libc_a-errno.o)
                              C:/PROGRA~2/ARMGNU~1/14EFD8~1.2RE/bin/../lib/gcc/arm-none-eabi/14.2.1/thumb/v6-m/nofp\libg.a(libc_a-callocr.o) (__errno)
C:/PROGRA~2/ARMGNU~1/14EFD8~1.2RE/bin/../lib/gcc/arm-none-eabi/14.2.1/thumb/v6-m/nofp\libg.a(libc_a-init.o)
[...]
Memory Configuration

Name             Origin             Length             Attributes
FLASH            0x10000000         0x00200000         xr
RAM              0x20000000         0x00040000         xrw
SCRATCH_X        0x20040000         0x00001000         xrw
SCRATCH_Y        0x20041000         0x00001000         xrw
*default*        0x00000000         0xffffffff

Linker script and memory map

LOAD C:/PROGRA~2/ARMGNU~1/14EFD8~1.2RE/bin/../lib/gcc/arm-none-eabi/14.2.1/thumb/v6-m/nofp/crti.o
LOAD C:/PROGRA~2/ARMGNU~1/14EFD8~1.2RE/bin/../lib/gcc/arm-none-eabi/14.2.1/thumb/v6-m/nofp/crtbegin.o
LOAD C:/PROGRA~2/ARMGNU~1/14EFD8~1.2RE/bin/../lib/gcc/arm-none-eabi/14.2.1/thumb/v6-m/nofp/crt0.o

.flash_begin    0x10000000        0x0
                0x10000000                        __flash_binary_start = .

.boot2          0x10000000      0x100
                0x10000000                        __boot2_start__ = .
 *(.boot2)
 .boot2         0x10000000      0x100 C:\Users\divak\AppData\Local\Temp\cczqQ9Qg.o
                0x10000100                        __boot2_end__ = .
                0x00000001                        ASSERT (((__boot2_end__ - __boot2_start__) == 0x100), ERROR: Pico second stage bootloader must be 256 bytes in size)

.text           0x10000100    0x165b0
                0x10000100                        __logical_binary_start = .
 *(.vectors)
 .vectors       0x10000100       0xd4 CMakeFiles/Recon-Rover.dir/C_/Program_Files/Raspberry_Pi/Pico_SDK_v1.5.1/pico-sdk/src/rp2_common/pico_standard_link/crt0.S.obj
                0x10000100                __VECTOR_TABLE
                0x10000100                __vectors
                0x100001c0                isr_invalid
                0x100001c0                __default_isrs_start
                0x100001c2                isr_nmi
                0x100001c4                isr_hardfault
                0x100001c6                isr_svcall
                0x100001c8                isr_pendsv
                0x100001ca                isr_systick
                0x100001cc                isr_irq23
                0x100001cc                isr_irq18
                0x100001cc                isr_irq11
                0x100001cc                isr_irq28
                0x100001cc                isr_irq19
                0x100001cc                isr_irq0
                0x100001cc                isr_irq6
                0x100001cc                isr_irq5
                0x100001cc                isr_irq12
                0x100001cc                isr_irq22
                0x100001cc                isr_irq31
                0x100001cc                isr_irq17
                0x100001cc                isr_irq27
                0x100001cc                isr_irq30
                0x100001cc                isr_irq2
                0x100001cc                isr_irq10
                0x100001cc                isr_irq8
                0x100001cc                isr_irq24
                0x100001cc                isr_irq1
                0x100001cc                isr_irq7
                0x100001cc                isr_irq21
                0x100001cc                isr_irq20
                0x100001cc                isr_irq15
                0x100001cc                isr_irq25
                0x100001cc                isr_irq13
                0x100001cc                __unhandled_user_irq
                0x100001cc                isr_irq4
                0x100001cc                isr_irq16
                0x100001cc                isr_irq29
                0x100001cc                isr_irq26
                0x100001cc                __default_isrs_end
                0x100001cc                isr_irq3
                0x100001cc                isr_irq14
                0x100001cc                isr_irq9
                0x100001d2                unhandled_user_irq_num_in_r0
 *(.binary_info_header)
 .binary_info_header
                0x100001d4       0x14 CMakeFiles/Recon-Rover.dir/C_/Program_Files/Raspberry_Pi/Pico_SDK_v1.5.1/pico-sdk/src/rp2_common/pico_standard_link/crt0.S.obj
                0x100001e8                        __binary_info_header_end = .
 *(.reset)
 .reset         0x100001e8       0xa0 CMakeFiles/Recon-Rover.dir/C_/Program_Files/Raspberry_Pi/Pico_SDK_v1.5.1/pico-sdk/src/rp2_common/pico_standard_link/crt0.S.obj
                0x100001e8                _entry_point
 .reset         0x10000288       0x30 CMakeFiles/Recon-Rover.dir/ae783cfadb10a0055c655bcf0b179659/pico-sdk/src/rp2_common/pico_standard_link/binary_info.c.obj
 *(.init)
 .init          0x100002b8        0x4 C:/PROGRA~2/ARMGNU~1/14EFD8~1.2RE/bin/../lib/gcc/arm-none-eabi/14.2.1/thumb/v6-m/nofp/crti.o
                0x100002b8                _init
 *(EXCLUDE_FILE(*libm.a: *libc.a:*lib_a-mem*.o *libgcc.a:) .text*)
 .text.register_tm_clones
                0x100002bc       0x28 C:/PROGRA~2/ARMGNU~1/14EFD8~1.2RE/bin/../lib/gcc/arm-none-eabi/14.2.1/thumb/v6-m/nofp/crtbegin.o
 .text.frame_dummy
                0x100002e4       0x24 C:/PROGRA~2/ARMGNU~1/14EFD8~1.2RE/bin/../lib/gcc/arm-none-eabi/14.2.1/thumb/v6-m/nofp/crtbegin.o
 .text.contains_cmd
                0x10000308       0x82 CMakeFiles/Recon-Rover.dir/main.c.obj
 *fill*         0x1000038a        0x2 
 .text.udp_recv_cb
                0x1000038c      0x11c CMakeFiles/Recon-Rover.dir/main.c.obj
 .text.main     0x100004a8      0x230 CMakeFiles/Recon-Rover.dir/main.c.obj
                0x100004a8                main
 .text.pwm_set_chan_level
                0x100006d8       0x38 CMakeFiles/Recon-Rover.dir/drivers/motor.c.obj
 .text.motor_init_pins
                0x10000710      0x124 CMakeFiles/Recon-Rover.dir/drivers/motor.c.obj
                0x10000710                motor_init_pins
 .text.motor_stop
                0x10000834       0x5c CMakeFiles/Recon-Rover.dir/drivers/motor.c.obj
                0x10000834                motor_stop
 .text.motor_forward
                0x10000890       0x64 CMakeFiles/Recon-Rover.dir/drivers/motor.c.obj
                0x10000890                motor_forward
 .text.motor_backward
                0x100008f4       0x64 CMakeFiles/Recon-Rover.dir/drivers/motor.c.obj
                0x100008f4                motor_backward
 .text.motor_left
                0x10000958       0x64 CMakeFiles/Recon-Rover.dir/drivers/motor.c.obj
                0x10000958                motor_left
 .text.motor_right
                0x100009bc       0x64 CMakeFiles/Recon-Rover.dir/drivers/motor.c.obj
                0x100009bc                motor_right
 .text.motor_forward_left
                0x10000a20       0x60 CMakeFiles/Recon-Rover.dir/drivers/motor.c.obj
                0x10000a20                motor_forward_left
 .text.motor_forward_right
                0x10000a80       0x60 CMakeFiles/Recon-Rover.dir/drivers/motor.c.obj
                0x10000a80                motor_forward_right
 .text.motor_backward_left
                0x10000ae0       0x60 CMakeFiles/Recon-Rover.dir/drivers/motor.c.obj
                0x10000ae0                motor_backward_left
 .text.motor_backward_right
                0x10000b40       0x60 CMakeFiles/Recon-Rover.dir/drivers/motor.c.obj
                0x10000b40                motor_backward_right
 .text.motor_left_pwm
                0x10000ba0       0x78 CMakeFiles/Recon-Rover.dir/drivers/motor.c.obj
                0x10000ba0                motor_left_pwm
 .text.motor_right_pwm
                0x10000c18       0x78 CMakeFiles/Recon-Rover.dir/drivers/motor.c.obj
                0x10000c18                motor_right_pwm
 .text.sensor_isr
                0x10000c90       0x2c CMakeFiles/Recon-Rover.dir/drivers/encoder.c.obj
 .text.print_cb
                0x10000cbc      0x258 CMakeFiles/Recon-Rover.dir/drivers/encoder.c.obj
 .text.add_repeating_timer_ms
                0x10000f14       0x3c CMakeFiles/Recon-Rover.dir/drivers/encoder.c.obj
 .text.encoder_set_remote_udp_target
                0x10000f50       0x28 CMakeFiles/Recon-Rover.dir/drivers/encoder.c.obj
                0x10000f50                encoder_set_remote_udp_target
 .text.encoder_init
                0x10000f78       0x88 CMakeFiles/Recon-Rover.dir/drivers/encoder.c.obj
                0x10000f78                encoder_init
 .text.median5  0x10001000       0x32 CMakeFiles/Recon-Rover.dir/drivers/ultrasonic.c.obj
 *fill*         0x10001032        0x2 
 .text.update_us_since_boot
                0x10001034       0x24 CMakeFiles/Recon-Rover.dir/drivers/ultrasonic.c.obj
 .text.get_absolute_time
                0x10001058       0x22 CMakeFiles/Recon-Rover.dir/drivers/ultrasonic.c.obj
 *fill*         0x1000107a        0x2 
 .text.pulse_us
                0x1000107c       0x98 CMakeFiles/Recon-Rover.dir/drivers/ultrasonic.c.obj
 .text.timer_expired
                0x10001114       0x30 CMakeFiles/Recon-Rover.dir/drivers/ultrasonic.c.obj
 .text.delayed_by_ms
                0x10001144       0x44 CMakeFiles/Recon-Rover.dir/drivers/ultrasonic.c.obj
 .text.set_timer_ms
                0x10001188       0x2c CMakeFiles/Recon-Rover.dir/drivers/ultrasonic.c.obj
 .text.imu_get_averaged_heading
                0x100011b4       0xc4 CMakeFiles/Recon-Rover.dir/drivers/ultrasonic.c.obj
 .text.start_avoidance
                0x10001278       0x40 CMakeFiles/Recon-Rover.dir/drivers/ultrasonic.c.obj
 .text.start_turn_to_heading
                0x100012b8      0x134 CMakeFiles/Recon-Rover.dir/drivers/ultrasonic.c.obj
 .text.turn_complete
                0x100013ec      0x244 CMakeFiles/Recon-Rover.dir/drivers/ultrasonic.c.obj
 .text.ultra_init
                0x10001630       0x22 CMakeFiles/Recon-Rover.dir/drivers/ultrasonic.c.obj
                0x10001630                ultra_init
 .text.ultra_read_cm
                0x10001652       0x48 CMakeFiles/Recon-Rover.dir/drivers/ultrasonic.c.obj
                0x10001652                ultra_read_cm
 *fill*         0x1000169a        0x2 
 .text.avoider_tick
                0x1000169c      0x300 CMakeFiles/Recon-Rover.dir/drivers/ultrasonic.c.obj
 .text.ultra_apply_direct
                0x1000199c       0x48 CMakeFiles/Recon-Rover.dir/drivers/ultrasonic.c.obj
                0x1000199c                ultra_apply_direct
 .text.ultra_obstacle_aware_apply
                0x100019e4       0x3c CMakeFiles/Recon-Rover.dir/drivers/ultrasonic.c.obj
                0x100019e4                ultra_obstacle_aware_apply
 .text.i2c_init_custom
                0x10001a20       0x38 CMakeFiles/Recon-Rover.dir/drivers/imu.c.obj
 .text.lsm303_init
                0x10001a58       0x6c CMakeFiles/Recon-Rover.dir/drivers/imu.c.obj
 .text.imu_init
                0x10001ac4       0x4c CMakeFiles/Recon-Rover.dir/drivers/imu.c.obj
                0x10001ac4                imu_init
 .text.imu_read_accel
                0x10001b10       0x84 CMakeFiles/Recon-Rover.dir/drivers/imu.c.obj
                0x10001b10                imu_read_accel
 .text.imu_read_mag
                0x10001b94       0xa4 CMakeFiles/Recon-Rover.dir/drivers/imu.c.obj
                0x10001b94                imu_read_mag
 .text.imu_calculate_heading
                0x10001c38       0x5c CMakeFiles/Recon-Rover.dir/drivers/imu.c.obj
                0x10001c38                imu_calculate_heading
 .text.imu_calculate_tilt_x
                0x10001c94       0x40 CMakeFiles/Recon-Rover.dir/drivers/imu.c.obj
                0x10001c94                imu_calculate_tilt_x
 .text.imu_calculate_tilt_y
                0x10001cd4       0x64 CMakeFiles/Recon-Rover.dir/drivers/imu.c.obj
                0x10001cd4                imu_calculate_tilt_y
 .text.uart_getc
                0x10001d38       0x24 CMakeFiles/Recon-Rover.dir/drivers/lidar.c.obj
 .text.pwm_set_chan_level
                0x10001d5c       0x38 CMakeFiles/Recon-Rover.dir/drivers/lidar.c.obj
 .text.bresenham_free
                0x10001d94       0xc4 CMakeFiles/Recon-Rover.dir/drivers/lidar.c.obj
 .text.send_command
                0x10001e58       0x2c CMakeFiles/Recon-Rover.dir/drivers/lidar.c.obj
 .text.motor_start
                0x10001e84       0x68 CMakeFiles/Recon-Rover.dir/drivers/lidar.c.obj
 .text.update_us_since_boot
                0x10001eec       0x24 CMakeFiles/Recon-Rover.dir/drivers/lidar.c.obj
 .text.get_absolute_time
                0x10001f10       0x22 CMakeFiles/Recon-Rover.dir/drivers/lidar.c.obj
 *fill*         0x10001f32        0x2 
 .text.read_exact
                0x10001f34       0x3c CMakeFiles/Recon-Rover.dir/drivers/lidar.c.obj
 .text.get_info
                0x10001f70       0x2c CMakeFiles/Recon-Rover.dir/drivers/lidar.c.obj
 .text.start_scan_internal
                0x10001f9c       0x1c CMakeFiles/Recon-Rover.dir/drivers/lidar.c.obj
 .text.read_scan_node
                0x10001fb8       0xdc CMakeFiles/Recon-Rover.dir/drivers/lidar.c.obj
 .text.world_to_cell
                0x10002094       0x4c CMakeFiles/Recon-Rover.dir/drivers/lidar.c.obj
 .text.integrate_ray
                0x100020e0      0x144 CMakeFiles/Recon-Rover.dir/drivers/lidar.c.obj
 .text.send_grid_udp_chunked
                0x10002224      0x138 CMakeFiles/Recon-Rover.dir/drivers/lidar.c.obj
 .text.lidar_init
                0x1000235c       0xec CMakeFiles/Recon-Rover.dir/drivers/lidar.c.obj
                0x1000235c                lidar_init
 .text.lidar_start_scan
                0x10002448       0x28 CMakeFiles/Recon-Rover.dir/drivers/lidar.c.obj
                0x10002448                lidar_start_scan
 .text.lidar_set_map_target
                0x10002470       0x30 CMakeFiles/Recon-Rover.dir/drivers/lidar.c.obj
                0x10002470                lidar_set_map_target
 .text.lidar_process
                0x100024a0       0xa4 CMakeFiles/Recon-Rover.dir/drivers/lidar.c.obj
                0x100024a0                lidar_process
 .text.gpio_set_function
                0x10002544       0x30 CMakeFiles/Recon-Rover.dir/C_/Program_Files/Raspberry_Pi/Pico_SDK_v1.5.1/pico-sdk/src/rp2_common/hardware_gpio/gpio.c.obj
                0x10002544                gpio_set_function
 .text.gpio_set_pulls
                0x10002574       0x34 CMakeFiles/Recon-Rover.dir/C_/Program_Files/Raspberry_Pi/Pico_SDK_v1.5.1/pico-sdk/src/rp2_common/hardware_gpio/gpio.c.obj
                0x10002574                gpio_set_pulls
 .text.gpio_set_input_hysteresis_enabled
                0x100025a8       0x30 CMakeFiles/Recon-Rover.dir/C_/Program_Files/Raspberry_Pi/Pico_SDK_v1.5.1/pico-sdk/src/rp2_common/hardware_gpio/gpio.c.obj
                0x100025a8                gpio_set_input_hysteresis_enabled
 .text.gpio_set_irq_callback
                0x100025d8       0x48 CMakeFiles/Recon-Rover.dir/C_/Program_Files/Raspberry_Pi/Pico_SDK_v1.5.1/pico-sdk/src/rp2_common/hardware_gpio/gpio.c.obj
                0x100025d8                gpio_set_irq_callback
 .text.gpio_add_raw_irq_handler_with_order_priority_masked
                0x10002620       0x40 CMakeFiles/Recon-Rover.dir/C_/Program_Files/Raspberry_Pi/Pico_SDK_v1.5.1/pico-sdk/src/rp2_common/hardware_gpio/gpio.c.obj
                0x10002620                gpio_add_raw_irq_handler_with_order_priority_masked
 .text.gpio_remove_raw_irq_handler_masked
                0x10002660       0x48 CMakeFiles/Recon-Rover.dir/C_/Program_Files/Raspberry_Pi/Pico_SDK_v1.5.1/pico-sdk/src/rp2_common/hardware_gpio/gpio.c.obj
                0x10002660                gpio_remove_raw_irq_handler_masked
 .text.gpio_acknowledge_irq
                0x100026a8       0x18 CMakeFiles/Recon-Rover.dir/C_/Program_Files/Raspberry_Pi/Pico_SDK_v1.5.1/pico-sdk/src/rp2_common/hardware_gpio/gpio.c.obj
                0x100026a8                gpio_acknowledge_irq
 .text._gpio_set_irq_enabled
                0x100026c0       0x34 CMakeFiles/Recon-Rover.dir/C_/Program_Files/Raspberry_Pi/Pico_SDK_v1.5.1/pico-sdk/src/rp2_common/hardware_gpio/gpio.c.obj
 .text.gpio_set_irq_enabled
                0x100026f4       0x20 CMakeFiles/Recon-Rover.dir/C_/Program_Files/Raspberry_Pi/Pico_SDK_v1.5.1/pico-sdk/src/rp2_common/hardware_gpio/gpio.c.obj
                0x100026f4                gpio_set_irq_enabled
 .text.gpio_set_irq_enabled_with_callback
                0x10002714       0x20 CMakeFiles/Recon-Rover.dir/C_/Program_Files/Raspberry_Pi/Pico_SDK_v1.5.1/pico-sdk/src/rp2_common/hardware_gpio/gpio.c.obj
                0x10002714                gpio_set_irq_enabled_with_callback
 .text.gpio_default_irq_handler
                0x10002734       0x98 CMakeFiles/Recon-Rover.dir/C_/Program_Files/Raspberry_Pi/Pico_SDK_v1.5.1/pico-sdk/src/rp2_common/hardware_gpio/gpio.c.obj
 .text.gpio_init
                0x100027cc       0x16 CMakeFiles/Recon-Rover.dir/C_/Program_Files/Raspberry_Pi/Pico_SDK_v1.5.1/pico-sdk/src/rp2_common/hardware_gpio/gpio.c.obj
                0x100027cc                gpio_init
 *fill*         0x100027e2        0x2 
 .text.running_on_fpga
                0x100027e4       0x14 CMakeFiles/Recon-Rover.dir/C_/Program_Files/Raspberry_Pi/Pico_SDK_v1.5.1/pico-sdk/src/rp2_common/pico_platform/platform.c.obj
                0x100027e4                running_on_fpga
 .text.hw_claim_lock
                0x100027f8       0x18 CMakeFiles/Recon-Rover.dir/C_/Program_Files/Raspberry_Pi/Pico_SDK_v1.5.1/pico-sdk/src/rp2_common/hardware_claim/claim.c.obj
                0x100027f8                hw_claim_lock
 .text.hw_claim_unlock
                0x10002810       0x14 CMakeFiles/Recon-Rover.dir/C_/Program_Files/Raspberry_Pi/Pico_SDK_v1.5.1/pico-sdk/src/rp2_common/hardware_claim/claim.c.obj
                0x10002810                hw_claim_unlock
 .text.hw_claim_or_assert
                0x10002824       0x32 CMakeFiles/Recon-Rover.dir/C_/Program_Files/Raspberry_Pi/Pico_SDK_v1.5.1/pico-sdk/src/rp2_common/hardware_claim/claim.c.obj
                0x10002824                hw_claim_or_assert
 .text.hw_claim_unused_from_range
                0x10002856       0x50 CMakeFiles/Recon-Rover.dir/C_/Program_Files/Raspberry_Pi/Pico_SDK_v1.5.1/pico-sdk/src/rp2_common/hardware_claim/claim.c.obj
                0x10002856                hw_claim_unused_from_range
 *fill*         0x100028a6        0x2 
 .text.hw_claim_clear
                0x100028a8       0x40 CMakeFiles/Recon-Rover.dir/C_/Program_Files/Raspberry_Pi/Pico_SDK_v1.5.1/pico-sdk/src/rp2_common/hardware_claim/claim.c.obj
                0x100028a8                hw_claim_clear
 .text.spin_locks_reset
                0x100028e8       0x20 CMakeFiles/Recon-Rover.dir/C_/Program_Files/Raspberry_Pi/Pico_SDK_v1.5.1/pico-sdk/src/rp2_common/hardware_sync/sync.c.obj
                0x100028e8                spin_locks_reset
 .text.next_striped_spin_lock_num
                0x10002908       0x1c CMakeFiles/Recon-Rover.dir/C_/Program_Files/Raspberry_Pi/Pico_SDK_v1.5.1/pico-sdk/src/rp2_common/hardware_sync/sync.c.obj
                0x10002908                next_striped_spin_lock_num
 .text.spin_lock_claim_unused
                0x10002924       0x24 CMakeFiles/Recon-Rover.dir/C_/Program_Files/Raspberry_Pi/Pico_SDK_v1.5.1/pico-sdk/src/rp2_common/hardware_sync/sync.c.obj
                0x10002924                spin_lock_claim_unused
 .text.set_raw_irq_handler_and_unlock
                0x10002948       0x28 CMakeFiles/Recon-Rover.dir/C_/Program_Files/Raspberry_Pi/Pico_SDK_v1.5.1/pico-sdk/src/rp2_common/hardware_irq/irq.c.obj
 .text.get_user_irq_claim_index
                0x10002970        0x6 CMakeFiles/Recon-Rover.dir/C_/Program_Files/Raspberry_Pi/Pico_SDK_v1.5.1/pico-sdk/src/rp2_common/hardware_irq/irq.c.obj
 *fill*         0x10002976        0x2 
 .text.resolve_branch
                0x10002978       0x30 CMakeFiles/Recon-Rover.dir/C_/Program_Files/Raspberry_Pi/Pico_SDK_v1.5.1/pico-sdk/src/rp2_common/hardware_irq/irq.c.obj
 .text.make_branch
                0x100029a8       0x48 CMakeFiles/Recon-Rover.dir/C_/Program_Files/Raspberry_Pi/Pico_SDK_v1.5.1/pico-sdk/src/rp2_common/hardware_irq/irq.c.obj
 .text.insert_branch_and_link
                0x100029f0       0x40 CMakeFiles/Recon-Rover.dir/C_/Program_Files/Raspberry_Pi/Pico_SDK_v1.5.1/pico-sdk/src/rp2_common/hardware_irq/irq.c.obj
 .text.irq_is_enabled
                0x10002a30       0x18 CMakeFiles/Recon-Rover.dir/C_/Program_Files/Raspberry_Pi/Pico_SDK_v1.5.1/pico-sdk/src/rp2_common/hardware_irq/irq.c.obj
                0x10002a30                irq_is_enabled
 .text.irq_set_mask_enabled
                0x10002a48       0x20 CMakeFiles/Recon-Rover.dir/C_/Program_Files/Raspberry_Pi/Pico_SDK_v1.5.1/pico-sdk/src/rp2_common/hardware_irq/irq.c.obj
                0x10002a48                irq_set_mask_enabled
 .text.irq_set_enabled
                0x10002a68        0xe CMakeFiles/Recon-Rover.dir/C_/Program_Files/Raspberry_Pi/Pico_SDK_v1.5.1/pico-sdk/src/rp2_common/hardware_irq/irq.c.obj
                0x10002a68                irq_set_enabled
 *fill*         0x10002a76        0x2 
 .text.irq_set_pending
                0x10002a78       0x10 CMakeFiles/Recon-Rover.dir/C_/Program_Files/Raspberry_Pi/Pico_SDK_v1.5.1/pico-sdk/src/rp2_common/hardware_irq/irq.c.obj
                0x10002a78                irq_set_pending
 .text.irq_get_vtable_handler
                0x10002a88       0x10 CMakeFiles/Recon-Rover.dir/C_/Program_Files/Raspberry_Pi/Pico_SDK_v1.5.1/pico-sdk/src/rp2_common/hardware_irq/irq.c.obj
                0x10002a88                irq_get_vtable_handler
 .text.irq_has_shared_handler
                0x10002a98       0x24 CMakeFiles/Recon-Rover.dir/C_/Program_Files/Raspberry_Pi/Pico_SDK_v1.5.1/pico-sdk/src/rp2_common/hardware_irq/irq.c.obj
                0x10002a98                irq_has_shared_handler
 .text.irq_set_exclusive_handler
                0x10002abc       0x54 CMakeFiles/Recon-Rover.dir/C_/Program_Files/Raspberry_Pi/Pico_SDK_v1.5.1/pico-sdk/src/rp2_common/hardware_irq/irq.c.obj
                0x10002abc                irq_set_exclusive_handler
 .text.irq_add_shared_handler
                0x10002b10      0x210 CMakeFiles/Recon-Rover.dir/C_/Program_Files/Raspberry_Pi/Pico_SDK_v1.5.1/pico-sdk/src/rp2_common/hardware_irq/irq.c.obj
                0x10002b10                irq_add_shared_handler
 .text.irq_remove_handler
                0x10002d20      0x188 CMakeFiles/Recon-Rover.dir/C_/Program_Files/Raspberry_Pi/Pico_SDK_v1.5.1/pico-sdk/src/rp2_common/hardware_irq/irq.c.obj
                0x10002d20                irq_remove_handler
 .text.irq_set_priority
                0x10002ea8       0x28 CMakeFiles/Recon-Rover.dir/C_/Program_Files/Raspberry_Pi/Pico_SDK_v1.5.1/pico-sdk/src/rp2_common/hardware_irq/irq.c.obj
                0x10002ea8                irq_set_priority
 .text.irq_add_tail_to_free_list
                0x10002ed0       0xf0 CMakeFiles/Recon-Rover.dir/C_/Program_Files/Raspberry_Pi/Pico_SDK_v1.5.1/pico-sdk/src/rp2_common/hardware_irq/irq.c.obj
                0x10002ed0                irq_add_tail_to_free_list
 .text.irq_init_priorities
                0x10002fc0       0x1c CMakeFiles/Recon-Rover.dir/C_/Program_Files/Raspberry_Pi/Pico_SDK_v1.5.1/pico-sdk/src/rp2_common/hardware_irq/irq.c.obj
                0x10002fc0                irq_init_priorities
 .text.user_irq_unclaim
                0x10002fdc       0x18 CMakeFiles/Recon-Rover.dir/C_/Program_Files/Raspberry_Pi/Pico_SDK_v1.5.1/pico-sdk/src/rp2_common/hardware_irq/irq.c.obj
                0x10002fdc                user_irq_unclaim
 .text.user_irq_claim_unused
                0x10002ff4       0x2c CMakeFiles/Recon-Rover.dir/C_/Program_Files/Raspberry_Pi/Pico_SDK_v1.5.1/pico-sdk/src/rp2_common/hardware_irq/irq.c.obj
                0x10002ff4                user_irq_claim_unused
 .text.sem_init
                0x10003020       0x1e CMakeFiles/Recon-Rover.dir/C_/Program_Files/Raspberry_Pi/Pico_SDK_v1.5.1/pico-sdk/src/common/pico_sync/sem.c.obj
                0x10003020                sem_init
 *fill*         0x1000303e        0x2 
 .text.lock_init
                0x10003040       0x10 CMakeFiles/Recon-Rover.dir/C_/Program_Files/Raspberry_Pi/Pico_SDK_v1.5.1/pico-sdk/src/common/pico_sync/lock_core.c.obj
                0x10003040                lock_init
 .text.update_us_since_boot
                0x10003050       0x24 CMakeFiles/Recon-Rover.dir/C_/Program_Files/Raspberry_Pi/Pico_SDK_v1.5.1/pico-sdk/src/common/pico_sync/mutex.c.obj
 .text.delayed_by_ms
                0x10003074       0x44 CMakeFiles/Recon-Rover.dir/C_/Program_Files/Raspberry_Pi/Pico_SDK_v1.5.1/pico-sdk/src/common/pico_sync/mutex.c.obj
 .text.get_absolute_time
                0x100030b8       0x22 CMakeFiles/Recon-Rover.dir/C_/Program_Files/Raspberry_Pi/Pico_SDK_v1.5.1/pico-sdk/src/common/pico_sync/mutex.c.obj
 .text.make_timeout_time_ms
                0x100030da       0x20 CMakeFiles/Recon-Rover.dir/C_/Program_Files/Raspberry_Pi/Pico_SDK_v1.5.1/pico-sdk/src/common/pico_sync/mutex.c.obj
 .text.mutex_init
                0x100030fa       0x1a CMakeFiles/Recon-Rover.dir/C_/Program_Files/Raspberry_Pi/Pico_SDK_v1.5.1/pico-sdk/src/common/pico_sync/mutex.c.obj
                0x100030fa                mutex_init
 .text.recursive_mutex_init
                0x10003114       0x1e CMakeFiles/Recon-Rover.dir/C_/Program_Files/Raspberry_Pi/Pico_SDK_v1.5.1/pico-sdk/src/common/pico_sync/mutex.c.obj
                0x10003114                recursive_mutex_init
 *fill*         0x10003132        0x2 
 .text.critical_section_init_with_lock_num
                0x10003134       0x14 CMakeFiles/Recon-Rover.dir/C_/Program_Files/Raspberry_Pi/Pico_SDK_v1.5.1/pico-sdk/src/common/pico_sync/critical_section.c.obj
                0x10003134                critical_section_init_with_lock_num
 .text.critical_section_init
                0x10003148       0x14 CMakeFiles/Recon-Rover.dir/C_/Program_Files/Raspberry_Pi/Pico_SDK_v1.5.1/pico-sdk/src/common/pico_sync/critical_section.c.obj
                0x10003148                critical_section_init
 .text.time_reached
                0x1000315c       0x28 CMakeFiles/Recon-Rover.dir/C_/Program_Files/Raspberry_Pi/Pico_SDK_v1.5.1/pico-sdk/src/common/pico_time/time.c.obj
 .text.get_entry
                0x10003184       0x38 CMakeFiles/Recon-Rover.dir/C_/Program_Files/Raspberry_Pi/Pico_SDK_v1.5.1/pico-sdk/src/common/pico_time/time.c.obj
 .text.timer_pool_entry_comparator
                0x100031bc       0x2e CMakeFiles/Recon-Rover.dir/C_/Program_Files/Raspberry_Pi/Pico_SDK_v1.5.1/pico-sdk/src/common/pico_time/time.c.obj
                0x100031bc                timer_pool_entry_comparator
 *fill*         0x100031ea        0x2 
 .text.update_us_since_boot
                0x100031ec       0x24 CMakeFiles/Recon-Rover.dir/C_/Program_Files/Raspberry_Pi/Pico_SDK_v1.5.1/pico-sdk/src/common/pico_time/time.c.obj
 .text.delayed_by_us
                0x10003210       0x34 CMakeFiles/Recon-Rover.dir/C_/Program_Files/Raspberry_Pi/Pico_SDK_v1.5.1/pico-sdk/src/common/pico_time/time.c.obj
 .text.ph_get_node
                0x10003244       0x30 CMakeFiles/Recon-Rover.dir/C_/Program_Files/Raspberry_Pi/Pico_SDK_v1.5.1/pico-sdk/src/common/pico_time/time.c.obj
 .text.ph_contains_node
                0x10003274       0x1e CMakeFiles/Recon-Rover.dir/C_/Program_Files/Raspberry_Pi/Pico_SDK_v1.5.1/pico-sdk/src/common/pico_time/time.c.obj
 .text.ph_new_node
                0x10003292       0x28 CMakeFiles/Recon-Rover.dir/C_/Program_Files/Raspberry_Pi/Pico_SDK_v1.5.1/pico-sdk/src/common/pico_time/time.c.obj
 *fill*         0x100032ba        0x2 
 .text.ph_add_child_node
                0x100032bc       0x6c CMakeFiles/Recon-Rover.dir/C_/Program_Files/Raspberry_Pi/Pico_SDK_v1.5.1/pico-sdk/src/common/pico_time/time.c.obj
 .text.ph_merge_nodes
                0x10003328       0x3e CMakeFiles/Recon-Rover.dir/C_/Program_Files/Raspberry_Pi/Pico_SDK_v1.5.1/pico-sdk/src/common/pico_time/time.c.obj
 *fill*         0x10003366        0x2 
 .text.ph_insert_node
                0x10003368       0x3c CMakeFiles/Recon-Rover.dir/C_/Program_Files/Raspberry_Pi/Pico_SDK_v1.5.1/pico-sdk/src/common/pico_time/time.c.obj
 .text.ph_free_node
                0x100033a4       0x5c CMakeFiles/Recon-Rover.dir/C_/Program_Files/Raspberry_Pi/Pico_SDK_v1.5.1/pico-sdk/src/common/pico_time/time.c.obj
 .text.get_entry_id_high
                0x10003400       0x30 CMakeFiles/Recon-Rover.dir/C_/Program_Files/Raspberry_Pi/Pico_SDK_v1.5.1/pico-sdk/src/common/pico_time/time.c.obj
 .text.repeating_timer_callback
                0x10003430       0x40 CMakeFiles/Recon-Rover.dir/C_/Program_Files/Raspberry_Pi/Pico_SDK_v1.5.1/pico-sdk/src/common/pico_time/time.c.obj
 .text.alarm_pool_post_alloc_init
                0x10003470       0x40 CMakeFiles/Recon-Rover.dir/C_/Program_Files/Raspberry_Pi/Pico_SDK_v1.5.1/pico-sdk/src/common/pico_time/time.c.obj
 .text.sleep_until_callback
                0x100034b0       0x30 CMakeFiles/Recon-Rover.dir/C_/Program_Files/Raspberry_Pi/Pico_SDK_v1.5.1/pico-sdk/src/common/pico_time/time.c.obj
 .text.get_absolute_time
                0x100034e0       0x22 CMakeFiles/Recon-Rover.dir/C_/Program_Files/Raspberry_Pi/Pico_SDK_v1.5.1/pico-sdk/src/common/pico_time/time.c.obj
 .text.make_timeout_time_us
                0x10003502       0x24 CMakeFiles/Recon-Rover.dir/C_/Program_Files/Raspberry_Pi/Pico_SDK_v1.5.1/pico-sdk/src/common/pico_time/time.c.obj
 *fill*         0x10003526        0x2 
 .text.add_alarm_under_lock
                0x10003528       0x94 CMakeFiles/Recon-Rover.dir/C_/Program_Files/Raspberry_Pi/Pico_SDK_v1.5.1/pico-sdk/src/common/pico_time/time.c.obj
 .text.alarm_pool_alarm_callback
                0x100035bc      0x210 CMakeFiles/Recon-Rover.dir/C_/Program_Files/Raspberry_Pi/Pico_SDK_v1.5.1/pico-sdk/src/common/pico_time/time.c.obj
 .text.alarm_pool_init_default
                0x100037cc       0x40 CMakeFiles/Recon-Rover.dir/C_/Program_Files/Raspberry_Pi/Pico_SDK_v1.5.1/pico-sdk/src/common/pico_time/time.c.obj
                0x100037cc                alarm_pool_init_default
 .text.alarm_pool_get_default
                0x1000380c       0x2c CMakeFiles/Recon-Rover.dir/C_/Program_Files/Raspberry_Pi/Pico_SDK_v1.5.1/pico-sdk/src/common/pico_time/time.c.obj
                0x1000380c                alarm_pool_get_default
 .text.alarm_pool_add_alarm_at
                0x10003838      0x11c CMakeFiles/Recon-Rover.dir/C_/Program_Files/Raspberry_Pi/Pico_SDK_v1.5.1/pico-sdk/src/common/pico_time/time.c.obj
                0x10003838                alarm_pool_add_alarm_at
 .text.add_alarm_at
                0x10003954       0x2e CMakeFiles/Recon-Rover.dir/C_/Program_Files/Raspberry_Pi/Pico_SDK_v1.5.1/pico-sdk/src/common/pico_time/time.c.obj
 *fill*         0x10003982        0x2 
 .text.alarm_pool_cancel_alarm
                0x10003984       0xa8 CMakeFiles/Recon-Rover.dir/C_/Program_Files/Raspberry_Pi/Pico_SDK_v1.5.1/pico-sdk/src/common/pico_time/time.c.obj
                0x10003984                alarm_pool_cancel_alarm
 .text.cancel_alarm
                0x10003a2c       0x10 CMakeFiles/Recon-Rover.dir/C_/Program_Files/Raspberry_Pi/Pico_SDK_v1.5.1/pico-sdk/src/common/pico_time/time.c.obj
 .text.alarm_pool_core_num
                0x10003a3c        0x4 CMakeFiles/Recon-Rover.dir/C_/Program_Files/Raspberry_Pi/Pico_SDK_v1.5.1/pico-sdk/src/common/pico_time/time.c.obj
                0x10003a3c                alarm_pool_core_num
 .text.alarm_pool_add_repeating_timer_us
                0x10003a40       0x5c CMakeFiles/Recon-Rover.dir/C_/Program_Files/Raspberry_Pi/Pico_SDK_v1.5.1/pico-sdk/src/common/pico_time/time.c.obj
                0x10003a40                alarm_pool_add_repeating_timer_us
 .text.sleep_until
                0x10003a9c       0xb0 CMakeFiles/Recon-Rover.dir/C_/Program_Files/Raspberry_Pi/Pico_SDK_v1.5.1/pico-sdk/src/common/pico_time/time.c.obj
                0x10003a9c                sleep_until
 .text.sleep_us
                0x10003b4c       0x1a CMakeFiles/Recon-Rover.dir/C_/Program_Files/Raspberry_Pi/Pico_SDK_v1.5.1/pico-sdk/src/common/pico_time/time.c.obj
                0x10003b4c                sleep_us
 .text.sleep_ms
                0x10003b66       0x14 CMakeFiles/Recon-Rover.dir/C_/Program_Files/Raspberry_Pi/Pico_SDK_v1.5.1/pico-sdk/src/common/pico_time/time.c.obj
                0x10003b66                sleep_ms
 *fill*         0x10003b7a        0x2 
 .text.best_effort_wfe_or_timeout
                0x10003b7c       0x44 CMakeFiles/Recon-Rover.dir/C_/Program_Files/Raspberry_Pi/Pico_SDK_v1.5.1/pico-sdk/src/common/pico_time/time.c.obj
                0x10003b7c                best_effort_wfe_or_timeout
 .text.update_us_since_boot
                0x10003bc0       0x24 CMakeFiles/Recon-Rover.dir/C_/Program_Files/Raspberry_Pi/Pico_SDK_v1.5.1/pico-sdk/src/rp2_common/hardware_timer/timer.c.obj
 .text.hardware_alarm_irq_handler
                0x10003be4       0x8c CMakeFiles/Recon-Rover.dir/C_/Program_Files/Raspberry_Pi/Pico_SDK_v1.5.1/pico-sdk/src/rp2_common/hardware_timer/timer.c.obj
 .text.hardware_alarm_claim
                0x10003c70       0x18 CMakeFiles/Recon-Rover.dir/C_/Program_Files/Raspberry_Pi/Pico_SDK_v1.5.1/pico-sdk/src/rp2_common/hardware_timer/timer.c.obj
                0x10003c70                hardware_alarm_claim
 .text.time_us_64
                0x10003c88       0x18 CMakeFiles/Recon-Rover.dir/C_/Program_Files/Raspberry_Pi/Pico_SDK_v1.5.1/pico-sdk/src/rp2_common/hardware_timer/timer.c.obj
                0x10003c88                time_us_64
 .text.busy_wait_until
                0x10003ca0       0x28 CMakeFiles/Recon-Rover.dir/C_/Program_Files/Raspberry_Pi/Pico_SDK_v1.5.1/pico-sdk/src/rp2_common/hardware_timer/timer.c.obj
                0x10003ca0                busy_wait_until
 .text.busy_wait_us
                0x10003cc8       0x3a CMakeFiles/Recon-Rover.dir/C_/Program_Files/Raspberry_Pi/Pico_SDK_v1.5.1/pico-sdk/src/rp2_common/hardware_timer/timer.c.obj
                0x10003cc8                busy_wait_us
 *fill*         0x10003d02        0x2 
 .text.hardware_alarm_set_callback
                0x10003d04       0x90 CMakeFiles/Recon-Rover.dir/C_/Program_Files/Raspberry_Pi/Pico_SDK_v1.5.1/pico-sdk/src/rp2_common/hardware_timer/timer.c.obj
                0x10003d04                hardware_alarm_set_callback
 .text.hardware_alarm_set_target
                0x10003d94       0xe8 CMakeFiles/Recon-Rover.dir/C_/Program_Files/Raspberry_Pi/Pico_SDK_v1.5.1/pico-sdk/src/rp2_common/hardware_timer/timer.c.obj
                0x10003d94                hardware_alarm_set_target
 .text.hardware_alarm_cancel
                0x10003e7c       0x40 CMakeFiles/Recon-Rover.dir/C_/Program_Files/Raspberry_Pi/Pico_SDK_v1.5.1/pico-sdk/src/rp2_common/hardware_timer/timer.c.obj
                0x10003e7c                hardware_alarm_cancel
 .text.ph_get_node
                0x10003ebc       0x30 CMakeFiles/Recon-Rover.dir/C_/Program_Files/Raspberry_Pi/Pico_SDK_v1.5.1/pico-sdk/src/common/pico_util/pheap.c.obj
 .text.ph_add_child_node
                0x10003eec       0x6c CMakeFiles/Recon-Rover.dir/C_/Program_Files/Raspberry_Pi/Pico_SDK_v1.5.1/pico-sdk/src/common/pico_util/pheap.c.obj
 .text.ph_merge_nodes
                0x10003f58       0x3e CMakeFiles/Recon-Rover.dir/C_/Program_Files/Raspberry_Pi/Pico_SDK_v1.5.1/pico-sdk/src/common/pico_util/pheap.c.obj
 .text.ph_clear
                0x10003f96       0x34 CMakeFiles/Recon-Rover.dir/C_/Program_Files/Raspberry_Pi/Pico_SDK_v1.5.1/pico-sdk/src/common/pico_util/pheap.c.obj
                0x10003f96                ph_clear
 .text.ph_post_alloc_init
                0x10003fca        0xe CMakeFiles/Recon-Rover.dir/C_/Program_Files/Raspberry_Pi/Pico_SDK_v1.5.1/pico-sdk/src/common/pico_util/pheap.c.obj
                0x10003fca                ph_post_alloc_init
 .text.ph_merge_two_pass
                0x10003fd8       0x5c CMakeFiles/Recon-Rover.dir/C_/Program_Files/Raspberry_Pi/Pico_SDK_v1.5.1/pico-sdk/src/common/pico_util/pheap.c.obj
                0x10003fd8                ph_merge_two_pass
 .text.ph_remove_any_head
                0x10004034       0xc0 CMakeFiles/Recon-Rover.dir/C_/Program_Files/Raspberry_Pi/Pico_SDK_v1.5.1/pico-sdk/src/common/pico_util/pheap.c.obj
 .text.ph_remove_head
                0x100040f4       0x14 CMakeFiles/Recon-Rover.dir/C_/Program_Files/Raspberry_Pi/Pico_SDK_v1.5.1/pico-sdk/src/common/pico_util/pheap.c.obj
                0x100040f4                ph_remove_head
 .text.ph_remove_and_free_node
                0x10004108       0xa0 CMakeFiles/Recon-Rover.dir/C_/Program_Files/Raspberry_Pi/Pico_SDK_v1.5.1/pico-sdk/src/common/pico_util/pheap.c.obj
                0x10004108                ph_remove_and_free_node
 .text.uart_disable_before_lcr_write
                0x100041a8       0x48 CMakeFiles/Recon-Rover.dir/C_/Program_Files/Raspberry_Pi/Pico_SDK_v1.5.1/pico-sdk/src/rp2_common/hardware_uart/uart.c.obj
 .text.uart_write_lcr_bits_masked
                0x100041f0       0x22 CMakeFiles/Recon-Rover.dir/C_/Program_Files/Raspberry_Pi/Pico_SDK_v1.5.1/pico-sdk/src/rp2_common/hardware_uart/uart.c.obj
 *fill*         0x10004212        0x2 
 .text.uart_set_baudrate
                0x10004214       0x5c CMakeFiles/Recon-Rover.dir/C_/Program_Files/Raspberry_Pi/Pico_SDK_v1.5.1/pico-sdk/src/rp2_common/hardware_uart/uart.c.obj
                0x10004214                uart_set_baudrate
 .text.uart_set_format
                0x10004270       0x2c CMakeFiles/Recon-Rover.dir/C_/Program_Files/Raspberry_Pi/Pico_SDK_v1.5.1/pico-sdk/src/rp2_common/hardware_uart/uart.c.obj
                0x10004270                uart_set_format
 .text.uart_set_fifo_enabled
                0x1000429c       0x10 CMakeFiles/Recon-Rover.dir/C_/Program_Files/Raspberry_Pi/Pico_SDK_v1.5.1/pico-sdk/src/rp2_common/hardware_uart/uart.c.obj
                0x1000429c                uart_set_fifo_enabled
 .text.uart_set_translate_crlf
                0x100042ac       0x28 CMakeFiles/Recon-Rover.dir/C_/Program_Files/Raspberry_Pi/Pico_SDK_v1.5.1/pico-sdk/src/rp2_common/hardware_uart/uart.c.obj
                0x100042ac                uart_set_translate_crlf
 .text.uart_init
                0x100042d4       0x84 CMakeFiles/Recon-Rover.dir/C_/Program_Files/Raspberry_Pi/Pico_SDK_v1.5.1/pico-sdk/src/rp2_common/hardware_uart/uart.c.obj
                0x100042d4                uart_init
 .text.uart_is_readable_within_us
                0x10004358       0x20 CMakeFiles/Recon-Rover.dir/C_/Program_Files/Raspberry_Pi/Pico_SDK_v1.5.1/pico-sdk/src/rp2_common/hardware_uart/uart.c.obj
                0x10004358                uart_is_readable_within_us
 .text.clock_configure
                0x10004378      0x108 CMakeFiles/Recon-Rover.dir/C_/Program_Files/Raspberry_Pi/Pico_SDK_v1.5.1/pico-sdk/src/rp2_common/hardware_clocks/clocks.c.obj
                0x10004378                clock_configure
 .text.clocks_init
                0x10004480      0x100 CMakeFiles/Recon-Rover.dir/C_/Program_Files/Raspberry_Pi/Pico_SDK_v1.5.1/pico-sdk/src/rp2_common/hardware_clocks/clocks.c.obj
                0x10004480                clocks_init
 .text.clock_get_hz
                0x10004580        0xc CMakeFiles/Recon-Rover.dir/C_/Program_Files/Raspberry_Pi/Pico_SDK_v1.5.1/pico-sdk/src/rp2_common/hardware_clocks/clocks.c.obj
                0x10004580                clock_get_hz
 .text.pll_init
                0x1000458c      0x120 CMakeFiles/Recon-Rover.dir/C_/Program_Files/Raspberry_Pi/Pico_SDK_v1.5.1/pico-sdk/src/rp2_common/hardware_pll/pll.c.obj
                0x1000458c                pll_init
 .text.watchdog_start_tick
                0x100046ac       0x10 CMakeFiles/Recon-Rover.dir/C_/Program_Files/Raspberry_Pi/Pico_SDK_v1.5.1/pico-sdk/src/rp2_common/hardware_watchdog/watchdog.c.obj
                0x100046ac                watchdog_start_tick
 .text.watchdog_update
                0x100046bc       0x14 CMakeFiles/Recon-Rover.dir/C_/Program_Files/Raspberry_Pi/Pico_SDK_v1.5.1/pico-sdk/src/rp2_common/hardware_watchdog/watchdog.c.obj
                0x100046bc                watchdog_update
 .text._watchdog_enable
                0x100046d0       0x78 CMakeFiles/Recon-Rover.dir/C_/Program_Files/Raspberry_Pi/Pico_SDK_v1.5.1/pico-sdk/src/rp2_common/hardware_watchdog/watchdog.c.obj
                0x100046d0                _watchdog_enable
 .text.watchdog_reboot
                0x10004748       0x48 CMakeFiles/Recon-Rover.dir/C_/Program_Files/Raspberry_Pi/Pico_SDK_v1.5.1/pico-sdk/src/rp2_common/hardware_watchdog/watchdog.c.obj
                0x10004748                watchdog_reboot
 .text.xosc_init
                0x10004790       0x28 CMakeFiles/Recon-Rover.dir/C_/Program_Files/Raspberry_Pi/Pico_SDK_v1.5.1/pico-sdk/src/rp2_common/hardware_xosc/xosc.c.obj
                0x10004790                xosc_init
 .text._exit    0x100047b8        0x4 CMakeFiles/Recon-Rover.dir/C_/Program_Files/Raspberry_Pi/Pico_SDK_v1.5.1/pico-sdk/src/rp2_common/pico_runtime/runtime.c.obj
                0x100047b8                _exit
 .text.exit     0x100047bc        0x6 CMakeFiles/Recon-Rover.dir/C_/Program_Files/Raspberry_Pi/Pico_SDK_v1.5.1/pico-sdk/src/rp2_common/pico_runtime/runtime.c.obj
                0x100047bc                exit
 *fill*         0x100047c2        0x2 
 .text.__assert_func
                0x100047c4       0x38 CMakeFiles/Recon-Rover.dir/C_/Program_Files/Raspberry_Pi/Pico_SDK_v1.5.1/pico-sdk/src/rp2_common/pico_runtime/runtime.c.obj
                0x100047c4                __assert_func
 .text.runtime_init
                0x100047fc       0xf8 CMakeFiles/Recon-Rover.dir/C_/Program_Files/Raspberry_Pi/Pico_SDK_v1.5.1/pico-sdk/src/rp2_common/pico_runtime/runtime.c.obj
                0x100047fc                runtime_init
 .text.panic    0x100048f4       0x30 CMakeFiles/Recon-Rover.dir/C_/Program_Files/Raspberry_Pi/Pico_SDK_v1.5.1/pico-sdk/src/rp2_common/pico_runtime/runtime.c.obj
                0x100048f4                panic
 .text.panic_unsupported
                0x10004924        0xc CMakeFiles/Recon-Rover.dir/C_/Program_Files/Raspberry_Pi/Pico_SDK_v1.5.1/pico-sdk/src/rp2_common/pico_runtime/runtime.c.obj
                0x10004924                panic_unsupported
 .text._out_buffer
                0x10004930        0x8 CMakeFiles/Recon-Rover.dir/C_/Program_Files/Raspberry_Pi/Pico_SDK_v1.5.1/pico-sdk/src/rp2_common/pico_printf/printf.c.obj
 .text._out_null
                0x10004938        0x2 CMakeFiles/Recon-Rover.dir/C_/Program_Files/Raspberry_Pi/Pico_SDK_v1.5.1/pico-sdk/src/rp2_common/pico_printf/printf.c.obj
 .text._out_fct
                0x1000493a        0xe CMakeFiles/Recon-Rover.dir/C_/Program_Files/Raspberry_Pi/Pico_SDK_v1.5.1/pico-sdk/src/rp2_common/pico_printf/printf.c.obj
 .text._atoi    0x10004948       0x24 CMakeFiles/Recon-Rover.dir/C_/Program_Files/Raspberry_Pi/Pico_SDK_v1.5.1/pico-sdk/src/rp2_common/pico_printf/printf.c.obj
 .text._out_rev
                0x1000496c       0xb0 CMakeFiles/Recon-Rover.dir/C_/Program_Files/Raspberry_Pi/Pico_SDK_v1.5.1/pico-sdk/src/rp2_common/pico_printf/printf.c.obj
 .text._ntoa_format
                0x10004a1c      0x10e CMakeFiles/Recon-Rover.dir/C_/Program_Files/Raspberry_Pi/Pico_SDK_v1.5.1/pico-sdk/src/rp2_common/pico_printf/printf.c.obj
 .text._ntoa_long
                0x10004b2a       0xbc CMakeFiles/Recon-Rover.dir/C_/Program_Files/Raspberry_Pi/Pico_SDK_v1.5.1/pico-sdk/src/rp2_common/pico_printf/printf.c.obj
 .text._ntoa_long_long
                0x10004be6      0x10e CMakeFiles/Recon-Rover.dir/C_/Program_Files/Raspberry_Pi/Pico_SDK_v1.5.1/pico-sdk/src/rp2_common/pico_printf/printf.c.obj
 .text._etoa    0x10004cf4      0x424 CMakeFiles/Recon-Rover.dir/C_/Program_Files/Raspberry_Pi/Pico_SDK_v1.5.1/pico-sdk/src/rp2_common/pico_printf/printf.c.obj
 .text._ftoa    0x10005118      0x348 CMakeFiles/Recon-Rover.dir/C_/Program_Files/Raspberry_Pi/Pico_SDK_v1.5.1/pico-sdk/src/rp2_common/pico_printf/printf.c.obj
 .text._vsnprintf
                0x10005460      0x6a4 CMakeFiles/Recon-Rover.dir/C_/Program_Files/Raspberry_Pi/Pico_SDK_v1.5.1/pico-sdk/src/rp2_common/pico_printf/printf.c.obj
 .text.__wrap_snprintf
                0x10005b04       0x28 CMakeFiles/Recon-Rover.dir/C_/Program_Files/Raspberry_Pi/Pico_SDK_v1.5.1/pico-sdk/src/rp2_common/pico_printf/printf.c.obj
                0x10005b04                __wrap_snprintf
 .text.vfctprintf
                0x10005b2c       0x24 CMakeFiles/Recon-Rover.dir/C_/Program_Files/Raspberry_Pi/Pico_SDK_v1.5.1/pico-sdk/src/rp2_common/pico_printf/printf.c.obj
                0x10005b2c                vfctprintf
 .text          0x10005b50       0x10 CMakeFiles/Recon-Rover.dir/C_/Program_Files/Raspberry_Pi/Pico_SDK_v1.5.1/pico-sdk/src/rp2_common/pico_bit_ops/bit_ops_aeabi.S.obj
 .text.ctzsi    0x10005b60        0xc CMakeFiles/Recon-Rover.dir/C_/Program_Files/Raspberry_Pi/Pico_SDK_v1.5.1/pico-sdk/src/rp2_common/pico_bit_ops/bit_ops_aeabi.S.obj
                0x10005b60                __wrap___ctzsi2
 .text.rom_func_lookup
                0x10005b6c       0x10 CMakeFiles/Recon-Rover.dir/C_/Program_Files/Raspberry_Pi/Pico_SDK_v1.5.1/pico-sdk/src/rp2_common/pico_bootrom/bootrom.c.obj
                0x10005b6c                rom_func_lookup
 .text.rom_data_lookup
                0x10005b7c       0x10 CMakeFiles/Recon-Rover.dir/C_/Program_Files/Raspberry_Pi/Pico_SDK_v1.5.1/pico-sdk/src/rp2_common/pico_bootrom/bootrom.c.obj
                0x10005b7c                rom_data_lookup
 .text.rom_funcs_lookup
                0x10005b8c       0x36 CMakeFiles/Recon-Rover.dir/C_/Program_Files/Raspberry_Pi/Pico_SDK_v1.5.1/pico-sdk/src/rp2_common/pico_bootrom/bootrom.c.obj
                0x10005b8c                rom_funcs_lookup
 *fill*         0x10005bc2        0x2 
 .text.__wrap___aeabi_idiv
                0x10005bc4       0x50 CMakeFiles/Recon-Rover.dir/C_/Program_Files/Raspberry_Pi/Pico_SDK_v1.5.1/pico-sdk/src/rp2_common/pico_divider/divider.S.obj
                0x10005bc4                __wrap___aeabi_idivmod
                0x10005bc4                divmod_s32s32
                0x10005bc4                div_s32s32
                0x10005bc4                __wrap___aeabi_idiv
                0x10005bcc                divmod_s32s32_unsafe
                0x10005bf8                divmod_s32s32_savestate
 .text.__wrap___aeabi_uidiv
                0x10005c14       0x4c CMakeFiles/Recon-Rover.dir/C_/Program_Files/Raspberry_Pi/Pico_SDK_v1.5.1/pico-sdk/src/rp2_common/pico_divider/divider.S.obj
                0x10005c14                __wrap___aeabi_uidiv
                0x10005c14                __wrap___aeabi_uidivmod
                0x10005c14                div_u32u32
                0x10005c14                divmod_u32u32
                0x10005c1c                divmod_u32u32_unsafe
                0x10005c44                divmod_u32u32_savestate
 .text.__wrap___aeabi_ldiv
                0x10005c60      0x424 CMakeFiles/Recon-Rover.dir/C_/Program_Files/Raspberry_Pi/Pico_SDK_v1.5.1/pico-sdk/src/rp2_common/pico_divider/divider.S.obj
                0x10005c60                div_s64s64
                0x10005c60                divmod_s64s64
                0x10005c60                __wrap___aeabi_ldivmod
                0x10005c90                divmod_u64u64
                0x10005c90                div_u64u64
                0x10005c90                __wrap___aeabi_uldivmod
                0x10005ca0                divmod_u64u64_savestate
                0x10005cc0                divmod_s64s64_unsafe
                0x10005d48                divmod_u64u64_unsafe
 .text.__wrap___aeabi_darithmetic
                0x10006084       0x60 CMakeFiles/Recon-Rover.dir/C_/Program_Files/Raspberry_Pi/Pico_SDK_v1.5.1/pico-sdk/src/rp2_common/pico_double/double_aeabi.S.obj
                0x10006084                __wrap___aeabi_drsub
                0x1000608a                __wrap___aeabi_dsub
                0x10006094                __wrap___aeabi_dadd
                0x1000609e                __wrap___aeabi_ddiv
                0x100060d2                __wrap___aeabi_dmul
 .text.__wrap___aeabi_cdcmple
                0x100060e4       0x6c CMakeFiles/Recon-Rover.dir/C_/Program_Files/Raspberry_Pi/Pico_SDK_v1.5.1/pico-sdk/src/rp2_common/pico_double/double_aeabi.S.obj
                0x100060e4                __wrap___aeabi_cdrcmple
                0x100060f4                __wrap___aeabi_cdcmpeq
                0x100060f4                __wrap___aeabi_cdcmple
 .text.__wrap___aeabi_dcmplt
                0x10006150        0xc CMakeFiles/Recon-Rover.dir/C_/Program_Files/Raspberry_Pi/Pico_SDK_v1.5.1/pico-sdk/src/rp2_common/pico_double/double_aeabi.S.obj
                0x10006150                __wrap___aeabi_dcmplt
 .text.__wrap___aeabi_dcmple
                0x1000615c       0x10 CMakeFiles/Recon-Rover.dir/C_/Program_Files/Raspberry_Pi/Pico_SDK_v1.5.1/pico-sdk/src/rp2_common/pico_double/double_aeabi.S.obj
                0x1000615c                __wrap___aeabi_dcmple
 .text.__wrap___aeabi_dcmpge
                0x1000616c       0x10 CMakeFiles/Recon-Rover.dir/C_/Program_Files/Raspberry_Pi/Pico_SDK_v1.5.1/pico-sdk/src/rp2_common/pico_double/double_aeabi.S.obj
                0x1000616c                __wrap___aeabi_dcmpge
 .text.__wrap___aeabi_dcmpgt
                0x1000617c        0xa CMakeFiles/Recon-Rover.dir/C_/Program_Files/Raspberry_Pi/Pico_SDK_v1.5.1/pico-sdk/src/rp2_common/pico_double/double_aeabi.S.obj
                0x1000617c                __wrap___aeabi_dcmpgt
 .text.__wrap___aeabi_dcmpun
                0x10006186       0x1c CMakeFiles/Recon-Rover.dir/C_/Program_Files/Raspberry_Pi/Pico_SDK_v1.5.1/pico-sdk/src/rp2_common/pico_double/double_aeabi.S.obj
                0x10006186                __wrap___aeabi_dcmpun
 *fill*         0x100061a2        0x2 
 .text.__wrap___aeabi_i2d
                0x100061a4       0x38 CMakeFiles/Recon-Rover.dir/C_/Program_Files/Raspberry_Pi/Pico_SDK_v1.5.1/pico-sdk/src/rp2_common/pico_double/double_aeabi.S.obj
                0x100061a4                __wrap___aeabi_ui2d
                0x100061ac                __wrap___aeabi_i2d
 .text.__wrap___aeabi_d2iz
                0x100061dc       0x48 CMakeFiles/Recon-Rover.dir/C_/Program_Files/Raspberry_Pi/Pico_SDK_v1.5.1/pico-sdk/src/rp2_common/pico_double/double_aeabi.S.obj
                0x100061dc                double2int_z
                0x100061dc                __wrap___aeabi_d2iz
 .text.__wrap___aeabi_d2uiz
                0x10006224       0x10 CMakeFiles/Recon-Rover.dir/C_/Program_Files/Raspberry_Pi/Pico_SDK_v1.5.1/pico-sdk/src/rp2_common/pico_double/double_aeabi.S.obj
                0x10006224                __wrap___aeabi_d2uiz
                0x10006224                double2uint
 .text.__wrap___aeabi_d2f
                0x10006234       0x10 CMakeFiles/Recon-Rover.dir/C_/Program_Files/Raspberry_Pi/Pico_SDK_v1.5.1/pico-sdk/src/rp2_common/pico_double/double_aeabi.S.obj
                0x10006234                __wrap___aeabi_d2f
 .text.__wrap_srqt
                0x10006244       0x10 CMakeFiles/Recon-Rover.dir/C_/Program_Files/Raspberry_Pi/Pico_SDK_v1.5.1/pico-sdk/src/rp2_common/pico_double/double_aeabi.S.obj
                0x10006244                __wrap_sqrt
 .text.__wrap_atan2
                0x10006254       0x10 CMakeFiles/Recon-Rover.dir/C_/Program_Files/Raspberry_Pi/Pico_SDK_v1.5.1/pico-sdk/src/rp2_common/pico_double/double_aeabi.S.obj
                0x10006254                __wrap_atan2
 .text.missing_double_func_shim
                0x10006264        0xc CMakeFiles/Recon-Rover.dir/C_/Program_Files/Raspberry_Pi/Pico_SDK_v1.5.1/pico-sdk/src/rp2_common/pico_double/double_init_rom.c.obj
 .text.__aeabi_double_init
                0x10006270       0xd0 CMakeFiles/Recon-Rover.dir/C_/Program_Files/Raspberry_Pi/Pico_SDK_v1.5.1/pico-sdk/src/rp2_common/pico_double/double_init_rom.c.obj
                0x10006270                __aeabi_double_init
 .text.double_table_shim_on_use_helper
                0x10006340       0x34 CMakeFiles/Recon-Rover.dir/ae783cfadb10a0055c655bcf0b179659/pico-sdk/src/rp2_common/pico_double/double_v1_rom_shim.S.obj
                0x10006340                double_table_shim_on_use_helper
 .text.__aeabi_lmul
                0x10006374       0x32 CMakeFiles/Recon-Rover.dir/ae783cfadb10a0055c655bcf0b179659/pico-sdk/src/rp2_common/pico_int64_ops/pico_int64_ops_aeabi.S.obj
                0x10006374                __wrap___aeabi_lmul
 *fill*         0x100063a6        0x2 
 .text.__wrap___aeabi_farithmetic
                0x100063a8       0x48 CMakeFiles/Recon-Rover.dir/C_/Program_Files/Raspberry_Pi/Pico_SDK_v1.5.1/pico-sdk/src/rp2_common/pico_float/float_aeabi.S.obj
                0x100063a8                __wrap___aeabi_frsub
                0x100063ae                __wrap___aeabi_fsub
                0x100063b4                __wrap___aeabi_fadd
                0x100063ba                __wrap___aeabi_fdiv
                0x100063e2                __wrap___aeabi_fmul
 .text.__wrap___aeabi_cfcmple
                0x100063f0       0x50 CMakeFiles/Recon-Rover.dir/C_/Program_Files/Raspberry_Pi/Pico_SDK_v1.5.1/pico-sdk/src/rp2_common/pico_float/float_aeabi.S.obj
                0x100063f0                __wrap___aeabi_cfrcmple
                0x100063fc                __wrap___aeabi_cfcmple
                0x100063fc                __wrap___aeabi_cfcmpeq
 .text.__wrap___aeabi_fcmplt
                0x10006440        0xc CMakeFiles/Recon-Rover.dir/C_/Program_Files/Raspberry_Pi/Pico_SDK_v1.5.1/pico-sdk/src/rp2_common/pico_float/float_aeabi.S.obj
                0x10006440                __wrap___aeabi_fcmplt
 .text.__wrap___aeabi_fcmple
                0x1000644c       0x10 CMakeFiles/Recon-Rover.dir/C_/Program_Files/Raspberry_Pi/Pico_SDK_v1.5.1/pico-sdk/src/rp2_common/pico_float/float_aeabi.S.obj
                0x1000644c                __wrap___aeabi_fcmple
 .text.__wrap___aeabi_fcmpge
                0x1000645c       0x10 CMakeFiles/Recon-Rover.dir/C_/Program_Files/Raspberry_Pi/Pico_SDK_v1.5.1/pico-sdk/src/rp2_common/pico_float/float_aeabi.S.obj
                0x1000645c                __wrap___aeabi_fcmpge
 .text.__wrap___aeabi_fcmpgt
                0x1000646c        0xa CMakeFiles/Recon-Rover.dir/C_/Program_Files/Raspberry_Pi/Pico_SDK_v1.5.1/pico-sdk/src/rp2_common/pico_float/float_aeabi.S.obj
                0x1000646c                __wrap___aeabi_fcmpgt
 *fill*         0x10006476        0x2 
 .text.__wrap___aeabi_i2f
                0x10006478       0x44 CMakeFiles/Recon-Rover.dir/C_/Program_Files/Raspberry_Pi/Pico_SDK_v1.5.1/pico-sdk/src/rp2_common/pico_float/float_aeabi.S.obj
                0x10006478                __wrap___aeabi_i2f
 .text.__wrap___aeabi_f2iz
                0x100064bc       0x4e CMakeFiles/Recon-Rover.dir/C_/Program_Files/Raspberry_Pi/Pico_SDK_v1.5.1/pico-sdk/src/rp2_common/pico_float/float_aeabi.S.obj
                0x100064bc                float2int_z
                0x100064bc                __wrap___aeabi_f2iz
 *fill*         0x1000650a        0x2 
 .text.float2int
                0x1000650c        0xc CMakeFiles/Recon-Rover.dir/C_/Program_Files/Raspberry_Pi/Pico_SDK_v1.5.1/pico-sdk/src/rp2_common/pico_float/float_aeabi.S.obj
                0x1000650c                float2int
 .text.__wrap___aeabi_f2uiz
                0x10006518        0xc CMakeFiles/Recon-Rover.dir/C_/Program_Files/Raspberry_Pi/Pico_SDK_v1.5.1/pico-sdk/src/rp2_common/pico_float/float_aeabi.S.obj
                0x10006518                __wrap___aeabi_f2uiz
 .text.fix2float
                0x10006524        0xc CMakeFiles/Recon-Rover.dir/C_/Program_Files/Raspberry_Pi/Pico_SDK_v1.5.1/pico-sdk/src/rp2_common/pico_float/float_aeabi.S.obj
                0x10006524                fix2float
 .text.__wrap___aeabi_f2d
                0x10006530        0xc CMakeFiles/Recon-Rover.dir/C_/Program_Files/Raspberry_Pi/Pico_SDK_v1.5.1/pico-sdk/src/rp2_common/pico_float/float_aeabi.S.obj
                0x10006530                __wrap___aeabi_f2d
 .text.__wrap_cosf
                0x1000653c       0x24 CMakeFiles/Recon-Rover.dir/C_/Program_Files/Raspberry_Pi/Pico_SDK_v1.5.1/pico-sdk/src/rp2_common/pico_float/float_aeabi.S.obj
                0x1000653c                __wrap_cosf
 .text.__wrap_sinf
                0x10006560       0x24 CMakeFiles/Recon-Rover.dir/C_/Program_Files/Raspberry_Pi/Pico_SDK_v1.5.1/pico-sdk/src/rp2_common/pico_float/float_aeabi.S.obj
                0x10006560                __wrap_sinf
 .text.__wrap_atan2f
                0x10006584        0xc CMakeFiles/Recon-Rover.dir/C_/Program_Files/Raspberry_Pi/Pico_SDK_v1.5.1/pico-sdk/src/rp2_common/pico_float/float_aeabi.S.obj
                0x10006584                __wrap_atan2f
 .text.missing_float_func_shim
                0x10006590        0xc CMakeFiles/Recon-Rover.dir/C_/Program_Files/Raspberry_Pi/Pico_SDK_v1.5.1/pico-sdk/src/rp2_common/pico_float/float_init_rom.c.obj
 .text.__aeabi_float_init
                0x1000659c       0x88 CMakeFiles/Recon-Rover.dir/C_/Program_Files/Raspberry_Pi/Pico_SDK_v1.5.1/pico-sdk/src/rp2_common/pico_float/float_init_rom.c.obj
                0x1000659c                __aeabi_float_init
 .text.frem_0   0x10006624       0x7c CMakeFiles/Recon-Rover.dir/C_/Program_Files/Raspberry_Pi/Pico_SDK_v1.5.1/pico-sdk/src/rp2_common/pico_float/float_math.c.obj
 .text.__wrap_fmodf
                0x100066a0       0x64 CMakeFiles/Recon-Rover.dir/C_/Program_Files/Raspberry_Pi/Pico_SDK_v1.5.1/pico-sdk/src/rp2_common/pico_float/float_math.c.obj
                0x100066a0                __wrap_fmodf
 .text.__wrap_remquof
                0x10006704       0xda CMakeFiles/Recon-Rover.dir/C_/Program_Files/Raspberry_Pi/Pico_SDK_v1.5.1/pico-sdk/src/rp2_common/pico_float/float_math.c.obj
                0x10006704                __wrap_remquof
 .text.__wrap_remainderf
                0x100067de        0xa CMakeFiles/Recon-Rover.dir/C_/Program_Files/Raspberry_Pi/Pico_SDK_v1.5.1/pico-sdk/src/rp2_common/pico_float/float_math.c.obj
                0x100067de                __wrap_remainderf
 .text          0x100067e8       0x10 CMakeFiles/Recon-Rover.dir/C_/Program_Files/Raspberry_Pi/Pico_SDK_v1.5.1/pico-sdk/src/rp2_common/pico_mem_ops/mem_ops_aeabi.S.obj
                0x100067e8                __aeabi_mem_init
 .text.memset   0x100067f8        0xc CMakeFiles/Recon-Rover.dir/C_/Program_Files/Raspberry_Pi/Pico_SDK_v1.5.1/pico-sdk/src/rp2_common/pico_mem_ops/mem_ops_aeabi.S.obj
                0x100067f8                __wrap_memset
 .text.memcpy   0x10006804        0xc CMakeFiles/Recon-Rover.dir/C_/Program_Files/Raspberry_Pi/Pico_SDK_v1.5.1/pico-sdk/src/rp2_common/pico_mem_ops/mem_ops_aeabi.S.obj
                0x10006804                __wrap_memcpy
                0x10006804                __wrap___aeabi_memcpy
 .text.stdio_out_chars_no_crlf
                0x10006810        0xe CMakeFiles/Recon-Rover.dir/C_/Program_Files/Raspberry_Pi/Pico_SDK_v1.5.1/pico-sdk/src/rp2_common/pico_stdio/stdio.c.obj
 *fill*         0x1000681e        0x2 
 .text.stdio_out_chars_crlf
                0x10006820       0x80 CMakeFiles/Recon-Rover.dir/C_/Program_Files/Raspberry_Pi/Pico_SDK_v1.5.1/pico-sdk/src/rp2_common/pico_stdio/stdio.c.obj
 .text.stdio_stack_buffer_flush
                0x100068a0       0x44 CMakeFiles/Recon-Rover.dir/C_/Program_Files/Raspberry_Pi/Pico_SDK_v1.5.1/pico-sdk/src/rp2_common/pico_stdio/stdio.c.obj
 .text.stdio_buffered_printer
                0x100068e4       0x20 CMakeFiles/Recon-Rover.dir/C_/Program_Files/Raspberry_Pi/Pico_SDK_v1.5.1/pico-sdk/src/rp2_common/pico_stdio/stdio.c.obj
 .text.update_us_since_boot
                0x10006904       0x24 CMakeFiles/Recon-Rover.dir/C_/Program_Files/Raspberry_Pi/Pico_SDK_v1.5.1/pico-sdk/src/rp2_common/pico_stdio/stdio.c.obj
 .text.get_absolute_time
                0x10006928       0x22 CMakeFiles/Recon-Rover.dir/C_/Program_Files/Raspberry_Pi/Pico_SDK_v1.5.1/pico-sdk/src/rp2_common/pico_stdio/stdio.c.obj
 *fill*         0x1000694a        0x2 
 .text.delayed_by_ms
                0x1000694c       0x44 CMakeFiles/Recon-Rover.dir/C_/Program_Files/Raspberry_Pi/Pico_SDK_v1.5.1/pico-sdk/src/rp2_common/pico_stdio/stdio.c.obj
 .text.make_timeout_time_ms
                0x10006990       0x20 CMakeFiles/Recon-Rover.dir/C_/Program_Files/Raspberry_Pi/Pico_SDK_v1.5.1/pico-sdk/src/rp2_common/pico_stdio/stdio.c.obj
 .text.stdout_serialize_begin
                0x100069b0       0x20 CMakeFiles/Recon-Rover.dir/C_/Program_Files/Raspberry_Pi/Pico_SDK_v1.5.1/pico-sdk/src/rp2_common/pico_stdio/stdio.c.obj
                0x100069b0                stdout_serialize_begin
 .text.stdout_serialize_end
                0x100069d0       0x10 CMakeFiles/Recon-Rover.dir/C_/Program_Files/Raspberry_Pi/Pico_SDK_v1.5.1/pico-sdk/src/rp2_common/pico_stdio/stdio.c.obj
                0x100069d0                stdout_serialize_end
 .text.stdio_put_string
                0x100069e0       0x98 CMakeFiles/Recon-Rover.dir/C_/Program_Files/Raspberry_Pi/Pico_SDK_v1.5.1/pico-sdk/src/rp2_common/pico_stdio/stdio.c.obj
 .text.stdio_set_driver_enabled
                0x10006a78       0x30 CMakeFiles/Recon-Rover.dir/C_/Program_Files/Raspberry_Pi/Pico_SDK_v1.5.1/pico-sdk/src/rp2_common/pico_stdio/stdio.c.obj
                0x10006a78                stdio_set_driver_enabled
 .text.stdio_flush
                0x10006aa8       0x20 CMakeFiles/Recon-Rover.dir/C_/Program_Files/Raspberry_Pi/Pico_SDK_v1.5.1/pico-sdk/src/rp2_common/pico_stdio/stdio.c.obj
                0x10006aa8                stdio_flush
 .text.__wrap_puts
                0x10006ac8       0x1e CMakeFiles/Recon-Rover.dir/C_/Program_Files/Raspberry_Pi/Pico_SDK_v1.5.1/pico-sdk/src/rp2_common/pico_stdio/stdio.c.obj
                0x10006ac8                __wrap_puts
 *fill*         0x10006ae6        0x2 
 .text.__wrap_vprintf
                0x10006ae8       0x40 CMakeFiles/Recon-Rover.dir/C_/Program_Files/Raspberry_Pi/Pico_SDK_v1.5.1/pico-sdk/src/rp2_common/pico_stdio/stdio.c.obj
                0x10006ae8                __wrap_vprintf
 .text.__wrap_printf
                0x10006b28       0x18 CMakeFiles/Recon-Rover.dir/C_/Program_Files/Raspberry_Pi/Pico_SDK_v1.5.1/pico-sdk/src/rp2_common/pico_stdio/stdio.c.obj
                0x10006b28                __wrap_printf
 .text.stdio_init_all
                0x10006b40        0x8 CMakeFiles/Recon-Rover.dir/C_/Program_Files/Raspberry_Pi/Pico_SDK_v1.5.1/pico-sdk/src/rp2_common/pico_stdio/stdio.c.obj
                0x10006b40                stdio_init_all
 .text.resetd_init
                0x10006b48        0x2 CMakeFiles/Recon-Rover.dir/ae783cfadb10a0055c655bcf0b179659/pico-sdk/src/rp2_common/pico_stdio_usb/reset_interface.c.obj
 *fill*         0x10006b4a        0x2 
 .text.resetd_reset
                0x10006b4c        0xc CMakeFiles/Recon-Rover.dir/ae783cfadb10a0055c655bcf0b179659/pico-sdk/src/rp2_common/pico_stdio_usb/reset_interface.c.obj
 .text.resetd_open
                0x10006b58       0x34 CMakeFiles/Recon-Rover.dir/ae783cfadb10a0055c655bcf0b179659/pico-sdk/src/rp2_common/pico_stdio_usb/reset_interface.c.obj
 .text.resetd_xfer_cb
                0x10006b8c        0x4 CMakeFiles/Recon-Rover.dir/ae783cfadb10a0055c655bcf0b179659/pico-sdk/src/rp2_common/pico_stdio_usb/reset_interface.c.obj
 .text.reset_usb_boot
                0x10006b90       0x18 CMakeFiles/Recon-Rover.dir/ae783cfadb10a0055c655bcf0b179659/pico-sdk/src/rp2_common/pico_stdio_usb/reset_interface.c.obj
 .text.resetd_control_xfer_cb
                0x10006ba8       0x5c CMakeFiles/Recon-Rover.dir/ae783cfadb10a0055c655bcf0b179659/pico-sdk/src/rp2_common/pico_stdio_usb/reset_interface.c.obj
 .text.usbd_app_driver_get_cb
                0x10006c04        0xc CMakeFiles/Recon-Rover.dir/ae783cfadb10a0055c655bcf0b179659/pico-sdk/src/rp2_common/pico_stdio_usb/reset_interface.c.obj
                0x10006c04                usbd_app_driver_get_cb
 .text.tud_cdc_line_coding_cb
                0x10006c10       0x28 CMakeFiles/Recon-Rover.dir/ae783cfadb10a0055c655bcf0b179659/pico-sdk/src/rp2_common/pico_stdio_usb/reset_interface.c.obj
                0x10006c10                tud_cdc_line_coding_cb
 .text.stdio_usb_set_chars_available_callback
                0x10006c38       0x14 CMakeFiles/Recon-Rover.dir/C_/Program_Files/Raspberry_Pi/Pico_SDK_v1.5.1/pico-sdk/src/rp2_common/pico_stdio_usb/stdio_usb.c.obj
                0x10006c38                stdio_usb_set_chars_available_callback
 .text.update_us_since_boot
                0x10006c4c       0x24 CMakeFiles/Recon-Rover.dir/C_/Program_Files/Raspberry_Pi/Pico_SDK_v1.5.1/pico-sdk/src/rp2_common/pico_stdio_usb/stdio_usb.c.obj
 .text.get_absolute_time
                0x10006c70       0x22 CMakeFiles/Recon-Rover.dir/C_/Program_Files/Raspberry_Pi/Pico_SDK_v1.5.1/pico-sdk/src/rp2_common/pico_stdio_usb/stdio_usb.c.obj
 *fill*         0x10006c92        0x2 
 .text.delayed_by_ms
                0x10006c94       0x44 CMakeFiles/Recon-Rover.dir/C_/Program_Files/Raspberry_Pi/Pico_SDK_v1.5.1/pico-sdk/src/rp2_common/pico_stdio_usb/stdio_usb.c.obj
 .text.make_timeout_time_ms
                0x10006cd8       0x20 CMakeFiles/Recon-Rover.dir/C_/Program_Files/Raspberry_Pi/Pico_SDK_v1.5.1/pico-sdk/src/rp2_common/pico_stdio_usb/stdio_usb.c.obj
 .text.delayed_by_us
                0x10006cf8       0x34 CMakeFiles/Recon-Rover.dir/C_/Program_Files/Raspberry_Pi/Pico_SDK_v1.5.1/pico-sdk/src/rp2_common/pico_stdio_usb/stdio_usb.c.obj
 .text.usb_irq  0x10006d2c       0x10 CMakeFiles/Recon-Rover.dir/C_/Program_Files/Raspberry_Pi/Pico_SDK_v1.5.1/pico-sdk/src/rp2_common/pico_stdio_usb/stdio_usb.c.obj
 .text.critical_section_enter_blocking
                0x10006d3c       0x16 CMakeFiles/Recon-Rover.dir/C_/Program_Files/Raspberry_Pi/Pico_SDK_v1.5.1/pico-sdk/src/rp2_common/pico_stdio_usb/stdio_usb.c.obj
 *fill*         0x10006d52        0x2 
 .text.timer_task
                0x10006d54       0x4c CMakeFiles/Recon-Rover.dir/C_/Program_Files/Raspberry_Pi/Pico_SDK_v1.5.1/pico-sdk/src/rp2_common/pico_stdio_usb/stdio_usb.c.obj
 .text.alarm_pool_add_alarm_in_us
                0x10006da0       0x44 CMakeFiles/Recon-Rover.dir/C_/Program_Files/Raspberry_Pi/Pico_SDK_v1.5.1/pico-sdk/src/rp2_common/pico_stdio_usb/stdio_usb.c.obj
 .text.add_alarm_in_us
                0x10006de4       0x2e CMakeFiles/Recon-Rover.dir/C_/Program_Files/Raspberry_Pi/Pico_SDK_v1.5.1/pico-sdk/src/rp2_common/pico_stdio_usb/stdio_usb.c.obj
 *fill*         0x10006e12        0x2 
 .text.low_priority_worker_irq
                0x10006e14       0x78 CMakeFiles/Recon-Rover.dir/C_/Program_Files/Raspberry_Pi/Pico_SDK_v1.5.1/pico-sdk/src/rp2_common/pico_stdio_usb/stdio_usb.c.obj
 .text.tud_cdc_rx_cb
                0x10006e8c       0x20 CMakeFiles/Recon-Rover.dir/C_/Program_Files/Raspberry_Pi/Pico_SDK_v1.5.1/pico-sdk/src/rp2_common/pico_stdio_usb/stdio_usb.c.obj
                0x10006e8c                tud_cdc_rx_cb
 .text.stdio_usb_init
                0x10006eac       0xd0 CMakeFiles/Recon-Rover.dir/C_/Program_Files/Raspberry_Pi/Pico_SDK_v1.5.1/pico-sdk/src/rp2_common/pico_stdio_usb/stdio_usb.c.obj
                0x10006eac                stdio_usb_init
 .text.stdio_usb_connected
                0x10006f7c        0xa CMakeFiles/Recon-Rover.dir/C_/Program_Files/Raspberry_Pi/Pico_SDK_v1.5.1/pico-sdk/src/rp2_common/pico_stdio_usb/stdio_usb.c.obj
                0x10006f7c                stdio_usb_connected
 *fill*         0x10006f86        0x2 
 .text.stdio_usb_in_chars
                0x10006f88       0x88 CMakeFiles/Recon-Rover.dir/C_/Program_Files/Raspberry_Pi/Pico_SDK_v1.5.1/pico-sdk/src/rp2_common/pico_stdio_usb/stdio_usb.c.obj
                0x10006f88                stdio_usb_in_chars
 .text.stdio_usb_out_chars
                0x10007010       0xd8 CMakeFiles/Recon-Rover.dir/C_/Program_Files/Raspberry_Pi/Pico_SDK_v1.5.1/pico-sdk/src/rp2_common/pico_stdio_usb/stdio_usb.c.obj
 .text.tud_descriptor_device_cb
                0x100070e8        0x8 CMakeFiles/Recon-Rover.dir/ae783cfadb10a0055c655bcf0b179659/pico-sdk/src/rp2_common/pico_stdio_usb/stdio_usb_descriptors.c.obj
                0x100070e8                tud_descriptor_device_cb
 .text.tud_descriptor_configuration_cb
                0x100070f0        0x8 CMakeFiles/Recon-Rover.dir/ae783cfadb10a0055c655bcf0b179659/pico-sdk/src/rp2_common/pico_stdio_usb/stdio_usb_descriptors.c.obj
                0x100070f0                tud_descriptor_configuration_cb
 .text.tud_descriptor_string_cb
                0x100070f8       0x6c CMakeFiles/Recon-Rover.dir/ae783cfadb10a0055c655bcf0b179659/pico-sdk/src/rp2_common/pico_stdio_usb/stdio_usb_descriptors.c.obj
                0x100070f8                tud_descriptor_string_cb
 .text._retrieve_unique_id_on_boot
                0x10007164       0x10 CMakeFiles/Recon-Rover.dir/C_/Program_Files/Raspberry_Pi/Pico_SDK_v1.5.1/pico-sdk/src/rp2_common/pico_unique_id/unique_id.c.obj
 .text.pico_get_unique_board_id
                0x10007174       0x10 CMakeFiles/Recon-Rover.dir/C_/Program_Files/Raspberry_Pi/Pico_SDK_v1.5.1/pico-sdk/src/rp2_common/pico_unique_id/unique_id.c.obj
                0x10007174                pico_get_unique_board_id
 .text.pico_get_unique_board_id_string
                0x10007184       0x58 CMakeFiles/Recon-Rover.dir/C_/Program_Files/Raspberry_Pi/Pico_SDK_v1.5.1/pico-sdk/src/rp2_common/pico_unique_id/unique_id.c.obj
                0x10007184                pico_get_unique_board_id_string
 .text.flash_get_unique_id
                0x100071dc       0x40 CMakeFiles/Recon-Rover.dir/C_/Program_Files/Raspberry_Pi/Pico_SDK_v1.5.1/pico-sdk/src/rp2_common/hardware_flash/flash.c.obj
                0x100071dc                flash_get_unique_id
 .text.hw_endpoint_get_by_addr
                0x1000721c       0x18 CMakeFiles/Recon-Rover.dir/ae783cfadb10a0055c655bcf0b179659/pico-sdk/lib/tinyusb/src/portable/raspberrypi/rp2040/dcd_rp2040.c.obj
 .text._hw_endpoint_alloc
                0x10007234       0x70 CMakeFiles/Recon-Rover.dir/ae783cfadb10a0055c655bcf0b179659/pico-sdk/lib/tinyusb/src/portable/raspberrypi/rp2040/dcd_rp2040.c.obj
 .text.hw_endpoint_init
                0x100072a4       0x8c CMakeFiles/Recon-Rover.dir/ae783cfadb10a0055c655bcf0b179659/pico-sdk/lib/tinyusb/src/portable/raspberrypi/rp2040/dcd_rp2040.c.obj
 .text.dcd_event_sof
                0x10007330       0x2a CMakeFiles/Recon-Rover.dir/ae783cfadb10a0055c655bcf0b179659/pico-sdk/lib/tinyusb/src/portable/raspberrypi/rp2040/dcd_rp2040.c.obj
 .text.hw_endpoint_xfer
                0x1000735a       0x14 CMakeFiles/Recon-Rover.dir/ae783cfadb10a0055c655bcf0b179659/pico-sdk/lib/tinyusb/src/portable/raspberrypi/rp2040/dcd_rp2040.c.obj
 *fill*         0x1000736e        0x2 
 .text.dcd_int_enable
                0x10007370       0x2c CMakeFiles/Recon-Rover.dir/ae783cfadb10a0055c655bcf0b179659/pico-sdk/lib/tinyusb/src/portable/raspberrypi/rp2040/dcd_rp2040.c.obj
                0x10007370                dcd_int_enable
 .text.dcd_set_address
                0x1000739c       0x2c CMakeFiles/Recon-Rover.dir/ae783cfadb10a0055c655bcf0b179659/pico-sdk/lib/tinyusb/src/portable/raspberrypi/rp2040/dcd_rp2040.c.obj
                0x1000739c                dcd_set_address
 .text.dcd_connect
                0x100073c8       0x10 CMakeFiles/Recon-Rover.dir/ae783cfadb10a0055c655bcf0b179659/pico-sdk/lib/tinyusb/src/portable/raspberrypi/rp2040/dcd_rp2040.c.obj
                0x100073c8                dcd_connect
 .text.dcd_init
                0x100073d8       0x80 CMakeFiles/Recon-Rover.dir/ae783cfadb10a0055c655bcf0b179659/pico-sdk/lib/tinyusb/src/portable/raspberrypi/rp2040/dcd_rp2040.c.obj
                0x100073d8                dcd_init
 .text.dcd_edpt0_status_complete
                0x10007458       0x1c CMakeFiles/Recon-Rover.dir/ae783cfadb10a0055c655bcf0b179659/pico-sdk/lib/tinyusb/src/portable/raspberrypi/rp2040/dcd_rp2040.c.obj
                0x10007458                dcd_edpt0_status_complete
 .text.dcd_edpt_open
                0x10007474       0x40 CMakeFiles/Recon-Rover.dir/ae783cfadb10a0055c655bcf0b179659/pico-sdk/lib/tinyusb/src/portable/raspberrypi/rp2040/dcd_rp2040.c.obj
                0x10007474                dcd_edpt_open
 .text.dcd_edpt_close_all
                0x100074b4        0x8 CMakeFiles/Recon-Rover.dir/ae783cfadb10a0055c655bcf0b179659/pico-sdk/lib/tinyusb/src/portable/raspberrypi/rp2040/dcd_rp2040.c.obj
                0x100074b4                dcd_edpt_close_all
 .text.dcd_edpt_xfer
                0x100074bc       0x34 CMakeFiles/Recon-Rover.dir/ae783cfadb10a0055c655bcf0b179659/pico-sdk/lib/tinyusb/src/portable/raspberrypi/rp2040/dcd_rp2040.c.obj
                0x100074bc                dcd_edpt_xfer
 .text.dcd_edpt_stall
                0x100074f0       0x2c CMakeFiles/Recon-Rover.dir/ae783cfadb10a0055c655bcf0b179659/pico-sdk/lib/tinyusb/src/portable/raspberrypi/rp2040/dcd_rp2040.c.obj
                0x100074f0                dcd_edpt_stall
 .text.dcd_edpt_clear_stall
                0x1000751c       0x20 CMakeFiles/Recon-Rover.dir/ae783cfadb10a0055c655bcf0b179659/pico-sdk/lib/tinyusb/src/portable/raspberrypi/rp2040/dcd_rp2040.c.obj
                0x1000751c                dcd_edpt_clear_stall
 .text.rp2040_usb_init
                0x1000753c       0x4c CMakeFiles/Recon-Rover.dir/ae783cfadb10a0055c655bcf0b179659/pico-sdk/lib/tinyusb/src/portable/raspberrypi/rp2040/rp2040_usb.c.obj
                0x1000753c                rp2040_usb_init
 .text.hw_endpoint_xfer_start
                0x10007588       0x50 CMakeFiles/Recon-Rover.dir/ae783cfadb10a0055c655bcf0b179659/pico-sdk/lib/tinyusb/src/portable/raspberrypi/rp2040/rp2040_usb.c.obj
                0x10007588                hw_endpoint_xfer_start
 .text.configuration_reset
                0x100075d8       0x84 CMakeFiles/Recon-Rover.dir/C_/Program_Files/Raspberry_Pi/Pico_SDK_v1.5.1/pico-sdk/lib/tinyusb/src/device/usbd.c.obj
 .text.critical_section_enter_blocking
                0x1000765c       0x16 CMakeFiles/Recon-Rover.dir/C_/Program_Files/Raspberry_Pi/Pico_SDK_v1.5.1/pico-sdk/lib/tinyusb/src/device/usbd.c.obj
 .text.usbd_reset
                0x10007672        0xc CMakeFiles/Recon-Rover.dir/C_/Program_Files/Raspberry_Pi/Pico_SDK_v1.5.1/pico-sdk/lib/tinyusb/src/device/usbd.c.obj
 .text.invoke_class_control
                0x1000767e       0x1a CMakeFiles/Recon-Rover.dir/C_/Program_Files/Raspberry_Pi/Pico_SDK_v1.5.1/pico-sdk/lib/tinyusb/src/device/usbd.c.obj
 .text.process_set_config
                0x10007698      0x178 CMakeFiles/Recon-Rover.dir/C_/Program_Files/Raspberry_Pi/Pico_SDK_v1.5.1/pico-sdk/lib/tinyusb/src/device/usbd.c.obj
 .text.process_get_descriptor
                0x10007810       0xdc CMakeFiles/Recon-Rover.dir/C_/Program_Files/Raspberry_Pi/Pico_SDK_v1.5.1/pico-sdk/lib/tinyusb/src/device/usbd.c.obj
 .text.tud_mounted
                0x100078ec       0x10 CMakeFiles/Recon-Rover.dir/C_/Program_Files/Raspberry_Pi/Pico_SDK_v1.5.1/pico-sdk/lib/tinyusb/src/device/usbd.c.obj
                0x100078ec                tud_mounted
 .text.tud_suspended
                0x100078fc       0x10 CMakeFiles/Recon-Rover.dir/C_/Program_Files/Raspberry_Pi/Pico_SDK_v1.5.1/pico-sdk/lib/tinyusb/src/device/usbd.c.obj
                0x100078fc                tud_suspended
 .text.tud_inited
                0x1000790c       0x14 CMakeFiles/Recon-Rover.dir/C_/Program_Files/Raspberry_Pi/Pico_SDK_v1.5.1/pico-sdk/lib/tinyusb/src/device/usbd.c.obj
                0x1000790c                tud_inited
 .text.tud_init
                0x10007920       0xd0 CMakeFiles/Recon-Rover.dir/C_/Program_Files/Raspberry_Pi/Pico_SDK_v1.5.1/pico-sdk/lib/tinyusb/src/device/usbd.c.obj
                0x10007920                tud_init
 .text.usbd_defer_func
                0x100079f0       0x2a CMakeFiles/Recon-Rover.dir/C_/Program_Files/Raspberry_Pi/Pico_SDK_v1.5.1/pico-sdk/lib/tinyusb/src/device/usbd.c.obj
                0x100079f0                usbd_defer_func
 *fill*         0x10007a1a        0x2 
 .text.usbd_edpt_open
                0x10007a1c       0x34 CMakeFiles/Recon-Rover.dir/C_/Program_Files/Raspberry_Pi/Pico_SDK_v1.5.1/pico-sdk/lib/tinyusb/src/device/usbd.c.obj
                0x10007a1c                usbd_edpt_open
 .text.usbd_open_edpt_pair
                0x10007a50       0x62 CMakeFiles/Recon-Rover.dir/C_/Program_Files/Raspberry_Pi/Pico_SDK_v1.5.1/pico-sdk/lib/tinyusb/src/device/usbd.c.obj
                0x10007a50                usbd_open_edpt_pair
 *fill*         0x10007ab2        0x2 
 .text.usbd_edpt_claim
                0x10007ab4       0x28 CMakeFiles/Recon-Rover.dir/C_/Program_Files/Raspberry_Pi/Pico_SDK_v1.5.1/pico-sdk/lib/tinyusb/src/device/usbd.c.obj
                0x10007ab4                usbd_edpt_claim
 .text.usbd_edpt_release
                0x10007adc       0x28 CMakeFiles/Recon-Rover.dir/C_/Program_Files/Raspberry_Pi/Pico_SDK_v1.5.1/pico-sdk/lib/tinyusb/src/device/usbd.c.obj
                0x10007adc                usbd_edpt_release
 .text.usbd_edpt_xfer
                0x10007b04       0x78 CMakeFiles/Recon-Rover.dir/C_/Program_Files/Raspberry_Pi/Pico_SDK_v1.5.1/pico-sdk/lib/tinyusb/src/device/usbd.c.obj
                0x10007b04                usbd_edpt_xfer
 .text.usbd_edpt_stall
                0x10007b7c       0x48 CMakeFiles/Recon-Rover.dir/C_/Program_Files/Raspberry_Pi/Pico_SDK_v1.5.1/pico-sdk/lib/tinyusb/src/device/usbd.c.obj
                0x10007b7c                usbd_edpt_stall
 .text.usbd_edpt_clear_stall
                0x10007bc4       0x48 CMakeFiles/Recon-Rover.dir/C_/Program_Files/Raspberry_Pi/Pico_SDK_v1.5.1/pico-sdk/lib/tinyusb/src/device/usbd.c.obj
                0x10007bc4                usbd_edpt_clear_stall
 .text.usbd_edpt_stalled
                0x10007c0c       0x1c CMakeFiles/Recon-Rover.dir/C_/Program_Files/Raspberry_Pi/Pico_SDK_v1.5.1/pico-sdk/lib/tinyusb/src/device/usbd.c.obj
                0x10007c0c                usbd_edpt_stalled
 .text.process_control_request
                0x10007c28      0x36c CMakeFiles/Recon-Rover.dir/C_/Program_Files/Raspberry_Pi/Pico_SDK_v1.5.1/pico-sdk/lib/tinyusb/src/device/usbd.c.obj
 .text.tud_task_ext
                0x10007f94      0x1a8 CMakeFiles/Recon-Rover.dir/C_/Program_Files/Raspberry_Pi/Pico_SDK_v1.5.1/pico-sdk/lib/tinyusb/src/device/usbd.c.obj
                0x10007f94                tud_task_ext
 .text._status_stage_xact
                0x1000813c       0x1a CMakeFiles/Recon-Rover.dir/C_/Program_Files/Raspberry_Pi/Pico_SDK_v1.5.1/pico-sdk/lib/tinyusb/src/device/usbd_control.c.obj
 *fill*         0x10008156        0x2 
 .text._data_stage_xact
                0x10008158       0x58 CMakeFiles/Recon-Rover.dir/C_/Program_Files/Raspberry_Pi/Pico_SDK_v1.5.1/pico-sdk/lib/tinyusb/src/device/usbd_control.c.obj
 .text.tud_control_status
                0x100081b0       0x28 CMakeFiles/Recon-Rover.dir/C_/Program_Files/Raspberry_Pi/Pico_SDK_v1.5.1/pico-sdk/lib/tinyusb/src/device/usbd_control.c.obj
                0x100081b0                tud_control_status
 .text.tud_control_xfer
                0x100081d8       0x68 CMakeFiles/Recon-Rover.dir/C_/Program_Files/Raspberry_Pi/Pico_SDK_v1.5.1/pico-sdk/lib/tinyusb/src/device/usbd_control.c.obj
                0x100081d8                tud_control_xfer
 .text.usbd_control_reset
                0x10008240       0x14 CMakeFiles/Recon-Rover.dir/C_/Program_Files/Raspberry_Pi/Pico_SDK_v1.5.1/pico-sdk/lib/tinyusb/src/device/usbd_control.c.obj
                0x10008240                usbd_control_reset
 .text.usbd_control_set_complete_callback
                0x10008254        0xc CMakeFiles/Recon-Rover.dir/C_/Program_Files/Raspberry_Pi/Pico_SDK_v1.5.1/pico-sdk/lib/tinyusb/src/device/usbd_control.c.obj
                0x10008254                usbd_control_set_complete_callback
 .text.usbd_control_set_request
                0x10008260       0x1c CMakeFiles/Recon-Rover.dir/C_/Program_Files/Raspberry_Pi/Pico_SDK_v1.5.1/pico-sdk/lib/tinyusb/src/device/usbd_control.c.obj
                0x10008260                usbd_control_set_request
 .text.usbd_control_xfer_cb
                0x1000827c       0xbc CMakeFiles/Recon-Rover.dir/C_/Program_Files/Raspberry_Pi/Pico_SDK_v1.5.1/pico-sdk/lib/tinyusb/src/device/usbd_control.c.obj
                0x1000827c                usbd_control_xfer_cb
 .text._prep_out_transaction
                0x10008338       0x4a CMakeFiles/Recon-Rover.dir/C_/Program_Files/Raspberry_Pi/Pico_SDK_v1.5.1/pico-sdk/lib/tinyusb/src/class/cdc/cdc_device.c.obj
 *fill*         0x10008382        0x2 
 .text.tud_cdc_n_connected
                0x10008384       0x38 CMakeFiles/Recon-Rover.dir/C_/Program_Files/Raspberry_Pi/Pico_SDK_v1.5.1/pico-sdk/lib/tinyusb/src/class/cdc/cdc_device.c.obj
                0x10008384                tud_cdc_n_connected
 .text.tud_cdc_n_available
                0x100083bc       0x18 CMakeFiles/Recon-Rover.dir/C_/Program_Files/Raspberry_Pi/Pico_SDK_v1.5.1/pico-sdk/lib/tinyusb/src/class/cdc/cdc_device.c.obj
                0x100083bc                tud_cdc_n_available
 .text.tud_cdc_n_read
                0x100083d4       0x28 CMakeFiles/Recon-Rover.dir/C_/Program_Files/Raspberry_Pi/Pico_SDK_v1.5.1/pico-sdk/lib/tinyusb/src/class/cdc/cdc_device.c.obj
                0x100083d4                tud_cdc_n_read
 .text.tud_cdc_n_write_flush
                0x100083fc       0xac CMakeFiles/Recon-Rover.dir/C_/Program_Files/Raspberry_Pi/Pico_SDK_v1.5.1/pico-sdk/lib/tinyusb/src/class/cdc/cdc_device.c.obj
                0x100083fc                tud_cdc_n_write_flush
 .text.tud_cdc_n_write
                0x100084a8       0x38 CMakeFiles/Recon-Rover.dir/C_/Program_Files/Raspberry_Pi/Pico_SDK_v1.5.1/pico-sdk/lib/tinyusb/src/class/cdc/cdc_device.c.obj
                0x100084a8                tud_cdc_n_write
 .text.tud_cdc_n_write_available
                0x100084e0       0x1c CMakeFiles/Recon-Rover.dir/C_/Program_Files/Raspberry_Pi/Pico_SDK_v1.5.1/pico-sdk/lib/tinyusb/src/class/cdc/cdc_device.c.obj
                0x100084e0                tud_cdc_n_write_available
 .text.cdcd_init
                0x100084fc       0xbc CMakeFiles/Recon-Rover.dir/C_/Program_Files/Raspberry_Pi/Pico_SDK_v1.5.1/pico-sdk/lib/tinyusb/src/class/cdc/cdc_device.c.obj
                0x100084fc                cdcd_init
 .text.cdcd_reset
                0x100085b8       0x44 CMakeFiles/Recon-Rover.dir/C_/Program_Files/Raspberry_Pi/Pico_SDK_v1.5.1/pico-sdk/lib/tinyusb/src/class/cdc/cdc_device.c.obj
                0x100085b8                cdcd_reset
 .text.cdcd_open
                0x100085fc       0xc4 CMakeFiles/Recon-Rover.dir/C_/Program_Files/Raspberry_Pi/Pico_SDK_v1.5.1/pico-sdk/lib/tinyusb/src/class/cdc/cdc_device.c.obj
                0x100085fc                cdcd_open
 .text.cdcd_control_xfer_cb
                0x100086c0      0x12c CMakeFiles/Recon-Rover.dir/C_/Program_Files/Raspberry_Pi/Pico_SDK_v1.5.1/pico-sdk/lib/tinyusb/src/class/cdc/cdc_device.c.obj
                0x100086c0                cdcd_control_xfer_cb
 .text.cdcd_xfer_cb
                0x100087ec      0x130 CMakeFiles/Recon-Rover.dir/C_/Program_Files/Raspberry_Pi/Pico_SDK_v1.5.1/pico-sdk/lib/tinyusb/src/class/cdc/cdc_device.c.obj
                0x100087ec                cdcd_xfer_cb
 .text.tusb_init
                0x1000891c        0xa CMakeFiles/Recon-Rover.dir/C_/Program_Files/Raspberry_Pi/Pico_SDK_v1.5.1/pico-sdk/lib/tinyusb/src/tusb.c.obj
                0x1000891c                tusb_init
 .text.tusb_inited
                0x10008926        0xe CMakeFiles/Recon-Rover.dir/C_/Program_Files/Raspberry_Pi/Pico_SDK_v1.5.1/pico-sdk/lib/tinyusb/src/tusb.c.obj
                0x10008926                tusb_inited
 .text.tu_edpt_claim
                0x10008934       0x50 CMakeFiles/Recon-Rover.dir/C_/Program_Files/Raspberry_Pi/Pico_SDK_v1.5.1/pico-sdk/lib/tinyusb/src/tusb.c.obj
                0x10008934                tu_edpt_claim
 .text.tu_edpt_release
                0x10008984       0x38 CMakeFiles/Recon-Rover.dir/C_/Program_Files/Raspberry_Pi/Pico_SDK_v1.5.1/pico-sdk/lib/tinyusb/src/tusb.c.obj
                0x10008984                tu_edpt_release
 .text.tu_edpt_validate
                0x100089bc       0x78 CMakeFiles/Recon-Rover.dir/C_/Program_Files/Raspberry_Pi/Pico_SDK_v1.5.1/pico-sdk/lib/tinyusb/src/tusb.c.obj
                0x100089bc                tu_edpt_validate
 .text.tu_edpt_bind_driver
                0x10008a34       0x26 CMakeFiles/Recon-Rover.dir/C_/Program_Files/Raspberry_Pi/Pico_SDK_v1.5.1/pico-sdk/lib/tinyusb/src/tusb.c.obj
                0x10008a34                tu_edpt_bind_driver
 .text.advance_index
                0x10008a5a       0x1a CMakeFiles/Recon-Rover.dir/C_/Program_Files/Raspberry_Pi/Pico_SDK_v1.5.1/pico-sdk/lib/tinyusb/src/common/tusb_fifo.c.obj
 .text._tu_fifo_peek
                0x10008a74       0x56 CMakeFiles/Recon-Rover.dir/C_/Program_Files/Raspberry_Pi/Pico_SDK_v1.5.1/pico-sdk/lib/tinyusb/src/common/tusb_fifo.c.obj
 .text._ff_pull_const_addr
                0x10008aca       0x4c CMakeFiles/Recon-Rover.dir/C_/Program_Files/Raspberry_Pi/Pico_SDK_v1.5.1/pico-sdk/lib/tinyusb/src/common/tusb_fifo.c.obj
 .text._ff_pull_n
                0x10008b16      0x110 CMakeFiles/Recon-Rover.dir/C_/Program_Files/Raspberry_Pi/Pico_SDK_v1.5.1/pico-sdk/lib/tinyusb/src/common/tusb_fifo.c.obj
 .text._tu_fifo_peek_n
                0x10008c26       0x6a CMakeFiles/Recon-Rover.dir/C_/Program_Files/Raspberry_Pi/Pico_SDK_v1.5.1/pico-sdk/lib/tinyusb/src/common/tusb_fifo.c.obj
 .text._tu_fifo_read_n
                0x10008c90       0x4e CMakeFiles/Recon-Rover.dir/C_/Program_Files/Raspberry_Pi/Pico_SDK_v1.5.1/pico-sdk/lib/tinyusb/src/common/tusb_fifo.c.obj
 .text._ff_push_const_addr
                0x10008cde       0x40 CMakeFiles/Recon-Rover.dir/C_/Program_Files/Raspberry_Pi/Pico_SDK_v1.5.1/pico-sdk/lib/tinyusb/src/common/tusb_fifo.c.obj
 .text._ff_push_n
                0x10008d1e      0x10c CMakeFiles/Recon-Rover.dir/C_/Program_Files/Raspberry_Pi/Pico_SDK_v1.5.1/pico-sdk/lib/tinyusb/src/common/tusb_fifo.c.obj
 .text._tu_fifo_write_n
                0x10008e2a       0xf0 CMakeFiles/Recon-Rover.dir/C_/Program_Files/Raspberry_Pi/Pico_SDK_v1.5.1/pico-sdk/lib/tinyusb/src/common/tusb_fifo.c.obj
 .text.tu_fifo_config
                0x10008f1a       0x7c CMakeFiles/Recon-Rover.dir/C_/Program_Files/Raspberry_Pi/Pico_SDK_v1.5.1/pico-sdk/lib/tinyusb/src/common/tusb_fifo.c.obj
                0x10008f1a                tu_fifo_config
 .text.tu_fifo_count
                0x10008f96       0x2c CMakeFiles/Recon-Rover.dir/C_/Program_Files/Raspberry_Pi/Pico_SDK_v1.5.1/pico-sdk/lib/tinyusb/src/common/tusb_fifo.c.obj
                0x10008f96                tu_fifo_count
 .text.tu_fifo_empty
                0x10008fc2        0xe CMakeFiles/Recon-Rover.dir/C_/Program_Files/Raspberry_Pi/Pico_SDK_v1.5.1/pico-sdk/lib/tinyusb/src/common/tusb_fifo.c.obj
                0x10008fc2                tu_fifo_empty
 .text.tu_fifo_full
                0x10008fd0       0x2a CMakeFiles/Recon-Rover.dir/C_/Program_Files/Raspberry_Pi/Pico_SDK_v1.5.1/pico-sdk/lib/tinyusb/src/common/tusb_fifo.c.obj
                0x10008fd0                tu_fifo_full
 .text.tu_fifo_remaining
                0x10008ffa       0x2e CMakeFiles/Recon-Rover.dir/C_/Program_Files/Raspberry_Pi/Pico_SDK_v1.5.1/pico-sdk/lib/tinyusb/src/common/tusb_fifo.c.obj
                0x10008ffa                tu_fifo_remaining
 .text.tu_fifo_read
                0x10009028       0x42 CMakeFiles/Recon-Rover.dir/C_/Program_Files/Raspberry_Pi/Pico_SDK_v1.5.1/pico-sdk/lib/tinyusb/src/common/tusb_fifo.c.obj
                0x10009028                tu_fifo_read
 .text.tu_fifo_read_n
                0x1000906a        0xa CMakeFiles/Recon-Rover.dir/C_/Program_Files/Raspberry_Pi/Pico_SDK_v1.5.1/pico-sdk/lib/tinyusb/src/common/tusb_fifo.c.obj
                0x1000906a                tu_fifo_read_n
 .text.tu_fifo_write
                0x10009074       0x64 CMakeFiles/Recon-Rover.dir/C_/Program_Files/Raspberry_Pi/Pico_SDK_v1.5.1/pico-sdk/lib/tinyusb/src/common/tusb_fifo.c.obj
                0x10009074                tu_fifo_write
 .text.tu_fifo_write_n
                0x100090d8        0xa CMakeFiles/Recon-Rover.dir/C_/Program_Files/Raspberry_Pi/Pico_SDK_v1.5.1/pico-sdk/lib/tinyusb/src/common/tusb_fifo.c.obj
                0x100090d8                tu_fifo_write_n
 .text.tu_fifo_clear
                0x100090e2       0x3e CMakeFiles/Recon-Rover.dir/C_/Program_Files/Raspberry_Pi/Pico_SDK_v1.5.1/pico-sdk/lib/tinyusb/src/common/tusb_fifo.c.obj
                0x100090e2                tu_fifo_clear
 .text.tu_fifo_set_overwritable
                0x10009120       0x46 CMakeFiles/Recon-Rover.dir/C_/Program_Files/Raspberry_Pi/Pico_SDK_v1.5.1/pico-sdk/lib/tinyusb/src/common/tusb_fifo.c.obj
                0x10009120                tu_fifo_set_overwritable
 .text.lwip_init
                0x10009166       0x1c CMakeFiles/Recon-Rover.dir/C_/Program_Files/Raspberry_Pi/Pico_SDK_v1.5.1/pico-sdk/lib/lwip/src/core/init.c.obj
                0x10009166                lwip_init
 .text.lwip_htons
                0x10009182        0xa CMakeFiles/Recon-Rover.dir/C_/Program_Files/Raspberry_Pi/Pico_SDK_v1.5.1/pico-sdk/lib/lwip/src/core/def.c.obj
                0x10009182                lwip_htons
 .text.lwip_htonl
                0x1000918c       0x1e CMakeFiles/Recon-Rover.dir/C_/Program_Files/Raspberry_Pi/Pico_SDK_v1.5.1/pico-sdk/lib/lwip/src/core/def.c.obj
                0x1000918c                lwip_htonl
 .text.lwip_standard_chksum
                0x100091aa       0x5c CMakeFiles/Recon-Rover.dir/C_/Program_Files/Raspberry_Pi/Pico_SDK_v1.5.1/pico-sdk/lib/lwip/src/core/inet_chksum.c.obj
                0x100091aa                lwip_standard_chksum
 .text.inet_cksum_pseudo_base
                0x10009206       0x82 CMakeFiles/Recon-Rover.dir/C_/Program_Files/Raspberry_Pi/Pico_SDK_v1.5.1/pico-sdk/lib/lwip/src/core/inet_chksum.c.obj
 .text.inet_chksum_pseudo
                0x10009288       0x30 CMakeFiles/Recon-Rover.dir/C_/Program_Files/Raspberry_Pi/Pico_SDK_v1.5.1/pico-sdk/lib/lwip/src/core/inet_chksum.c.obj
                0x10009288                inet_chksum_pseudo
 .text.ip_chksum_pseudo
                0x100092b8       0x10 CMakeFiles/Recon-Rover.dir/C_/Program_Files/Raspberry_Pi/Pico_SDK_v1.5.1/pico-sdk/lib/lwip/src/core/inet_chksum.c.obj
                0x100092b8                ip_chksum_pseudo
 .text.inet_chksum
                0x100092c8        0xc CMakeFiles/Recon-Rover.dir/C_/Program_Files/Raspberry_Pi/Pico_SDK_v1.5.1/pico-sdk/lib/lwip/src/core/inet_chksum.c.obj
                0x100092c8                inet_chksum
 .text.inet_chksum_pbuf
                0x100092d4       0x52 CMakeFiles/Recon-Rover.dir/C_/Program_Files/Raspberry_Pi/Pico_SDK_v1.5.1/pico-sdk/lib/lwip/src/core/inet_chksum.c.obj
                0x100092d4                inet_chksum_pbuf
 *fill*         0x10009326        0x2 
 .text.ptr_to_mem
                0x10009328        0xc CMakeFiles/Recon-Rover.dir/C_/Program_Files/Raspberry_Pi/Pico_SDK_v1.5.1/pico-sdk/lib/lwip/src/core/mem.c.obj
 .text.mem_to_ptr
                0x10009334       0x10 CMakeFiles/Recon-Rover.dir/C_/Program_Files/Raspberry_Pi/Pico_SDK_v1.5.1/pico-sdk/lib/lwip/src/core/mem.c.obj
 .text.mem_link_valid
                0x10009344       0x5c CMakeFiles/Recon-Rover.dir/C_/Program_Files/Raspberry_Pi/Pico_SDK_v1.5.1/pico-sdk/lib/lwip/src/core/mem.c.obj
 .text.plug_holes
                0x100093a0       0xd0 CMakeFiles/Recon-Rover.dir/C_/Program_Files/Raspberry_Pi/Pico_SDK_v1.5.1/pico-sdk/lib/lwip/src/core/mem.c.obj
 .text.mem_init
                0x10009470       0x40 CMakeFiles/Recon-Rover.dir/C_/Program_Files/Raspberry_Pi/Pico_SDK_v1.5.1/pico-sdk/lib/lwip/src/core/mem.c.obj
                0x10009470                mem_init
 .text.mem_free
                0x100094b0       0x84 CMakeFiles/Recon-Rover.dir/C_/Program_Files/Raspberry_Pi/Pico_SDK_v1.5.1/pico-sdk/lib/lwip/src/core/mem.c.obj
                0x100094b0                mem_free
 .text.mem_trim
                0x10009534      0x134 CMakeFiles/Recon-Rover.dir/C_/Program_Files/Raspberry_Pi/Pico_SDK_v1.5.1/pico-sdk/lib/lwip/src/core/mem.c.obj
                0x10009534                mem_trim
 .text.mem_malloc
                0x10009668      0x12c CMakeFiles/Recon-Rover.dir/C_/Program_Files/Raspberry_Pi/Pico_SDK_v1.5.1/pico-sdk/lib/lwip/src/core/mem.c.obj
                0x10009668                mem_malloc
 .text.do_memp_malloc_pool
                0x10009794       0x30 CMakeFiles/Recon-Rover.dir/C_/Program_Files/Raspberry_Pi/Pico_SDK_v1.5.1/pico-sdk/lib/lwip/src/core/memp.c.obj
 .text.do_memp_free_pool
                0x100097c4       0x28 CMakeFiles/Recon-Rover.dir/C_/Program_Files/Raspberry_Pi/Pico_SDK_v1.5.1/pico-sdk/lib/lwip/src/core/memp.c.obj
 .text.memp_init_pool
                0x100097ec       0x2a CMakeFiles/Recon-Rover.dir/C_/Program_Files/Raspberry_Pi/Pico_SDK_v1.5.1/pico-sdk/lib/lwip/src/core/memp.c.obj
                0x100097ec                memp_init_pool
 *fill*         0x10009816        0x2 
 .text.memp_init
                0x10009818       0x20 CMakeFiles/Recon-Rover.dir/C_/Program_Files/Raspberry_Pi/Pico_SDK_v1.5.1/pico-sdk/lib/lwip/src/core/memp.c.obj
                0x10009818                memp_init
 .text.memp_malloc
                0x10009838       0x1c CMakeFiles/Recon-Rover.dir/C_/Program_Files/Raspberry_Pi/Pico_SDK_v1.5.1/pico-sdk/lib/lwip/src/core/memp.c.obj
                0x10009838                memp_malloc
 .text.memp_free
                0x10009854       0x1c CMakeFiles/Recon-Rover.dir/C_/Program_Files/Raspberry_Pi/Pico_SDK_v1.5.1/pico-sdk/lib/lwip/src/core/memp.c.obj
                0x10009854                memp_free
 .text.netif_do_set_netmask
                0x10009870       0x12 CMakeFiles/Recon-Rover.dir/C_/Program_Files/Raspberry_Pi/Pico_SDK_v1.5.1/pico-sdk/lib/lwip/src/core/netif.c.obj
 .text.netif_do_set_gw
                0x10009882       0x12 CMakeFiles/Recon-Rover.dir/C_/Program_Files/Raspberry_Pi/Pico_SDK_v1.5.1/pico-sdk/lib/lwip/src/core/netif.c.obj
 .text.netif_null_output_ip4
                0x10009894        0x6 CMakeFiles/Recon-Rover.dir/C_/Program_Files/Raspberry_Pi/Pico_SDK_v1.5.1/pico-sdk/lib/lwip/src/core/netif.c.obj
 *fill*         0x1000989a        0x2 
 .text.netif_issue_reports
                0x1000989c       0x14 CMakeFiles/Recon-Rover.dir/C_/Program_Files/Raspberry_Pi/Pico_SDK_v1.5.1/pico-sdk/lib/lwip/src/core/netif.c.obj
 .text.netif_do_ip_addr_changed
                0x100098b0       0x1c CMakeFiles/Recon-Rover.dir/C_/Program_Files/Raspberry_Pi/Pico_SDK_v1.5.1/pico-sdk/lib/lwip/src/core/netif.c.obj
 .text.netif_do_set_ipaddr
                0x100098cc       0x58 CMakeFiles/Recon-Rover.dir/C_/Program_Files/Raspberry_Pi/Pico_SDK_v1.5.1/pico-sdk/lib/lwip/src/core/netif.c.obj
 .text.netif_init
                0x10009924        0x2 CMakeFiles/Recon-Rover.dir/C_/Program_Files/Raspberry_Pi/Pico_SDK_v1.5.1/pico-sdk/lib/lwip/src/core/netif.c.obj
                0x10009924                netif_init
 *fill*         0x10009926        0x2 
 .text.netif_set_addr