Archive member included to satisfy reference by file (symbol)

C:/PROGRA~2/ARMGNU~1/14EFD8~1.2RE/bin/../lib/gcc/arm-none-eabi/14.2.1/thumb/v6-m/nofp\libgcc.a(_dvmd_tls.o)
                              CMakeFiles/Recon-Rover.dir/C_/Program_Files/Raspberry_Pi/Pico_SDK_v1.5.1/pico-sdk/src/rp2_common/pico_divider/divider.S.obj (__aeabi_idiv0)
C:/PROGRA~2/ARMGNU~1/14EFD8~1.2RE/bin/../lib/gcc/arm-none-eabi/14.2.1/thumb/v6-m/nofp\libg.a(libc_a-atoi.o)
                              CMakeFiles/Recon-Rover.dir/C_/Program_Files/Raspberry_Pi/Pico_SDK_v1.5.1/pico-sdk/lib/lwip/src/core/netif.c.obj (atoi)
C:/PROGRA~2/ARMGNU~1/14EFD8~1.2RE/bin/../lib/gcc/arm-none-eabi/14.2.1/thumb/v6-m/nofp\libg.a(libc_a-calloc.o)
                              CMakeFiles/Recon-Rover.dir/C_/Program_Files/Raspberry_Pi/Pico_SDK_v1.5.1/pico-sdk/src/rp2_common/pico_malloc/pico_malloc.c.obj (calloc)
C:/PROGRA~2/ARMGNU~1/14EFD8~1.2RE/bin/../lib/gcc/arm-none-eabi/14.2.1/thumb/v6-m/nofp\libg.a(libc_a-callocr.o)
                              C:/PROGRA~2/ARMGNU~1/14EFD8~1.2RE/bin/../lib/gcc/arm-none-eabi/14.2.1/thumb/v6-m/nofp\libg.a(libc_a-calloc.o) (_calloc_r)
C:/PROGRA~2/ARMGNU~1/14EFD8~1.2RE/bin/../lib/gcc/arm-none-eabi/14.2.1/thumb/v6-m/nofp\libg.a(libc_a-malloc.o)
                              CMakeFiles/Recon-Rover.dir/C_/Program_Files/Raspberry_Pi/Pico_SDK_v1.5.1/pico-sdk/src/rp2_common/pico_malloc/pico_malloc.c.obj (malloc)
C:/PROGRA~2/ARMGNU~1/14EFD8~1.2RE/bin/../lib/gcc/arm-none-eabi/14.2.1/thumb/v6-m/nofp\libg.a(libc_a-mallocr.o)
                              C:/PROGRA~2/ARMGNU~1/14EFD8~1.2RE/bin/../lib/gcc/arm-none-eabi/14.2.1/thumb/v6-m/nofp\libg.a(libc_a-callocr.o) (_malloc_r)
C:/PROGRA~2/ARMGNU~1/14EFD8~1.2RE/bin/../lib/gcc/arm-none-eabi/14.2.1/thumb/v6-m/nofp\libg.a(libc_a-mlock.o)
                              C:/PROGRA~2/ARMGNU~1/14EFD8~1.2RE/bin/../lib/gcc/arm-none-eabi/14.2.1/thumb/v6-m/nofp\libg.a(libc_a-mallocr.o) (__malloc_lock)
C:/PROGRA~2/ARMGNU~1/14EFD8~1.2RE/bin/../lib/gcc/arm-none-eabi/14.2.1/thumb/v6-m/nofp\libg.a(libc_a-realloc.o)
                              CMakeFiles/Recon-Rover.dir/C_/Program_Files/Raspberry_Pi/Pico_SDK_v1.5.1/pico-sdk/src/rp2_common/pico_malloc/pico_malloc.c.obj (realloc)
C:/PROGRA~2/ARMGNU~1/14EFD8~1.2RE/bin/../lib/gcc/arm-none-eabi/14.2.1/thumb/v6-m/nofp\libg.a(libc_a-reallocr.o)
                              C:/PROGRA~2/ARMGNU~1/14EFD8~1.2RE/bin/../lib/gcc/arm-none-eabi/14.2.1/thumb/v6-m/nofp\libg.a(libc_a-realloc.o) (_realloc_r)
C:/PROGRA~2/ARMGNU~1/14EFD8~1.2RE/bin/../lib/gcc/arm-none-eabi/14.2.1/thumb/v6-m/nofp\libg.a(libc_a-strtol.o)
                              C:/PROGRA~2/ARMGNU~1/14EFD8~1.2RE/bin/../lib/gcc/arm-none-eabi/14.2.1/thumb/v6-m/nofp\libg.a(libc_a-atoi.o) (_strtol_r)
C:/PROGRA~2/ARMGNU~1/14EFD8~1.2RE/bin/../lib/gcc/arm-none-eabi/14.2.1/thumb/v6-m/nofp\libg.a(libc_a-ctype_.o)
                              CMakeFiles/Recon-Rover.dir/C_/Program_Files/Raspberry_Pi/Pico_SDK_v1.5.1/pico-sdk/lib/lwip/src/core/ipv4/ip4_addr.c.obj (_ctype_)
C:/PROGRA~2/ARMGNU~1/14EFD8~1.2RE/bin/../lib/gcc/arm-none-eabi/14.2.1/thumb/v6-m/nofp\libg.a(libc_a-memcmp.o)
                              CMakeFiles/Recon-Rover.dir/C_/Program_Files/Raspberry_Pi/Pico_SDK_v1.5.1/pico-sdk/lib/lwip/src/core/ipv4/acd.c.obj (memcmp)
C:/PROGRA~2/ARMGNU~1/14EFD8~1.2RE/bin/../lib/gcc/arm-none-eabi/14.2.1/thumb/v6-m/nofp\libg.a(libc_a-memmove.o)
                              CMakeFiles/Recon-Rover.dir/C_/Program_Files/Raspberry_Pi/Pico_SDK_v1.5.1/pico-sdk/lib/lwip/src/core/def.c.obj (memmove)
C:/PROGRA~2/ARMGNU~1/14EFD8~1.2RE/bin/../lib/gcc/arm-none-eabi/14.2.1/thumb/v6-m/nofp\libg.a(libc_a-strncmp.o)
                              CMakeFiles/Recon-Rover.dir/C_/Program_Files/Raspberry_Pi/Pico_SDK_v1.5.1/pico-sdk/lib/lwip/src/core/def.c.obj (strncmp)
C:/PROGRA~2/ARMGNU~1/14EFD8~1.2RE/bin/../lib/gcc/arm-none-eabi/14.2.1/thumb/v6-m/nofp\libg.a(libc_a-impure.o)
                              C:/PROGRA~2/ARMGNU~1/14EFD8~1.2RE/bin/../lib/gcc/arm-none-eabi/14.2.1/thumb/v6-m/nofp\libg.a(libc_a-calloc.o) (_impure_ptr)
C:/PROGRA~2/ARMGNU~1/14EFD8~1.2RE/bin/../lib/gcc/arm-none-eabi/14.2.1/thumb/v6-m/nofp\libg.a(libc_a-sbrkr.o)
                              C:/PROGRA~2/ARMGNU~1/14EFD8~1.2RE/bin/../lib/gcc/arm-none-eabi/14.2.1/thumb/v6-m/nofp\libg.a(libc_a-mallocr.o) (_sbrk_r)
C:/PROGRA~2/ARMGNU~1/14EFD8~1.2RE/bin/../lib/gcc/arm-none-eabi/14.2.1/thumb/v6-m/nofp\libg.a(libc_a-errno.o)
                              C:/PROGRA~2/ARMGNU~1/14EFD8~1.2RE/bin/../lib/gcc/arm-none-eabi/14.2.1/thumb/v6-m/nofp\libg.a(libc_a-callocr.o) (__errno)
C:/PROGRA~2/ARMGNU~1/14EFD8~1.2RE/bin/../lib/gcc/arm-none-eabi/14.2.1/thumb/v6-m/nofp\libg.a(libc_a-init.o)
                              C:/PROGRA~2/ARMGNU~1/14EFD8~1.2RE/bin/../lib/gcc/arm-none-eabi/14.2.1/thumb/v6-m/nofp/crt0.o (__libc_init_array)
C:/PROGRA~2/ARMGNU~1/14EFD8~1.2RE/bin/../lib/gcc/arm-none-eabi/14.2.1/thumb/v6-m/nofp\libg.a(libc_a-lock.o)
[...]
Memory Configuration

Name             Origin             Length             Attributes
FLASH            0x10000000         0x00200000         xr
RAM              0x20000000         0x00040000         xrw
SCRATCH_X        0x20040000         0x00001000         xrw
SCRATCH_Y        0x20041000         0x00001000         xrw
*default*        0x00000000         0xffffffff

Linker script and memory map

LOAD C:/PROGRA~2/ARMGNU~1/14EFD8~1.2RE/bin/../lib/gcc/arm-none-eabi/14.2.1/thumb/v6-m/nofp/crti.o
LOAD C:/PROGRA~2/ARMGNU~1/14EFD8~1.2RE/bin/../lib/gcc/arm-none-eabi/14.2.1/thumb/v6-m/nofp/crtbegin.o
LOAD C:/PROGRA~2/ARMGNU~1/14EFD8~1.2RE/bin/../lib/gcc/arm-none-eabi/14.2.1/thumb/v6-m/nofp/crt0.o

.flash_begin    0x10000000        0x0
                0x10000000                        __flash_binary_start = .

.boot2          0x10000000      0x100
                0x10000000                        __boot2_start__ = .
 *(.boot2)
 .boot2         0x10000000      0x100 C:\Users\divak\AppData\Local\Temp\ccopC13i.o
                0x10000100                        __boot2_end__ = .
                0x00000001                        ASSERT (((__boot2_end__ - __boot2_start__) == 0x100), ERROR: Pico second stage bootloader must be 256 bytes in size)

.text           0x10000100    0x14cd8
                0x10000100                        __logical_binary_start = .
 *(.vectors)
 .vectors       0x10000100       0xd4 CMakeFiles/Recon-Rover.dir/C_/Program_Files/Raspberry_Pi/Pico_SDK_v1.5.1/pico-sdk/src/rp2_common/pico_standard_link/crt0.S.obj
                0x10000100                __VECTOR_TABLE
                0x10000100                __vectors
                0x100001c0                isr_invalid
                0x100001c0                __default_isrs_start
                0x100001c2                isr_nmi
                0x100001c4                isr_hardfault
                0x100001c6                isr_svcall
                0x100001c8                isr_pendsv
                0x100001ca                isr_systick
                0x100001cc                isr_irq23
                0x100001cc                isr_irq18
                0x100001cc                isr_irq11
                0x100001cc                isr_irq28
                0x100001cc                isr_irq19
                0x100001cc                isr_irq0
                0x100001cc                isr_irq6
                0x100001cc                isr_irq5
                0x100001cc                isr_irq12
                0x100001cc                isr_irq22
                0x100001cc                isr_irq31
                0x100001cc                isr_irq17
                0x100001cc                isr_irq27
                0x100001cc                isr_irq30
                0x100001cc                isr_irq2
                0x100001cc                isr_irq10
                0x100001cc                isr_irq8
                0x100001cc                isr_irq24
                0x100001cc                isr_irq1
                0x100001cc                isr_irq7
                0x100001cc                isr_irq21
                0x100001cc                isr_irq20
                0x100001cc                isr_irq15
                0x100001cc                isr_irq25
                0x100001cc                isr_irq13
                0x100001cc                __unhandled_user_irq
                0x100001cc                isr_irq4
                0x100001cc                isr_irq16
                0x100001cc                isr_irq29
                0x100001cc                isr_irq26
                0x100001cc                __default_isrs_end
                0x100001cc                isr_irq3
                0x100001cc                isr_irq14
                0x100001cc                isr_irq9
                0x100001d2                unhandled_user_irq_num_in_r0
 *(.binary_info_header)
 .binary_info_header
                0x100001d4       0x14 CMakeFiles/Recon-Rover.dir/C_/Program_Files/Raspberry_Pi/Pico_SDK_v1.5.1/pico-sdk/src/rp2_common/pico_standard_link/crt0.S.obj
                0x100001e8                        __binary_info_header_end = .
 *(.reset)
 .reset         0x100001e8       0xa0 CMakeFiles/Recon-Rover.dir/C_/Program_Files/Raspberry_Pi/Pico_SDK_v1.5.1/pico-sdk/src/rp2_common/pico_standard_link/crt0.S.obj
                0x100001e8                _entry_point
 .reset         0x10000288       0x30 CMakeFiles/Recon-Rover.dir/ae783cfadb10a0055c655bcf0b179659/pico-sdk/src/rp2_common/pico_standard_link/binary_info.c.obj
 *(.init)
 .init          0x100002b8        0x4 C:/PROGRA~2/ARMGNU~1/14EFD8~1.2RE/bin/../lib/gcc/arm-none-eabi/14.2.1/thumb/v6-m/nofp/crti.o
                0x100002b8                _init
 *(EXCLUDE_FILE(*libm.a: *libc.a:*lib_a-mem*.o *libgcc.a:) .text*)
 .text.register_tm_clones
                0x100002bc       0x28 C:/PROGRA~2/ARMGNU~1/14EFD8~1.2RE/bin/../lib/gcc/arm-none-eabi/14.2.1/thumb/v6-m/nofp/crtbegin.o
 .text.frame_dummy
                0x100002e4       0x24 C:/PROGRA~2/ARMGNU~1/14EFD8~1.2RE/bin/../lib/gcc/arm-none-eabi/14.2.1/thumb/v6-m/nofp/crtbegin.o
 .text.contains_cmd
                0x10000308       0x82 CMakeFiles/Recon-Rover.dir/main.c.obj
 *fill*         0x1000038a        0x2 
 .text.udp_recv_cb
                0x1000038c      0x10c CMakeFiles/Recon-Rover.dir/main.c.obj
 .text.main     0x10000498      0x144 CMakeFiles/Recon-Rover.dir/main.c.obj
                0x10000498                main
 .text.motor_init_pins
                0x100005dc       0x48 CMakeFiles/Recon-Rover.dir/drivers/motor.c.obj
                0x100005dc                motor_init_pins
 .text.motor_stop
                0x10000624       0x1e CMakeFiles/Recon-Rover.dir/drivers/motor.c.obj
                0x10000624                motor_stop
 .text.motor_forward
                0x10000642       0x1e CMakeFiles/Recon-Rover.dir/drivers/motor.c.obj
                0x10000642                motor_forward
 .text.motor_backward
                0x10000660       0x1e CMakeFiles/Recon-Rover.dir/drivers/motor.c.obj
                0x10000660                motor_backward
 .text.motor_left
                0x1000067e       0x1e CMakeFiles/Recon-Rover.dir/drivers/motor.c.obj
                0x1000067e                motor_left
 .text.motor_right
                0x1000069c       0x1e CMakeFiles/Recon-Rover.dir/drivers/motor.c.obj
                0x1000069c                motor_right
 .text.motor_forward_left
                0x100006ba       0x1e CMakeFiles/Recon-Rover.dir/drivers/motor.c.obj
                0x100006ba                motor_forward_left
 .text.motor_forward_right
                0x100006d8       0x1e CMakeFiles/Recon-Rover.dir/drivers/motor.c.obj
                0x100006d8                motor_forward_right
 .text.motor_backward_left
                0x100006f6       0x1e CMakeFiles/Recon-Rover.dir/drivers/motor.c.obj
                0x100006f6                motor_backward_left
 .text.motor_backward_right
                0x10000714       0x1e CMakeFiles/Recon-Rover.dir/drivers/motor.c.obj
                0x10000714                motor_backward_right
 *fill*         0x10000732        0x2 
 .text.sensor_isr
                0x10000734       0x2c CMakeFiles/Recon-Rover.dir/drivers/encoder.c.obj
 .text.print_cb
                0x10000760      0x1e4 CMakeFiles/Recon-Rover.dir/drivers/encoder.c.obj
 .text.add_repeating_timer_ms
                0x10000944       0x3c CMakeFiles/Recon-Rover.dir/drivers/encoder.c.obj
 .text.encoder_set_remote_udp_target
                0x10000980       0x28 CMakeFiles/Recon-Rover.dir/drivers/encoder.c.obj
                0x10000980                encoder_set_remote_udp_target
 .text.encoder_init
                0x100009a8       0x88 CMakeFiles/Recon-Rover.dir/drivers/encoder.c.obj
                0x100009a8                encoder_init
 .text.median5  0x10000a30       0x32 CMakeFiles/Recon-Rover.dir/drivers/ultrasonic.c.obj
 *fill*         0x10000a62        0x2 
 .text.update_us_since_boot
                0x10000a64       0x24 CMakeFiles/Recon-Rover.dir/drivers/ultrasonic.c.obj
 .text.get_absolute_time
                0x10000a88       0x22 CMakeFiles/Recon-Rover.dir/drivers/ultrasonic.c.obj
 *fill*         0x10000aaa        0x2 
 .text.pulse_us
                0x10000aac       0x94 CMakeFiles/Recon-Rover.dir/drivers/ultrasonic.c.obj
 .text.due      0x10000b40       0x30 CMakeFiles/Recon-Rover.dir/drivers/ultrasonic.c.obj
 .text.delayed_by_ms
                0x10000b70       0x44 CMakeFiles/Recon-Rover.dir/drivers/ultrasonic.c.obj
 .text.set_until_ms
                0x10000bb4       0x2c CMakeFiles/Recon-Rover.dir/drivers/ultrasonic.c.obj
 .text.turn_left_deg
                0x10000be0       0x18 CMakeFiles/Recon-Rover.dir/drivers/ultrasonic.c.obj
 .text.turn_right_deg
                0x10000bf8       0x18 CMakeFiles/Recon-Rover.dir/drivers/ultrasonic.c.obj
 .text.do_turnback_90
                0x10000c10       0x16 CMakeFiles/Recon-Rover.dir/drivers/ultrasonic.c.obj
 *fill*         0x10000c26        0x2 
 .text.start_avoid
                0x10000c28       0x20 CMakeFiles/Recon-Rover.dir/drivers/ultrasonic.c.obj
 .text.ultra_init
                0x10000c48       0x1e CMakeFiles/Recon-Rover.dir/drivers/ultrasonic.c.obj
                0x10000c48                ultra_init
 .text.ultra_read_cm
                0x10000c66       0x48 CMakeFiles/Recon-Rover.dir/drivers/ultrasonic.c.obj
                0x10000c66                ultra_read_cm
 *fill*         0x10000cae        0x2 
 .text.avoidor_tick
                0x10000cb0      0x148 CMakeFiles/Recon-Rover.dir/drivers/ultrasonic.c.obj
 .text.ultra_apply_direct
                0x10000df8       0x48 CMakeFiles/Recon-Rover.dir/drivers/ultrasonic.c.obj
                0x10000df8                ultra_apply_direct
 .text.ultra_obstacle_aware_apply
                0x10000e40       0x48 CMakeFiles/Recon-Rover.dir/drivers/ultrasonic.c.obj
                0x10000e40                ultra_obstacle_aware_apply
 .text.i2c_wr   0x10000e88       0x24 CMakeFiles/Recon-Rover.dir/drivers/imu.c.obj
 .text.i2c_rd   0x10000eac       0x38 CMakeFiles/Recon-Rover.dir/drivers/imu.c.obj
 .text.acc_read_mg
                0x10000ee4       0x8c CMakeFiles/Recon-Rover.dir/drivers/imu.c.obj
 .text.mag_read_raw
                0x10000f70       0x58 CMakeFiles/Recon-Rover.dir/drivers/imu.c.obj
 .text.imu_timer_cb
                0x10000fc8       0x80 CMakeFiles/Recon-Rover.dir/drivers/imu.c.obj
 .text.acc_init
                0x10001048       0x58 CMakeFiles/Recon-Rover.dir/drivers/imu.c.obj
 .text.mag_init
                0x100010a0       0x9c CMakeFiles/Recon-Rover.dir/drivers/imu.c.obj
 .text.add_repeating_timer_ms
                0x1000113c       0x3c CMakeFiles/Recon-Rover.dir/drivers/imu.c.obj
 .text.imu_init
                0x10001178       0xc0 CMakeFiles/Recon-Rover.dir/drivers/imu.c.obj
                0x10001178                imu_init
 .text.gpio_set_function
                0x10001238       0x30 CMakeFiles/Recon-Rover.dir/C_/Program_Files/Raspberry_Pi/Pico_SDK_v1.5.1/pico-sdk/src/rp2_common/hardware_gpio/gpio.c.obj
                0x10001238                gpio_set_function
 .text.gpio_set_pulls
                0x10001268       0x34 CMakeFiles/Recon-Rover.dir/C_/Program_Files/Raspberry_Pi/Pico_SDK_v1.5.1/pico-sdk/src/rp2_common/hardware_gpio/gpio.c.obj
                0x10001268                gpio_set_pulls
 .text.gpio_set_input_hysteresis_enabled
                0x1000129c       0x30 CMakeFiles/Recon-Rover.dir/C_/Program_Files/Raspberry_Pi/Pico_SDK_v1.5.1/pico-sdk/src/rp2_common/hardware_gpio/gpio.c.obj
                0x1000129c                gpio_set_input_hysteresis_enabled
 .text.gpio_set_irq_callback
                0x100012cc       0x48 CMakeFiles/Recon-Rover.dir/C_/Program_Files/Raspberry_Pi/Pico_SDK_v1.5.1/pico-sdk/src/rp2_common/hardware_gpio/gpio.c.obj
                0x100012cc                gpio_set_irq_callback
 .text.gpio_add_raw_irq_handler_with_order_priority_masked
                0x10001314       0x40 CMakeFiles/Recon-Rover.dir/C_/Program_Files/Raspberry_Pi/Pico_SDK_v1.5.1/pico-sdk/src/rp2_common/hardware_gpio/gpio.c.obj
                0x10001314                gpio_add_raw_irq_handler_with_order_priority_masked
 .text.gpio_remove_raw_irq_handler_masked
                0x10001354       0x48 CMakeFiles/Recon-Rover.dir/C_/Program_Files/Raspberry_Pi/Pico_SDK_v1.5.1/pico-sdk/src/rp2_common/hardware_gpio/gpio.c.obj
                0x10001354                gpio_remove_raw_irq_handler_masked
 .text.gpio_acknowledge_irq
                0x1000139c       0x18 CMakeFiles/Recon-Rover.dir/C_/Program_Files/Raspberry_Pi/Pico_SDK_v1.5.1/pico-sdk/src/rp2_common/hardware_gpio/gpio.c.obj
                0x1000139c                gpio_acknowledge_irq
 .text._gpio_set_irq_enabled
                0x100013b4       0x34 CMakeFiles/Recon-Rover.dir/C_/Program_Files/Raspberry_Pi/Pico_SDK_v1.5.1/pico-sdk/src/rp2_common/hardware_gpio/gpio.c.obj
 .text.gpio_set_irq_enabled
                0x100013e8       0x20 CMakeFiles/Recon-Rover.dir/C_/Program_Files/Raspberry_Pi/Pico_SDK_v1.5.1/pico-sdk/src/rp2_common/hardware_gpio/gpio.c.obj
                0x100013e8                gpio_set_irq_enabled
 .text.gpio_set_irq_enabled_with_callback
                0x10001408       0x20 CMakeFiles/Recon-Rover.dir/C_/Program_Files/Raspberry_Pi/Pico_SDK_v1.5.1/pico-sdk/src/rp2_common/hardware_gpio/gpio.c.obj
                0x10001408                gpio_set_irq_enabled_with_callback
 .text.gpio_default_irq_handler
                0x10001428       0x98 CMakeFiles/Recon-Rover.dir/C_/Program_Files/Raspberry_Pi/Pico_SDK_v1.5.1/pico-sdk/src/rp2_common/hardware_gpio/gpio.c.obj
 .text.gpio_init
                0x100014c0       0x16 CMakeFiles/Recon-Rover.dir/C_/Program_Files/Raspberry_Pi/Pico_SDK_v1.5.1/pico-sdk/src/rp2_common/hardware_gpio/gpio.c.obj
                0x100014c0                gpio_init
 *fill*         0x100014d6        0x2 
 .text.running_on_fpga
                0x100014d8       0x14 CMakeFiles/Recon-Rover.dir/C_/Program_Files/Raspberry_Pi/Pico_SDK_v1.5.1/pico-sdk/src/rp2_common/pico_platform/platform.c.obj
                0x100014d8                running_on_fpga
 .text.hw_claim_lock
                0x100014ec       0x18 CMakeFiles/Recon-Rover.dir/C_/Program_Files/Raspberry_Pi/Pico_SDK_v1.5.1/pico-sdk/src/rp2_common/hardware_claim/claim.c.obj
                0x100014ec                hw_claim_lock
 .text.hw_claim_unlock
                0x10001504       0x14 CMakeFiles/Recon-Rover.dir/C_/Program_Files/Raspberry_Pi/Pico_SDK_v1.5.1/pico-sdk/src/rp2_common/hardware_claim/claim.c.obj
                0x10001504                hw_claim_unlock
 .text.hw_claim_or_assert
                0x10001518       0x32 CMakeFiles/Recon-Rover.dir/C_/Program_Files/Raspberry_Pi/Pico_SDK_v1.5.1/pico-sdk/src/rp2_common/hardware_claim/claim.c.obj
                0x10001518                hw_claim_or_assert
 .text.hw_claim_unused_from_range
                0x1000154a       0x50 CMakeFiles/Recon-Rover.dir/C_/Program_Files/Raspberry_Pi/Pico_SDK_v1.5.1/pico-sdk/src/rp2_common/hardware_claim/claim.c.obj
                0x1000154a                hw_claim_unused_from_range
 *fill*         0x1000159a        0x2 
 .text.hw_claim_clear
                0x1000159c       0x40 CMakeFiles/Recon-Rover.dir/C_/Program_Files/Raspberry_Pi/Pico_SDK_v1.5.1/pico-sdk/src/rp2_common/hardware_claim/claim.c.obj
                0x1000159c                hw_claim_clear
 .text.spin_locks_reset
                0x100015dc       0x20 CMakeFiles/Recon-Rover.dir/C_/Program_Files/Raspberry_Pi/Pico_SDK_v1.5.1/pico-sdk/src/rp2_common/hardware_sync/sync.c.obj
                0x100015dc                spin_locks_reset
 .text.next_striped_spin_lock_num
                0x100015fc       0x1c CMakeFiles/Recon-Rover.dir/C_/Program_Files/Raspberry_Pi/Pico_SDK_v1.5.1/pico-sdk/src/rp2_common/hardware_sync/sync.c.obj
                0x100015fc                next_striped_spin_lock_num
 .text.spin_lock_claim_unused
                0x10001618       0x24 CMakeFiles/Recon-Rover.dir/C_/Program_Files/Raspberry_Pi/Pico_SDK_v1.5.1/pico-sdk/src/rp2_common/hardware_sync/sync.c.obj
                0x10001618                spin_lock_claim_unused
 .text.set_raw_irq_handler_and_unlock
                0x1000163c       0x28 CMakeFiles/Recon-Rover.dir/C_/Program_Files/Raspberry_Pi/Pico_SDK_v1.5.1/pico-sdk/src/rp2_common/hardware_irq/irq.c.obj
 .text.get_user_irq_claim_index
                0x10001664        0x6 CMakeFiles/Recon-Rover.dir/C_/Program_Files/Raspberry_Pi/Pico_SDK_v1.5.1/pico-sdk/src/rp2_common/hardware_irq/irq.c.obj
 *fill*         0x1000166a        0x2 
 .text.resolve_branch
                0x1000166c       0x30 CMakeFiles/Recon-Rover.dir/C_/Program_Files/Raspberry_Pi/Pico_SDK_v1.5.1/pico-sdk/src/rp2_common/hardware_irq/irq.c.obj
 .text.make_branch
                0x1000169c       0x48 CMakeFiles/Recon-Rover.dir/C_/Program_Files/Raspberry_Pi/Pico_SDK_v1.5.1/pico-sdk/src/rp2_common/hardware_irq/irq.c.obj
 .text.insert_branch_and_link
                0x100016e4       0x40 CMakeFiles/Recon-Rover.dir/C_/Program_Files/Raspberry_Pi/Pico_SDK_v1.5.1/pico-sdk/src/rp2_common/hardware_irq/irq.c.obj
 .text.irq_is_enabled
                0x10001724       0x18 CMakeFiles/Recon-Rover.dir/C_/Program_Files/Raspberry_Pi/Pico_SDK_v1.5.1/pico-sdk/src/rp2_common/hardware_irq/irq.c.obj
                0x10001724                irq_is_enabled
 .text.irq_set_mask_enabled
                0x1000173c       0x20 CMakeFiles/Recon-Rover.dir/C_/Program_Files/Raspberry_Pi/Pico_SDK_v1.5.1/pico-sdk/src/rp2_common/hardware_irq/irq.c.obj
                0x1000173c                irq_set_mask_enabled
 .text.irq_set_enabled
                0x1000175c        0xe CMakeFiles/Recon-Rover.dir/C_/Program_Files/Raspberry_Pi/Pico_SDK_v1.5.1/pico-sdk/src/rp2_common/hardware_irq/irq.c.obj
                0x1000175c                irq_set_enabled
 *fill*         0x1000176a        0x2 
 .text.irq_set_pending
                0x1000176c       0x10 CMakeFiles/Recon-Rover.dir/C_/Program_Files/Raspberry_Pi/Pico_SDK_v1.5.1/pico-sdk/src/rp2_common/hardware_irq/irq.c.obj
                0x1000176c                irq_set_pending
 .text.irq_get_vtable_handler
                0x1000177c       0x10 CMakeFiles/Recon-Rover.dir/C_/Program_Files/Raspberry_Pi/Pico_SDK_v1.5.1/pico-sdk/src/rp2_common/hardware_irq/irq.c.obj
                0x1000177c                irq_get_vtable_handler
 .text.irq_has_shared_handler
                0x1000178c       0x24 CMakeFiles/Recon-Rover.dir/C_/Program_Files/Raspberry_Pi/Pico_SDK_v1.5.1/pico-sdk/src/rp2_common/hardware_irq/irq.c.obj
                0x1000178c                irq_has_shared_handler
 .text.irq_set_exclusive_handler
                0x100017b0       0x54 CMakeFiles/Recon-Rover.dir/C_/Program_Files/Raspberry_Pi/Pico_SDK_v1.5.1/pico-sdk/src/rp2_common/hardware_irq/irq.c.obj
                0x100017b0                irq_set_exclusive_handler
 .text.irq_add_shared_handler
                0x10001804      0x210 CMakeFiles/Recon-Rover.dir/C_/Program_Files/Raspberry_Pi/Pico_SDK_v1.5.1/pico-sdk/src/rp2_common/hardware_irq/irq.c.obj
                0x10001804                irq_add_shared_handler
 .text.irq_remove_handler
                0x10001a14      0x188 CMakeFiles/Recon-Rover.dir/C_/Program_Files/Raspberry_Pi/Pico_SDK_v1.5.1/pico-sdk/src/rp2_common/hardware_irq/irq.c.obj
                0x10001a14                irq_remove_handler
 .text.irq_set_priority
                0x10001b9c       0x28 CMakeFiles/Recon-Rover.dir/C_/Program_Files/Raspberry_Pi/Pico_SDK_v1.5.1/pico-sdk/src/rp2_common/hardware_irq/irq.c.obj
                0x10001b9c                irq_set_priority
 .text.irq_add_tail_to_free_list
                0x10001bc4       0xf0 CMakeFiles/Recon-Rover.dir/C_/Program_Files/Raspberry_Pi/Pico_SDK_v1.5.1/pico-sdk/src/rp2_common/hardware_irq/irq.c.obj
                0x10001bc4                irq_add_tail_to_free_list
 .text.irq_init_priorities
                0x10001cb4       0x1c CMakeFiles/Recon-Rover.dir/C_/Program_Files/Raspberry_Pi/Pico_SDK_v1.5.1/pico-sdk/src/rp2_common/hardware_irq/irq.c.obj
                0x10001cb4                irq_init_priorities
 .text.user_irq_unclaim
                0x10001cd0       0x18 CMakeFiles/Recon-Rover.dir/C_/Program_Files/Raspberry_Pi/Pico_SDK_v1.5.1/pico-sdk/src/rp2_common/hardware_irq/irq.c.obj
                0x10001cd0                user_irq_unclaim
 .text.user_irq_claim_unused
                0x10001ce8       0x2c CMakeFiles/Recon-Rover.dir/C_/Program_Files/Raspberry_Pi/Pico_SDK_v1.5.1/pico-sdk/src/rp2_common/hardware_irq/irq.c.obj
                0x10001ce8                user_irq_claim_unused
 .text.sem_init
                0x10001d14       0x1e CMakeFiles/Recon-Rover.dir/C_/Program_Files/Raspberry_Pi/Pico_SDK_v1.5.1/pico-sdk/src/common/pico_sync/sem.c.obj
                0x10001d14                sem_init
 *fill*         0x10001d32        0x2 
 .text.lock_init
                0x10001d34       0x10 CMakeFiles/Recon-Rover.dir/C_/Program_Files/Raspberry_Pi/Pico_SDK_v1.5.1/pico-sdk/src/common/pico_sync/lock_core.c.obj
                0x10001d34                lock_init
 .text.update_us_since_boot
                0x10001d44       0x24 CMakeFiles/Recon-Rover.dir/C_/Program_Files/Raspberry_Pi/Pico_SDK_v1.5.1/pico-sdk/src/common/pico_sync/mutex.c.obj
 .text.delayed_by_ms
                0x10001d68       0x44 CMakeFiles/Recon-Rover.dir/C_/Program_Files/Raspberry_Pi/Pico_SDK_v1.5.1/pico-sdk/src/common/pico_sync/mutex.c.obj
 .text.get_absolute_time
                0x10001dac       0x22 CMakeFiles/Recon-Rover.dir/C_/Program_Files/Raspberry_Pi/Pico_SDK_v1.5.1/pico-sdk/src/common/pico_sync/mutex.c.obj
 .text.make_timeout_time_ms
                0x10001dce       0x20 CMakeFiles/Recon-Rover.dir/C_/Program_Files/Raspberry_Pi/Pico_SDK_v1.5.1/pico-sdk/src/common/pico_sync/mutex.c.obj
 .text.mutex_init
                0x10001dee       0x1a CMakeFiles/Recon-Rover.dir/C_/Program_Files/Raspberry_Pi/Pico_SDK_v1.5.1/pico-sdk/src/common/pico_sync/mutex.c.obj
                0x10001dee                mutex_init
 .text.recursive_mutex_init
                0x10001e08       0x1e CMakeFiles/Recon-Rover.dir/C_/Program_Files/Raspberry_Pi/Pico_SDK_v1.5.1/pico-sdk/src/common/pico_sync/mutex.c.obj
                0x10001e08                recursive_mutex_init
 *fill*         0x10001e26        0x2 
 .text.critical_section_init_with_lock_num
                0x10001e28       0x14 CMakeFiles/Recon-Rover.dir/C_/Program_Files/Raspberry_Pi/Pico_SDK_v1.5.1/pico-sdk/src/common/pico_sync/critical_section.c.obj
                0x10001e28                critical_section_init_with_lock_num
 .text.critical_section_init
                0x10001e3c       0x14 CMakeFiles/Recon-Rover.dir/C_/Program_Files/Raspberry_Pi/Pico_SDK_v1.5.1/pico-sdk/src/common/pico_sync/critical_section.c.obj
                0x10001e3c                critical_section_init
 .text.time_reached
                0x10001e50       0x28 CMakeFiles/Recon-Rover.dir/C_/Program_Files/Raspberry_Pi/Pico_SDK_v1.5.1/pico-sdk/src/common/pico_time/time.c.obj
 .text.get_entry
                0x10001e78       0x38 CMakeFiles/Recon-Rover.dir/C_/Program_Files/Raspberry_Pi/Pico_SDK_v1.5.1/pico-sdk/src/common/pico_time/time.c.obj
 .text.timer_pool_entry_comparator
                0x10001eb0       0x2e CMakeFiles/Recon-Rover.dir/C_/Program_Files/Raspberry_Pi/Pico_SDK_v1.5.1/pico-sdk/src/common/pico_time/time.c.obj
                0x10001eb0                timer_pool_entry_comparator
 *fill*         0x10001ede        0x2 
 .text.update_us_since_boot
                0x10001ee0       0x24 CMakeFiles/Recon-Rover.dir/C_/Program_Files/Raspberry_Pi/Pico_SDK_v1.5.1/pico-sdk/src/common/pico_time/time.c.obj
 .text.delayed_by_us
                0x10001f04       0x34 CMakeFiles/Recon-Rover.dir/C_/Program_Files/Raspberry_Pi/Pico_SDK_v1.5.1/pico-sdk/src/common/pico_time/time.c.obj
 .text.ph_get_node
                0x10001f38       0x30 CMakeFiles/Recon-Rover.dir/C_/Program_Files/Raspberry_Pi/Pico_SDK_v1.5.1/pico-sdk/src/common/pico_time/time.c.obj
 .text.ph_contains_node
                0x10001f68       0x1e CMakeFiles/Recon-Rover.dir/C_/Program_Files/Raspberry_Pi/Pico_SDK_v1.5.1/pico-sdk/src/common/pico_time/time.c.obj
 .text.ph_new_node
                0x10001f86       0x28 CMakeFiles/Recon-Rover.dir/C_/Program_Files/Raspberry_Pi/Pico_SDK_v1.5.1/pico-sdk/src/common/pico_time/time.c.obj
 *fill*         0x10001fae        0x2 
 .text.ph_add_child_node
                0x10001fb0       0x6c CMakeFiles/Recon-Rover.dir/C_/Program_Files/Raspberry_Pi/Pico_SDK_v1.5.1/pico-sdk/src/common/pico_time/time.c.obj
 .text.ph_merge_nodes
                0x1000201c       0x3e CMakeFiles/Recon-Rover.dir/C_/Program_Files/Raspberry_Pi/Pico_SDK_v1.5.1/pico-sdk/src/common/pico_time/time.c.obj
 *fill*         0x1000205a        0x2 
 .text.ph_insert_node
                0x1000205c       0x3c CMakeFiles/Recon-Rover.dir/C_/Program_Files/Raspberry_Pi/Pico_SDK_v1.5.1/pico-sdk/src/common/pico_time/time.c.obj
 .text.ph_free_node
                0x10002098       0x5c CMakeFiles/Recon-Rover.dir/C_/Program_Files/Raspberry_Pi/Pico_SDK_v1.5.1/pico-sdk/src/common/pico_time/time.c.obj
 .text.get_entry_id_high
                0x100020f4       0x30 CMakeFiles/Recon-Rover.dir/C_/Program_Files/Raspberry_Pi/Pico_SDK_v1.5.1/pico-sdk/src/common/pico_time/time.c.obj
 .text.repeating_timer_callback
                0x10002124       0x40 CMakeFiles/Recon-Rover.dir/C_/Program_Files/Raspberry_Pi/Pico_SDK_v1.5.1/pico-sdk/src/common/pico_time/time.c.obj
 .text.alarm_pool_post_alloc_init
                0x10002164       0x40 CMakeFiles/Recon-Rover.dir/C_/Program_Files/Raspberry_Pi/Pico_SDK_v1.5.1/pico-sdk/src/common/pico_time/time.c.obj
 .text.sleep_until_callback
                0x100021a4       0x30 CMakeFiles/Recon-Rover.dir/C_/Program_Files/Raspberry_Pi/Pico_SDK_v1.5.1/pico-sdk/src/common/pico_time/time.c.obj
 .text.get_absolute_time
                0x100021d4       0x22 CMakeFiles/Recon-Rover.dir/C_/Program_Files/Raspberry_Pi/Pico_SDK_v1.5.1/pico-sdk/src/common/pico_time/time.c.obj
 .text.make_timeout_time_us
                0x100021f6       0x24 CMakeFiles/Recon-Rover.dir/C_/Program_Files/Raspberry_Pi/Pico_SDK_v1.5.1/pico-sdk/src/common/pico_time/time.c.obj
 *fill*         0x1000221a        0x2 
 .text.add_alarm_under_lock
                0x1000221c       0x94 CMakeFiles/Recon-Rover.dir/C_/Program_Files/Raspberry_Pi/Pico_SDK_v1.5.1/pico-sdk/src/common/pico_time/time.c.obj
 .text.alarm_pool_alarm_callback
                0x100022b0      0x210 CMakeFiles/Recon-Rover.dir/C_/Program_Files/Raspberry_Pi/Pico_SDK_v1.5.1/pico-sdk/src/common/pico_time/time.c.obj
 .text.alarm_pool_init_default
                0x100024c0       0x40 CMakeFiles/Recon-Rover.dir/C_/Program_Files/Raspberry_Pi/Pico_SDK_v1.5.1/pico-sdk/src/common/pico_time/time.c.obj
                0x100024c0                alarm_pool_init_default
 .text.alarm_pool_get_default
                0x10002500       0x2c CMakeFiles/Recon-Rover.dir/C_/Program_Files/Raspberry_Pi/Pico_SDK_v1.5.1/pico-sdk/src/common/pico_time/time.c.obj
                0x10002500                alarm_pool_get_default
 .text.alarm_pool_add_alarm_at
                0x1000252c      0x11c CMakeFiles/Recon-Rover.dir/C_/Program_Files/Raspberry_Pi/Pico_SDK_v1.5.1/pico-sdk/src/common/pico_time/time.c.obj
                0x1000252c                alarm_pool_add_alarm_at
 .text.add_alarm_at
                0x10002648       0x2e CMakeFiles/Recon-Rover.dir/C_/Program_Files/Raspberry_Pi/Pico_SDK_v1.5.1/pico-sdk/src/common/pico_time/time.c.obj
 *fill*         0x10002676        0x2 
 .text.alarm_pool_cancel_alarm
                0x10002678       0xa8 CMakeFiles/Recon-Rover.dir/C_/Program_Files/Raspberry_Pi/Pico_SDK_v1.5.1/pico-sdk/src/common/pico_time/time.c.obj
                0x10002678                alarm_pool_cancel_alarm
 .text.cancel_alarm
                0x10002720       0x10 CMakeFiles/Recon-Rover.dir/C_/Program_Files/Raspberry_Pi/Pico_SDK_v1.5.1/pico-sdk/src/common/pico_time/time.c.obj
 .text.alarm_pool_core_num
                0x10002730        0x4 CMakeFiles/Recon-Rover.dir/C_/Program_Files/Raspberry_Pi/Pico_SDK_v1.5.1/pico-sdk/src/common/pico_time/time.c.obj
                0x10002730                alarm_pool_core_num
 .text.alarm_pool_add_repeating_timer_us
                0x10002734       0x5c CMakeFiles/Recon-Rover.dir/C_/Program_Files/Raspberry_Pi/Pico_SDK_v1.5.1/pico-sdk/src/common/pico_time/time.c.obj
                0x10002734                alarm_pool_add_repeating_timer_us
 .text.sleep_until
                0x10002790       0xb0 CMakeFiles/Recon-Rover.dir/C_/Program_Files/Raspberry_Pi/Pico_SDK_v1.5.1/pico-sdk/src/common/pico_time/time.c.obj
                0x10002790                sleep_until
 .text.sleep_us
                0x10002840       0x1a CMakeFiles/Recon-Rover.dir/C_/Program_Files/Raspberry_Pi/Pico_SDK_v1.5.1/pico-sdk/src/common/pico_time/time.c.obj
                0x10002840                sleep_us
 .text.sleep_ms
                0x1000285a       0x14 CMakeFiles/Recon-Rover.dir/C_/Program_Files/Raspberry_Pi/Pico_SDK_v1.5.1/pico-sdk/src/common/pico_time/time.c.obj
                0x1000285a                sleep_ms
 *fill*         0x1000286e        0x2 
 .text.best_effort_wfe_or_timeout
                0x10002870       0x44 CMakeFiles/Recon-Rover.dir/C_/Program_Files/Raspberry_Pi/Pico_SDK_v1.5.1/pico-sdk/src/common/pico_time/time.c.obj
                0x10002870                best_effort_wfe_or_timeout
 .text.hardware_alarm_irq_handler
                0x100028b4       0x8c CMakeFiles/Recon-Rover.dir/C_/Program_Files/Raspberry_Pi/Pico_SDK_v1.5.1/pico-sdk/src/rp2_common/hardware_timer/timer.c.obj
 .text.hardware_alarm_claim
                0x10002940       0x18 CMakeFiles/Recon-Rover.dir/C_/Program_Files/Raspberry_Pi/Pico_SDK_v1.5.1/pico-sdk/src/rp2_common/hardware_timer/timer.c.obj
                0x10002940                hardware_alarm_claim
 .text.time_us_64
                0x10002958       0x18 CMakeFiles/Recon-Rover.dir/C_/Program_Files/Raspberry_Pi/Pico_SDK_v1.5.1/pico-sdk/src/rp2_common/hardware_timer/timer.c.obj
                0x10002958                time_us_64
 .text.busy_wait_until
                0x10002970       0x28 CMakeFiles/Recon-Rover.dir/C_/Program_Files/Raspberry_Pi/Pico_SDK_v1.5.1/pico-sdk/src/rp2_common/hardware_timer/timer.c.obj
                0x10002970                busy_wait_until
 .text.hardware_alarm_set_callback
                0x10002998       0x90 CMakeFiles/Recon-Rover.dir/C_/Program_Files/Raspberry_Pi/Pico_SDK_v1.5.1/pico-sdk/src/rp2_common/hardware_timer/timer.c.obj
                0x10002998                hardware_alarm_set_callback
 .text.hardware_alarm_set_target
                0x10002a28       0xe8 CMakeFiles/Recon-Rover.dir/C_/Program_Files/Raspberry_Pi/Pico_SDK_v1.5.1/pico-sdk/src/rp2_common/hardware_timer/timer.c.obj
                0x10002a28                hardware_alarm_set_target
 .text.hardware_alarm_cancel
                0x10002b10       0x40 CMakeFiles/Recon-Rover.dir/C_/Program_Files/Raspberry_Pi/Pico_SDK_v1.5.1/pico-sdk/src/rp2_common/hardware_timer/timer.c.obj
                0x10002b10                hardware_alarm_cancel
 .text.ph_get_node
                0x10002b50       0x30 CMakeFiles/Recon-Rover.dir/C_/Program_Files/Raspberry_Pi/Pico_SDK_v1.5.1/pico-sdk/src/common/pico_util/pheap.c.obj
 .text.ph_add_child_node
                0x10002b80       0x6c CMakeFiles/Recon-Rover.dir/C_/Program_Files/Raspberry_Pi/Pico_SDK_v1.5.1/pico-sdk/src/common/pico_util/pheap.c.obj
 .text.ph_merge_nodes
                0x10002bec       0x3e CMakeFiles/Recon-Rover.dir/C_/Program_Files/Raspberry_Pi/Pico_SDK_v1.5.1/pico-sdk/src/common/pico_util/pheap.c.obj
 .text.ph_clear
                0x10002c2a       0x34 CMakeFiles/Recon-Rover.dir/C_/Program_Files/Raspberry_Pi/Pico_SDK_v1.5.1/pico-sdk/src/common/pico_util/pheap.c.obj
                0x10002c2a                ph_clear
 .text.ph_post_alloc_init
                0x10002c5e        0xe CMakeFiles/Recon-Rover.dir/C_/Program_Files/Raspberry_Pi/Pico_SDK_v1.5.1/pico-sdk/src/common/pico_util/pheap.c.obj
                0x10002c5e                ph_post_alloc_init
 .text.ph_merge_two_pass
                0x10002c6c       0x5c CMakeFiles/Recon-Rover.dir/C_/Program_Files/Raspberry_Pi/Pico_SDK_v1.5.1/pico-sdk/src/common/pico_util/pheap.c.obj
                0x10002c6c                ph_merge_two_pass
 .text.ph_remove_any_head
                0x10002cc8       0xc0 CMakeFiles/Recon-Rover.dir/C_/Program_Files/Raspberry_Pi/Pico_SDK_v1.5.1/pico-sdk/src/common/pico_util/pheap.c.obj
 .text.ph_remove_head
                0x10002d88       0x14 CMakeFiles/Recon-Rover.dir/C_/Program_Files/Raspberry_Pi/Pico_SDK_v1.5.1/pico-sdk/src/common/pico_util/pheap.c.obj
                0x10002d88                ph_remove_head
 .text.ph_remove_and_free_node
                0x10002d9c       0xa0 CMakeFiles/Recon-Rover.dir/C_/Program_Files/Raspberry_Pi/Pico_SDK_v1.5.1/pico-sdk/src/common/pico_util/pheap.c.obj
                0x10002d9c                ph_remove_and_free_node
 .text.clock_configure
                0x10002e3c      0x108 CMakeFiles/Recon-Rover.dir/C_/Program_Files/Raspberry_Pi/Pico_SDK_v1.5.1/pico-sdk/src/rp2_common/hardware_clocks/clocks.c.obj
                0x10002e3c                clock_configure
 .text.clocks_init
                0x10002f44      0x100 CMakeFiles/Recon-Rover.dir/C_/Program_Files/Raspberry_Pi/Pico_SDK_v1.5.1/pico-sdk/src/rp2_common/hardware_clocks/clocks.c.obj
                0x10002f44                clocks_init
 .text.clock_get_hz
                0x10003044        0xc CMakeFiles/Recon-Rover.dir/C_/Program_Files/Raspberry_Pi/Pico_SDK_v1.5.1/pico-sdk/src/rp2_common/hardware_clocks/clocks.c.obj
                0x10003044                clock_get_hz
 .text.pll_init
                0x10003050      0x120 CMakeFiles/Recon-Rover.dir/C_/Program_Files/Raspberry_Pi/Pico_SDK_v1.5.1/pico-sdk/src/rp2_common/hardware_pll/pll.c.obj
                0x10003050                pll_init
 .text.watchdog_start_tick
                0x10003170       0x10 CMakeFiles/Recon-Rover.dir/C_/Program_Files/Raspberry_Pi/Pico_SDK_v1.5.1/pico-sdk/src/rp2_common/hardware_watchdog/watchdog.c.obj
                0x10003170                watchdog_start_tick
 .text.watchdog_update
                0x10003180       0x14 CMakeFiles/Recon-Rover.dir/C_/Program_Files/Raspberry_Pi/Pico_SDK_v1.5.1/pico-sdk/src/rp2_common/hardware_watchdog/watchdog.c.obj
                0x10003180                watchdog_update
 .text._watchdog_enable
                0x10003194       0x78 CMakeFiles/Recon-Rover.dir/C_/Program_Files/Raspberry_Pi/Pico_SDK_v1.5.1/pico-sdk/src/rp2_common/hardware_watchdog/watchdog.c.obj
                0x10003194                _watchdog_enable
 .text.watchdog_reboot
                0x1000320c       0x48 CMakeFiles/Recon-Rover.dir/C_/Program_Files/Raspberry_Pi/Pico_SDK_v1.5.1/pico-sdk/src/rp2_common/hardware_watchdog/watchdog.c.obj
                0x1000320c                watchdog_reboot
 .text.xosc_init
                0x10003254       0x28 CMakeFiles/Recon-Rover.dir/C_/Program_Files/Raspberry_Pi/Pico_SDK_v1.5.1/pico-sdk/src/rp2_common/hardware_xosc/xosc.c.obj
                0x10003254                xosc_init
 .text._exit    0x1000327c        0x4 CMakeFiles/Recon-Rover.dir/C_/Program_Files/Raspberry_Pi/Pico_SDK_v1.5.1/pico-sdk/src/rp2_common/pico_runtime/runtime.c.obj
                0x1000327c                _exit
 .text.exit     0x10003280        0x6 CMakeFiles/Recon-Rover.dir/C_/Program_Files/Raspberry_Pi/Pico_SDK_v1.5.1/pico-sdk/src/rp2_common/pico_runtime/runtime.c.obj
                0x10003280                exit
 *fill*         0x10003286        0x2 
 .text.__assert_func
                0x10003288       0x38 CMakeFiles/Recon-Rover.dir/C_/Program_Files/Raspberry_Pi/Pico_SDK_v1.5.1/pico-sdk/src/rp2_common/pico_runtime/runtime.c.obj
                0x10003288                __assert_func
 .text.runtime_init
                0x100032c0       0xf8 CMakeFiles/Recon-Rover.dir/C_/Program_Files/Raspberry_Pi/Pico_SDK_v1.5.1/pico-sdk/src/rp2_common/pico_runtime/runtime.c.obj
                0x100032c0                runtime_init
 .text.panic    0x100033b8       0x30 CMakeFiles/Recon-Rover.dir/C_/Program_Files/Raspberry_Pi/Pico_SDK_v1.5.1/pico-sdk/src/rp2_common/pico_runtime/runtime.c.obj
                0x100033b8                panic
 .text.panic_unsupported
                0x100033e8        0xc CMakeFiles/Recon-Rover.dir/C_/Program_Files/Raspberry_Pi/Pico_SDK_v1.5.1/pico-sdk/src/rp2_common/pico_runtime/runtime.c.obj
                0x100033e8                panic_unsupported
 .text._out_buffer
                0x100033f4        0x8 CMakeFiles/Recon-Rover.dir/C_/Program_Files/Raspberry_Pi/Pico_SDK_v1.5.1/pico-sdk/src/rp2_common/pico_printf/printf.c.obj
 .text._out_null
                0x100033fc        0x2 CMakeFiles/Recon-Rover.dir/C_/Program_Files/Raspberry_Pi/Pico_SDK_v1.5.1/pico-sdk/src/rp2_common/pico_printf/printf.c.obj
 .text._out_fct
                0x100033fe        0xe CMakeFiles/Recon-Rover.dir/C_/Program_Files/Raspberry_Pi/Pico_SDK_v1.5.1/pico-sdk/src/rp2_common/pico_printf/printf.c.obj
 .text._atoi    0x1000340c       0x24 CMakeFiles/Recon-Rover.dir/C_/Program_Files/Raspberry_Pi/Pico_SDK_v1.5.1/pico-sdk/src/rp2_common/pico_printf/printf.c.obj
 .text._out_rev
                0x10003430       0xb0 CMakeFiles/Recon-Rover.dir/C_/Program_Files/Raspberry_Pi/Pico_SDK_v1.5.1/pico-sdk/src/rp2_common/pico_printf/printf.c.obj
 .text._ntoa_format
                0x100034e0      0x10e CMakeFiles/Recon-Rover.dir/C_/Program_Files/Raspberry_Pi/Pico_SDK_v1.5.1/pico-sdk/src/rp2_common/pico_printf/printf.c.obj
 .text._ntoa_long
                0x100035ee       0xbc CMakeFiles/Recon-Rover.dir/C_/Program_Files/Raspberry_Pi/Pico_SDK_v1.5.1/pico-sdk/src/rp2_common/pico_printf/printf.c.obj
 .text._ntoa_long_long
                0x100036aa      0x10e CMakeFiles/Recon-Rover.dir/C_/Program_Files/Raspberry_Pi/Pico_SDK_v1.5.1/pico-sdk/src/rp2_common/pico_printf/printf.c.obj
 .text._etoa    0x100037b8      0x424 CMakeFiles/Recon-Rover.dir/C_/Program_Files/Raspberry_Pi/Pico_SDK_v1.5.1/pico-sdk/src/rp2_common/pico_printf/printf.c.obj
 .text._ftoa    0x10003bdc      0x348 CMakeFiles/Recon-Rover.dir/C_/Program_Files/Raspberry_Pi/Pico_SDK_v1.5.1/pico-sdk/src/rp2_common/pico_printf/printf.c.obj
 .text._vsnprintf
                0x10003f24      0x6a4 CMakeFiles/Recon-Rover.dir/C_/Program_Files/Raspberry_Pi/Pico_SDK_v1.5.1/pico-sdk/src/rp2_common/pico_printf/printf.c.obj
 .text.__wrap_snprintf
                0x100045c8       0x28 CMakeFiles/Recon-Rover.dir/C_/Program_Files/Raspberry_Pi/Pico_SDK_v1.5.1/pico-sdk/src/rp2_common/pico_printf/printf.c.obj
                0x100045c8                __wrap_snprintf
 .text.vfctprintf
                0x100045f0       0x24 CMakeFiles/Recon-Rover.dir/C_/Program_Files/Raspberry_Pi/Pico_SDK_v1.5.1/pico-sdk/src/rp2_common/pico_printf/printf.c.obj
                0x100045f0                vfctprintf
 .text          0x10004614       0x10 CMakeFiles/Recon-Rover.dir/C_/Program_Files/Raspberry_Pi/Pico_SDK_v1.5.1/pico-sdk/src/rp2_common/pico_bit_ops/bit_ops_aeabi.S.obj
 .text.ctzsi    0x10004624        0xc CMakeFiles/Recon-Rover.dir/C_/Program_Files/Raspberry_Pi/Pico_SDK_v1.5.1/pico-sdk/src/rp2_common/pico_bit_ops/bit_ops_aeabi.S.obj
                0x10004624                __wrap___ctzsi2
 .text.rom_func_lookup
                0x10004630       0x10 CMakeFiles/Recon-Rover.dir/C_/Program_Files/Raspberry_Pi/Pico_SDK_v1.5.1/pico-sdk/src/rp2_common/pico_bootrom/bootrom.c.obj
                0x10004630                rom_func_lookup
 .text.rom_data_lookup
                0x10004640       0x10 CMakeFiles/Recon-Rover.dir/C_/Program_Files/Raspberry_Pi/Pico_SDK_v1.5.1/pico-sdk/src/rp2_common/pico_bootrom/bootrom.c.obj
                0x10004640                rom_data_lookup
 .text.rom_funcs_lookup
                0x10004650       0x36 CMakeFiles/Recon-Rover.dir/C_/Program_Files/Raspberry_Pi/Pico_SDK_v1.5.1/pico-sdk/src/rp2_common/pico_bootrom/bootrom.c.obj
                0x10004650                rom_funcs_lookup
 *fill*         0x10004686        0x2 
 .text.__wrap___aeabi_idiv
                0x10004688       0x50 CMakeFiles/Recon-Rover.dir/C_/Program_Files/Raspberry_Pi/Pico_SDK_v1.5.1/pico-sdk/src/rp2_common/pico_divider/divider.S.obj
                0x10004688                __wrap___aeabi_idivmod
                0x10004688                divmod_s32s32
                0x10004688                div_s32s32
                0x10004688                __wrap___aeabi_idiv
                0x10004690                divmod_s32s32_unsafe
                0x100046bc                divmod_s32s32_savestate
 .text.__wrap___aeabi_uidiv
                0x100046d8       0x4c CMakeFiles/Recon-Rover.dir/C_/Program_Files/Raspberry_Pi/Pico_SDK_v1.5.1/pico-sdk/src/rp2_common/pico_divider/divider.S.obj
                0x100046d8                __wrap___aeabi_uidiv
                0x100046d8                __wrap___aeabi_uidivmod
                0x100046d8                div_u32u32
                0x100046d8                divmod_u32u32
                0x100046e0                divmod_u32u32_unsafe
                0x10004708                divmod_u32u32_savestate
 .text.__wrap___aeabi_ldiv
                0x10004724      0x424 CMakeFiles/Recon-Rover.dir/C_/Program_Files/Raspberry_Pi/Pico_SDK_v1.5.1/pico-sdk/src/rp2_common/pico_divider/divider.S.obj
                0x10004724                div_s64s64
                0x10004724                divmod_s64s64
                0x10004724                __wrap___aeabi_ldivmod
                0x10004754                divmod_u64u64
                0x10004754                div_u64u64
                0x10004754                __wrap___aeabi_uldivmod
                0x10004764                divmod_u64u64_savestate
                0x10004784                divmod_s64s64_unsafe
                0x1000480c                divmod_u64u64_unsafe
 .text.__wrap___aeabi_darithmetic
                0x10004b48       0x60 CMakeFiles/Recon-Rover.dir/C_/Program_Files/Raspberry_Pi/Pico_SDK_v1.5.1/pico-sdk/src/rp2_common/pico_double/double_aeabi.S.obj
                0x10004b48                __wrap___aeabi_drsub
                0x10004b4e                __wrap___aeabi_dsub
                0x10004b58                __wrap___aeabi_dadd
                0x10004b62                __wrap___aeabi_ddiv
                0x10004b96                __wrap___aeabi_dmul
 .text.__wrap___aeabi_cdcmple
                0x10004ba8       0x6c CMakeFiles/Recon-Rover.dir/C_/Program_Files/Raspberry_Pi/Pico_SDK_v1.5.1/pico-sdk/src/rp2_common/pico_double/double_aeabi.S.obj
                0x10004ba8                __wrap___aeabi_cdrcmple
                0x10004bb8                __wrap___aeabi_cdcmpeq
                0x10004bb8                __wrap___aeabi_cdcmple
 .text.__wrap___aeabi_dcmplt
                0x10004c14        0xc CMakeFiles/Recon-Rover.dir/C_/Program_Files/Raspberry_Pi/Pico_SDK_v1.5.1/pico-sdk/src/rp2_common/pico_double/double_aeabi.S.obj
                0x10004c14                __wrap___aeabi_dcmplt
 .text.__wrap___aeabi_dcmple
                0x10004c20       0x10 CMakeFiles/Recon-Rover.dir/C_/Program_Files/Raspberry_Pi/Pico_SDK_v1.5.1/pico-sdk/src/rp2_common/pico_double/double_aeabi.S.obj
                0x10004c20                __wrap___aeabi_dcmple
 .text.__wrap___aeabi_dcmpge
                0x10004c30       0x10 CMakeFiles/Recon-Rover.dir/C_/Program_Files/Raspberry_Pi/Pico_SDK_v1.5.1/pico-sdk/src/rp2_common/pico_double/double_aeabi.S.obj
                0x10004c30                __wrap___aeabi_dcmpge
 .text.__wrap___aeabi_dcmpgt
                0x10004c40        0xa CMakeFiles/Recon-Rover.dir/C_/Program_Files/Raspberry_Pi/Pico_SDK_v1.5.1/pico-sdk/src/rp2_common/pico_double/double_aeabi.S.obj
                0x10004c40                __wrap___aeabi_dcmpgt
 .text.__wrap___aeabi_dcmpun
                0x10004c4a       0x1c CMakeFiles/Recon-Rover.dir/C_/Program_Files/Raspberry_Pi/Pico_SDK_v1.5.1/pico-sdk/src/rp2_common/pico_double/double_aeabi.S.obj
                0x10004c4a                __wrap___aeabi_dcmpun
 *fill*         0x10004c66        0x2 
 .text.__wrap___aeabi_i2d
                0x10004c68       0x38 CMakeFiles/Recon-Rover.dir/C_/Program_Files/Raspberry_Pi/Pico_SDK_v1.5.1/pico-sdk/src/rp2_common/pico_double/double_aeabi.S.obj
                0x10004c68                __wrap___aeabi_ui2d
                0x10004c70                __wrap___aeabi_i2d
 .text.__wrap___aeabi_d2iz
                0x10004ca0       0x48 CMakeFiles/Recon-Rover.dir/C_/Program_Files/Raspberry_Pi/Pico_SDK_v1.5.1/pico-sdk/src/rp2_common/pico_double/double_aeabi.S.obj
                0x10004ca0                double2int_z
                0x10004ca0                __wrap___aeabi_d2iz
 .text.__wrap___aeabi_d2uiz
                0x10004ce8       0x10 CMakeFiles/Recon-Rover.dir/C_/Program_Files/Raspberry_Pi/Pico_SDK_v1.5.1/pico-sdk/src/rp2_common/pico_double/double_aeabi.S.obj
                0x10004ce8                __wrap___aeabi_d2uiz
                0x10004ce8                double2uint
 .text.missing_double_func_shim
                0x10004cf8        0xc CMakeFiles/Recon-Rover.dir/C_/Program_Files/Raspberry_Pi/Pico_SDK_v1.5.1/pico-sdk/src/rp2_common/pico_double/double_init_rom.c.obj
 .text.__aeabi_double_init
                0x10004d04       0xd0 CMakeFiles/Recon-Rover.dir/C_/Program_Files/Raspberry_Pi/Pico_SDK_v1.5.1/pico-sdk/src/rp2_common/pico_double/double_init_rom.c.obj
                0x10004d04                __aeabi_double_init
 .text.double_table_shim_on_use_helper
                0x10004dd4       0x34 CMakeFiles/Recon-Rover.dir/ae783cfadb10a0055c655bcf0b179659/pico-sdk/src/rp2_common/pico_double/double_v1_rom_shim.S.obj
                0x10004dd4                double_table_shim_on_use_helper
 .text.__aeabi_lmul
                0x10004e08       0x32 CMakeFiles/Recon-Rover.dir/ae783cfadb10a0055c655bcf0b179659/pico-sdk/src/rp2_common/pico_int64_ops/pico_int64_ops_aeabi.S.obj
                0x10004e08                __wrap___aeabi_lmul
 *fill*         0x10004e3a        0x2 
 .text.__wrap___aeabi_i2f
                0x10004e3c       0x44 CMakeFiles/Recon-Rover.dir/C_/Program_Files/Raspberry_Pi/Pico_SDK_v1.5.1/pico-sdk/src/rp2_common/pico_float/float_aeabi.S.obj
                0x10004e3c                __wrap___aeabi_i2f
 .text.__wrap___aeabi_f2d
                0x10004e80        0xc CMakeFiles/Recon-Rover.dir/C_/Program_Files/Raspberry_Pi/Pico_SDK_v1.5.1/pico-sdk/src/rp2_common/pico_float/float_aeabi.S.obj
                0x10004e80                __wrap___aeabi_f2d
 .text.missing_float_func_shim
                0x10004e8c        0xc CMakeFiles/Recon-Rover.dir/C_/Program_Files/Raspberry_Pi/Pico_SDK_v1.5.1/pico-sdk/src/rp2_common/pico_float/float_init_rom.c.obj
 .text.__aeabi_float_init
                0x10004e98       0x88 CMakeFiles/Recon-Rover.dir/C_/Program_Files/Raspberry_Pi/Pico_SDK_v1.5.1/pico-sdk/src/rp2_common/pico_float/float_init_rom.c.obj
                0x10004e98                __aeabi_float_init
 .text          0x10004f20       0x10 CMakeFiles/Recon-Rover.dir/C_/Program_Files/Raspberry_Pi/Pico_SDK_v1.5.1/pico-sdk/src/rp2_common/pico_mem_ops/mem_ops_aeabi.S.obj
                0x10004f20                __aeabi_mem_init
 .text.memset   0x10004f30        0xc CMakeFiles/Recon-Rover.dir/C_/Program_Files/Raspberry_Pi/Pico_SDK_v1.5.1/pico-sdk/src/rp2_common/pico_mem_ops/mem_ops_aeabi.S.obj
                0x10004f30                __wrap_memset
 .text.memcpy   0x10004f3c        0xc CMakeFiles/Recon-Rover.dir/C_/Program_Files/Raspberry_Pi/Pico_SDK_v1.5.1/pico-sdk/src/rp2_common/pico_mem_ops/mem_ops_aeabi.S.obj
                0x10004f3c                __wrap_memcpy
                0x10004f3c                __wrap___aeabi_memcpy
 .text.stdio_out_chars_no_crlf
                0x10004f48        0xe CMakeFiles/Recon-Rover.dir/C_/Program_Files/Raspberry_Pi/Pico_SDK_v1.5.1/pico-sdk/src/rp2_common/pico_stdio/stdio.c.obj
 *fill*         0x10004f56        0x2 
 .text.stdio_out_chars_crlf
                0x10004f58       0x80 CMakeFiles/Recon-Rover.dir/C_/Program_Files/Raspberry_Pi/Pico_SDK_v1.5.1/pico-sdk/src/rp2_common/pico_stdio/stdio.c.obj
 .text.stdio_stack_buffer_flush
                0x10004fd8       0x44 CMakeFiles/Recon-Rover.dir/C_/Program_Files/Raspberry_Pi/Pico_SDK_v1.5.1/pico-sdk/src/rp2_common/pico_stdio/stdio.c.obj
 .text.stdio_buffered_printer
                0x1000501c       0x20 CMakeFiles/Recon-Rover.dir/C_/Program_Files/Raspberry_Pi/Pico_SDK_v1.5.1/pico-sdk/src/rp2_common/pico_stdio/stdio.c.obj
 .text.update_us_since_boot
                0x1000503c       0x24 CMakeFiles/Recon-Rover.dir/C_/Program_Files/Raspberry_Pi/Pico_SDK_v1.5.1/pico-sdk/src/rp2_common/pico_stdio/stdio.c.obj
 .text.get_absolute_time
                0x10005060       0x22 CMakeFiles/Recon-Rover.dir/C_/Program_Files/Raspberry_Pi/Pico_SDK_v1.5.1/pico-sdk/src/rp2_common/pico_stdio/stdio.c.obj
 *fill*         0x10005082        0x2 
 .text.delayed_by_ms
                0x10005084       0x44 CMakeFiles/Recon-Rover.dir/C_/Program_Files/Raspberry_Pi/Pico_SDK_v1.5.1/pico-sdk/src/rp2_common/pico_stdio/stdio.c.obj
 .text.make_timeout_time_ms
                0x100050c8       0x20 CMakeFiles/Recon-Rover.dir/C_/Program_Files/Raspberry_Pi/Pico_SDK_v1.5.1/pico-sdk/src/rp2_common/pico_stdio/stdio.c.obj
 .text.stdout_serialize_begin
                0x100050e8       0x20 CMakeFiles/Recon-Rover.dir/C_/Program_Files/Raspberry_Pi/Pico_SDK_v1.5.1/pico-sdk/src/rp2_common/pico_stdio/stdio.c.obj
                0x100050e8                stdout_serialize_begin
 .text.stdout_serialize_end
                0x10005108       0x10 CMakeFiles/Recon-Rover.dir/C_/Program_Files/Raspberry_Pi/Pico_SDK_v1.5.1/pico-sdk/src/rp2_common/pico_stdio/stdio.c.obj
                0x10005108                stdout_serialize_end
 .text.stdio_put_string
                0x10005118       0x98 CMakeFiles/Recon-Rover.dir/C_/Program_Files/Raspberry_Pi/Pico_SDK_v1.5.1/pico-sdk/src/rp2_common/pico_stdio/stdio.c.obj
 .text.stdio_set_driver_enabled
                0x100051b0       0x30 CMakeFiles/Recon-Rover.dir/C_/Program_Files/Raspberry_Pi/Pico_SDK_v1.5.1/pico-sdk/src/rp2_common/pico_stdio/stdio.c.obj
                0x100051b0                stdio_set_driver_enabled
 .text.stdio_flush
                0x100051e0       0x20 CMakeFiles/Recon-Rover.dir/C_/Program_Files/Raspberry_Pi/Pico_SDK_v1.5.1/pico-sdk/src/rp2_common/pico_stdio/stdio.c.obj
                0x100051e0                stdio_flush
 .text.__wrap_puts
                0x10005200       0x1e CMakeFiles/Recon-Rover.dir/C_/Program_Files/Raspberry_Pi/Pico_SDK_v1.5.1/pico-sdk/src/rp2_common/pico_stdio/stdio.c.obj
                0x10005200                __wrap_puts
 *fill*         0x1000521e        0x2 
 .text.__wrap_vprintf
                0x10005220       0x40 CMakeFiles/Recon-Rover.dir/C_/Program_Files/Raspberry_Pi/Pico_SDK_v1.5.1/pico-sdk/src/rp2_common/pico_stdio/stdio.c.obj
                0x10005220                __wrap_vprintf
 .text.__wrap_printf
                0x10005260       0x18 CMakeFiles/Recon-Rover.dir/C_/Program_Files/Raspberry_Pi/Pico_SDK_v1.5.1/pico-sdk/src/rp2_common/pico_stdio/stdio.c.obj
                0x10005260                __wrap_printf
 .text.stdio_init_all
                0x10005278        0x8 CMakeFiles/Recon-Rover.dir/C_/Program_Files/Raspberry_Pi/Pico_SDK_v1.5.1/pico-sdk/src/rp2_common/pico_stdio/stdio.c.obj
                0x10005278                stdio_init_all
 .text.resetd_init
                0x10005280        0x2 CMakeFiles/Recon-Rover.dir/ae783cfadb10a0055c655bcf0b179659/pico-sdk/src/rp2_common/pico_stdio_usb/reset_interface.c.obj
 *fill*         0x10005282        0x2 
 .text.resetd_reset
                0x10005284        0xc CMakeFiles/Recon-Rover.dir/ae783cfadb10a0055c655bcf0b179659/pico-sdk/src/rp2_common/pico_stdio_usb/reset_interface.c.obj
 .text.resetd_open
                0x10005290       0x34 CMakeFiles/Recon-Rover.dir/ae783cfadb10a0055c655bcf0b179659/pico-sdk/src/rp2_common/pico_stdio_usb/reset_interface.c.obj
 .text.resetd_xfer_cb
                0x100052c4        0x4 CMakeFiles/Recon-Rover.dir/ae783cfadb10a0055c655bcf0b179659/pico-sdk/src/rp2_common/pico_stdio_usb/reset_interface.c.obj
 .text.reset_usb_boot
                0x100052c8       0x18 CMakeFiles/Recon-Rover.dir/ae783cfadb10a0055c655bcf0b179659/pico-sdk/src/rp2_common/pico_stdio_usb/reset_interface.c.obj
 .text.resetd_control_xfer_cb
                0x100052e0       0x5c CMakeFiles/Recon-Rover.dir/ae783cfadb10a0055c655bcf0b179659/pico-sdk/src/rp2_common/pico_stdio_usb/reset_interface.c.obj
 .text.usbd_app_driver_get_cb
                0x1000533c        0xc CMakeFiles/Recon-Rover.dir/ae783cfadb10a0055c655bcf0b179659/pico-sdk/src/rp2_common/pico_stdio_usb/reset_interface.c.obj
                0x1000533c                usbd_app_driver_get_cb
 .text.tud_cdc_line_coding_cb
                0x10005348       0x28 CMakeFiles/Recon-Rover.dir/ae783cfadb10a0055c655bcf0b179659/pico-sdk/src/rp2_common/pico_stdio_usb/reset_interface.c.obj
                0x10005348                tud_cdc_line_coding_cb
 .text.stdio_usb_set_chars_available_callback
                0x10005370       0x14 CMakeFiles/Recon-Rover.dir/C_/Program_Files/Raspberry_Pi/Pico_SDK_v1.5.1/pico-sdk/src/rp2_common/pico_stdio_usb/stdio_usb.c.obj
                0x10005370                stdio_usb_set_chars_available_callback
 .text.update_us_since_boot
                0x10005384       0x24 CMakeFiles/Recon-Rover.dir/C_/Program_Files/Raspberry_Pi/Pico_SDK_v1.5.1/pico-sdk/src/rp2_common/pico_stdio_usb/stdio_usb.c.obj
 .text.get_absolute_time
                0x100053a8       0x22 CMakeFiles/Recon-Rover.dir/C_/Program_Files/Raspberry_Pi/Pico_SDK_v1.5.1/pico-sdk/src/rp2_common/pico_stdio_usb/stdio_usb.c.obj
 *fill*         0x100053ca        0x2 
 .text.delayed_by_ms
                0x100053cc       0x44 CMakeFiles/Recon-Rover.dir/C_/Program_Files/Raspberry_Pi/Pico_SDK_v1.5.1/pico-sdk/src/rp2_common/pico_stdio_usb/stdio_usb.c.obj
 .text.make_timeout_time_ms
                0x10005410       0x20 CMakeFiles/Recon-Rover.dir/C_/Program_Files/Raspberry_Pi/Pico_SDK_v1.5.1/pico-sdk/src/rp2_common/pico_stdio_usb/stdio_usb.c.obj
 .text.delayed_by_us
                0x10005430       0x34 CMakeFiles/Recon-Rover.dir/C_/Program_Files/Raspberry_Pi/Pico_SDK_v1.5.1/pico-sdk/src/rp2_common/pico_stdio_usb/stdio_usb.c.obj
 .text.usb_irq  0x10005464       0x10 CMakeFiles/Recon-Rover.dir/C_/Program_Files/Raspberry_Pi/Pico_SDK_v1.5.1/pico-sdk/src/rp2_common/pico_stdio_usb/stdio_usb.c.obj
 .text.critical_section_enter_blocking
                0x10005474       0x16 CMakeFiles/Recon-Rover.dir/C_/Program_Files/Raspberry_Pi/Pico_SDK_v1.5.1/pico-sdk/src/rp2_common/pico_stdio_usb/stdio_usb.c.obj
 *fill*         0x1000548a        0x2 
 .text.timer_task
                0x1000548c       0x4c CMakeFiles/Recon-Rover.dir/C_/Program_Files/Raspberry_Pi/Pico_SDK_v1.5.1/pico-sdk/src/rp2_common/pico_stdio_usb/stdio_usb.c.obj
 .text.alarm_pool_add_alarm_in_us
                0x100054d8       0x44 CMakeFiles/Recon-Rover.dir/C_/Program_Files/Raspberry_Pi/Pico_SDK_v1.5.1/pico-sdk/src/rp2_common/pico_stdio_usb/stdio_usb.c.obj
 .text.add_alarm_in_us
                0x1000551c       0x2e CMakeFiles/Recon-Rover.dir/C_/Program_Files/Raspberry_Pi/Pico_SDK_v1.5.1/pico-sdk/src/rp2_common/pico_stdio_usb/stdio_usb.c.obj
 *fill*         0x1000554a        0x2 
 .text.low_priority_worker_irq
                0x1000554c       0x78 CMakeFiles/Recon-Rover.dir/C_/Program_Files/Raspberry_Pi/Pico_SDK_v1.5.1/pico-sdk/src/rp2_common/pico_stdio_usb/stdio_usb.c.obj
 .text.tud_cdc_rx_cb
                0x100055c4       0x20 CMakeFiles/Recon-Rover.dir/C_/Program_Files/Raspberry_Pi/Pico_SDK_v1.5.1/pico-sdk/src/rp2_common/pico_stdio_usb/stdio_usb.c.obj
                0x100055c4                tud_cdc_rx_cb
 .text.stdio_usb_init
                0x100055e4       0xd0 CMakeFiles/Recon-Rover.dir/C_/Program_Files/Raspberry_Pi/Pico_SDK_v1.5.1/pico-sdk/src/rp2_common/pico_stdio_usb/stdio_usb.c.obj
                0x100055e4                stdio_usb_init
 .text.stdio_usb_connected
                0x100056b4        0xa CMakeFiles/Recon-Rover.dir/C_/Program_Files/Raspberry_Pi/Pico_SDK_v1.5.1/pico-sdk/src/rp2_common/pico_stdio_usb/stdio_usb.c.obj
                0x100056b4                stdio_usb_connected
 *fill*         0x100056be        0x2 
 .text.stdio_usb_in_chars
                0x100056c0       0x88 CMakeFiles/Recon-Rover.dir/C_/Program_Files/Raspberry_Pi/Pico_SDK_v1.5.1/pico-sdk/src/rp2_common/pico_stdio_usb/stdio_usb.c.obj
                0x100056c0                stdio_usb_in_chars
 .text.stdio_usb_out_chars
                0x10005748       0xd8 CMakeFiles/Recon-Rover.dir/C_/Program_Files/Raspberry_Pi/Pico_SDK_v1.5.1/pico-sdk/src/rp2_common/pico_stdio_usb/stdio_usb.c.obj
 .text.tud_descriptor_device_cb
                0x10005820        0x8 CMakeFiles/Recon-Rover.dir/ae783cfadb10a0055c655bcf0b179659/pico-sdk/src/rp2_common/pico_stdio_usb/stdio_usb_descriptors.c.obj
                0x10005820                tud_descriptor_device_cb
 .text.tud_descriptor_configuration_cb
                0x10005828        0x8 CMakeFiles/Recon-Rover.dir/ae783cfadb10a0055c655bcf0b179659/pico-sdk/src/rp2_common/pico_stdio_usb/stdio_usb_descriptors.c.obj
                0x10005828                tud_descriptor_configuration_cb
 .text.tud_descriptor_string_cb
                0x10005830       0x6c CMakeFiles/Recon-Rover.dir/ae783cfadb10a0055c655bcf0b179659/pico-sdk/src/rp2_common/pico_stdio_usb/stdio_usb_descriptors.c.obj
                0x10005830                tud_descriptor_string_cb
 .text._retrieve_unique_id_on_boot
                0x1000589c       0x10 CMakeFiles/Recon-Rover.dir/C_/Program_Files/Raspberry_Pi/Pico_SDK_v1.5.1/pico-sdk/src/rp2_common/pico_unique_id/unique_id.c.obj
 .text.pico_get_unique_board_id
                0x100058ac       0x10 CMakeFiles/Recon-Rover.dir/C_/Program_Files/Raspberry_Pi/Pico_SDK_v1.5.1/pico-sdk/src/rp2_common/pico_unique_id/unique_id.c.obj
                0x100058ac                pico_get_unique_board_id
 .text.pico_get_unique_board_id_string
                0x100058bc       0x58 CMakeFiles/Recon-Rover.dir/C_/Program_Files/Raspberry_Pi/Pico_SDK_v1.5.1/pico-sdk/src/rp2_common/pico_unique_id/unique_id.c.obj
                0x100058bc                pico_get_unique_board_id_string
 .text.flash_get_unique_id
                0x10005914       0x40 CMakeFiles/Recon-Rover.dir/C_/Program_Files/Raspberry_Pi/Pico_SDK_v1.5.1/pico-sdk/src/rp2_common/hardware_flash/flash.c.obj
                0x10005914                flash_get_unique_id
 .text.hw_endpoint_get_by_addr
                0x10005954       0x18 CMakeFiles/Recon-Rover.dir/ae783cfadb10a0055c655bcf0b179659/pico-sdk/lib/tinyusb/src/portable/raspberrypi/rp2040/dcd_rp2040.c.obj
 .text._hw_endpoint_alloc
                0x1000596c       0x70 CMakeFiles/Recon-Rover.dir/ae783cfadb10a0055c655bcf0b179659/pico-sdk/lib/tinyusb/src/portable/raspberrypi/rp2040/dcd_rp2040.c.obj
 .text.hw_endpoint_init
                0x100059dc       0x8c CMakeFiles/Recon-Rover.dir/ae783cfadb10a0055c655bcf0b179659/pico-sdk/lib/tinyusb/src/portable/raspberrypi/rp2040/dcd_rp2040.c.obj
 .text.dcd_event_sof
                0x10005a68       0x2a CMakeFiles/Recon-Rover.dir/ae783cfadb10a0055c655bcf0b179659/pico-sdk/lib/tinyusb/src/portable/raspberrypi/rp2040/dcd_rp2040.c.obj
 .text.hw_endpoint_xfer
                0x10005a92       0x14 CMakeFiles/Recon-Rover.dir/ae783cfadb10a0055c655bcf0b179659/pico-sdk/lib/tinyusb/src/portable/raspberrypi/rp2040/dcd_rp2040.c.obj
 *fill*         0x10005aa6        0x2 
 .text.dcd_int_enable
                0x10005aa8       0x2c CMakeFiles/Recon-Rover.dir/ae783cfadb10a0055c655bcf0b179659/pico-sdk/lib/tinyusb/src/portable/raspberrypi/rp2040/dcd_rp2040.c.obj
                0x10005aa8                dcd_int_enable
 .text.dcd_set_address
                0x10005ad4       0x2c CMakeFiles/Recon-Rover.dir/ae783cfadb10a0055c655bcf0b179659/pico-sdk/lib/tinyusb/src/portable/raspberrypi/rp2040/dcd_rp2040.c.obj
                0x10005ad4                dcd_set_address
 .text.dcd_connect
                0x10005b00       0x10 CMakeFiles/Recon-Rover.dir/ae783cfadb10a0055c655bcf0b179659/pico-sdk/lib/tinyusb/src/portable/raspberrypi/rp2040/dcd_rp2040.c.obj
                0x10005b00                dcd_connect
 .text.dcd_init
                0x10005b10       0x80 CMakeFiles/Recon-Rover.dir/ae783cfadb10a0055c655bcf0b179659/pico-sdk/lib/tinyusb/src/portable/raspberrypi/rp2040/dcd_rp2040.c.obj
                0x10005b10                dcd_init
 .text.dcd_edpt0_status_complete
                0x10005b90       0x1c CMakeFiles/Recon-Rover.dir/ae783cfadb10a0055c655bcf0b179659/pico-sdk/lib/tinyusb/src/portable/raspberrypi/rp2040/dcd_rp2040.c.obj
                0x10005b90                dcd_edpt0_status_complete
 .text.dcd_edpt_open
                0x10005bac       0x40 CMakeFiles/Recon-Rover.dir/ae783cfadb10a0055c655bcf0b179659/pico-sdk/lib/tinyusb/src/portable/raspberrypi/rp2040/dcd_rp2040.c.obj
                0x10005bac                dcd_edpt_open
 .text.dcd_edpt_close_all
                0x10005bec        0x8 CMakeFiles/Recon-Rover.dir/ae783cfadb10a0055c655bcf0b179659/pico-sdk/lib/tinyusb/src/portable/raspberrypi/rp2040/dcd_rp2040.c.obj
                0x10005bec                dcd_edpt_close_all
 .text.dcd_edpt_xfer
                0x10005bf4       0x34 CMakeFiles/Recon-Rover.dir/ae783cfadb10a0055c655bcf0b179659/pico-sdk/lib/tinyusb/src/portable/raspberrypi/rp2040/dcd_rp2040.c.obj
                0x10005bf4                dcd_edpt_xfer
 .text.dcd_edpt_stall
                0x10005c28       0x2c CMakeFiles/Recon-Rover.dir/ae783cfadb10a0055c655bcf0b179659/pico-sdk/lib/tinyusb/src/portable/raspberrypi/rp2040/dcd_rp2040.c.obj
                0x10005c28                dcd_edpt_stall
 .text.dcd_edpt_clear_stall
                0x10005c54       0x20 CMakeFiles/Recon-Rover.dir/ae783cfadb10a0055c655bcf0b179659/pico-sdk/lib/tinyusb/src/portable/raspberrypi/rp2040/dcd_rp2040.c.obj
                0x10005c54                dcd_edpt_clear_stall
 .text.rp2040_usb_init
                0x10005c74       0x4c CMakeFiles/Recon-Rover.dir/ae783cfadb10a0055c655bcf0b179659/pico-sdk/lib/tinyusb/src/portable/raspberrypi/rp2040/rp2040_usb.c.obj
                0x10005c74                rp2040_usb_init
 .text.hw_endpoint_xfer_start
                0x10005cc0       0x50 CMakeFiles/Recon-Rover.dir/ae783cfadb10a0055c655bcf0b179659/pico-sdk/lib/tinyusb/src/portable/raspberrypi/rp2040/rp2040_usb.c.obj
                0x10005cc0                hw_endpoint_xfer_start
 .text.configuration_reset
                0x10005d10       0x84 CMakeFiles/Recon-Rover.dir/C_/Program_Files/Raspberry_Pi/Pico_SDK_v1.5.1/pico-sdk/lib/tinyusb/src/device/usbd.c.obj
 .text.critical_section_enter_blocking
                0x10005d94       0x16 CMakeFiles/Recon-Rover.dir/C_/Program_Files/Raspberry_Pi/Pico_SDK_v1.5.1/pico-sdk/lib/tinyusb/src/device/usbd.c.obj
 .text.usbd_reset
                0x10005daa        0xc CMakeFiles/Recon-Rover.dir/C_/Program_Files/Raspberry_Pi/Pico_SDK_v1.5.1/pico-sdk/lib/tinyusb/src/device/usbd.c.obj
 .text.invoke_class_control
                0x10005db6       0x1a CMakeFiles/Recon-Rover.dir/C_/Program_Files/Raspberry_Pi/Pico_SDK_v1.5.1/pico-sdk/lib/tinyusb/src/device/usbd.c.obj
 .text.process_set_config
                0x10005dd0      0x178 CMakeFiles/Recon-Rover.dir/C_/Program_Files/Raspberry_Pi/Pico_SDK_v1.5.1/pico-sdk/lib/tinyusb/src/device/usbd.c.obj
 .text.process_get_descriptor
                0x10005f48       0xdc CMakeFiles/Recon-Rover.dir/C_/Program_Files/Raspberry_Pi/Pico_SDK_v1.5.1/pico-sdk/lib/tinyusb/src/device/usbd.c.obj
 .text.tud_mounted
                0x10006024       0x10 CMakeFiles/Recon-Rover.dir/C_/Program_Files/Raspberry_Pi/Pico_SDK_v1.5.1/pico-sdk/lib/tinyusb/src/device/usbd.c.obj
                0x10006024                tud_mounted
 .text.tud_suspended
                0x10006034       0x10 CMakeFiles/Recon-Rover.dir/C_/Program_Files/Raspberry_Pi/Pico_SDK_v1.5.1/pico-sdk/lib/tinyusb/src/device/usbd.c.obj
                0x10006034                tud_suspended
 .text.tud_inited
                0x10006044       0x14 CMakeFiles/Recon-Rover.dir/C_/Program_Files/Raspberry_Pi/Pico_SDK_v1.5.1/pico-sdk/lib/tinyusb/src/device/usbd.c.obj
                0x10006044                tud_inited
 .text.tud_init
                0x10006058       0xd0 CMakeFiles/Recon-Rover.dir/C_/Program_Files/Raspberry_Pi/Pico_SDK_v1.5.1/pico-sdk/lib/tinyusb/src/device/usbd.c.obj
                0x10006058                tud_init
 .text.usbd_defer_func
                0x10006128       0x2a CMakeFiles/Recon-Rover.dir/C_/Program_Files/Raspberry_Pi/Pico_SDK_v1.5.1/pico-sdk/lib/tinyusb/src/device/usbd.c.obj
                0x10006128                usbd_defer_func
 *fill*         0x10006152        0x2 
 .text.usbd_edpt_open
                0x10006154       0x34 CMakeFiles/Recon-Rover.dir/C_/Program_Files/Raspberry_Pi/Pico_SDK_v1.5.1/pico-sdk/lib/tinyusb/src/device/usbd.c.obj
                0x10006154                usbd_edpt_open
 .text.usbd_open_edpt_pair
                0x10006188       0x62 CMakeFiles/Recon-Rover.dir/C_/Program_Files/Raspberry_Pi/Pico_SDK_v1.5.1/pico-sdk/lib/tinyusb/src/device/usbd.c.obj
                0x10006188                usbd_open_edpt_pair
 *fill*         0x100061ea        0x2 
 .text.usbd_edpt_claim
                0x100061ec       0x28 CMakeFiles/Recon-Rover.dir/C_/Program_Files/Raspberry_Pi/Pico_SDK_v1.5.1/pico-sdk/lib/tinyusb/src/device/usbd.c.obj
                0x100061ec                usbd_edpt_claim
 .text.usbd_edpt_release
                0x10006214       0x28 CMakeFiles/Recon-Rover.dir/C_/Program_Files/Raspberry_Pi/Pico_SDK_v1.5.1/pico-sdk/lib/tinyusb/src/device/usbd.c.obj
                0x10006214                usbd_edpt_release
 .text.usbd_edpt_xfer
                0x1000623c       0x78 CMakeFiles/Recon-Rover.dir/C_/Program_Files/Raspberry_Pi/Pico_SDK_v1.5.1/pico-sdk/lib/tinyusb/src/device/usbd.c.obj
                0x1000623c                usbd_edpt_xfer
 .text.usbd_edpt_stall
                0x100062b4       0x48 CMakeFiles/Recon-Rover.dir/C_/Program_Files/Raspberry_Pi/Pico_SDK_v1.5.1/pico-sdk/lib/tinyusb/src/device/usbd.c.obj
                0x100062b4                usbd_edpt_stall
 .text.usbd_edpt_clear_stall
                0x100062fc       0x48 CMakeFiles/Recon-Rover.dir/C_/Program_Files/Raspberry_Pi/Pico_SDK_v1.5.1/pico-sdk/lib/tinyusb/src/device/usbd.c.obj
                0x100062fc                usbd_edpt_clear_stall
 .text.usbd_edpt_stalled
                0x10006344       0x1c CMakeFiles/Recon-Rover.dir/C_/Program_Files/Raspberry_Pi/Pico_SDK_v1.5.1/pico-sdk/lib/tinyusb/src/device/usbd.c.obj
                0x10006344                usbd_edpt_stalled
 .text.process_control_request
                0x10006360      0x36c CMakeFiles/Recon-Rover.dir/C_/Program_Files/Raspberry_Pi/Pico_SDK_v1.5.1/pico-sdk/lib/tinyusb/src/device/usbd.c.obj
 .text.tud_task_ext
                0x100066cc      0x1a8 CMakeFiles/Recon-Rover.dir/C_/Program_Files/Raspberry_Pi/Pico_SDK_v1.5.1/pico-sdk/lib/tinyusb/src/device/usbd.c.obj
                0x100066cc                tud_task_ext
 .text._status_stage_xact
                0x10006874       0x1a CMakeFiles/Recon-Rover.dir/C_/Program_Files/Raspberry_Pi/Pico_SDK_v1.5.1/pico-sdk/lib/tinyusb/src/device/usbd_control.c.obj
 *fill*         0x1000688e        0x2 
 .text._data_stage_xact
                0x10006890       0x58 CMakeFiles/Recon-Rover.dir/C_/Program_Files/Raspberry_Pi/Pico_SDK_v1.5.1/pico-sdk/lib/tinyusb/src/device/usbd_control.c.obj
 .text.tud_control_status
                0x100068e8       0x28 CMakeFiles/Recon-Rover.dir/C_/Program_Files/Raspberry_Pi/Pico_SDK_v1.5.1/pico-sdk/lib/tinyusb/src/device/usbd_control.c.obj
                0x100068e8                tud_control_status
 .text.tud_control_xfer
                0x10006910       0x68 CMakeFiles/Recon-Rover.dir/C_/Program_Files/Raspberry_Pi/Pico_SDK_v1.5.1/pico-sdk/lib/tinyusb/src/device/usbd_control.c.obj
                0x10006910                tud_control_xfer
 .text.usbd_control_reset
                0x10006978       0x14 CMakeFiles/Recon-Rover.dir/C_/Program_Files/Raspberry_Pi/Pico_SDK_v1.5.1/pico-sdk/lib/tinyusb/src/device/usbd_control.c.obj
                0x10006978                usbd_control_reset
 .text.usbd_control_set_complete_callback
                0x1000698c        0xc CMakeFiles/Recon-Rover.dir/C_/Program_Files/Raspberry_Pi/Pico_SDK_v1.5.1/pico-sdk/lib/tinyusb/src/device/usbd_control.c.obj
                0x1000698c                usbd_control_set_complete_callback
 .text.usbd_control_set_request
                0x10006998       0x1c CMakeFiles/Recon-Rover.dir/C_/Program_Files/Raspberry_Pi/Pico_SDK_v1.5.1/pico-sdk/lib/tinyusb/src/device/usbd_control.c.obj
                0x10006998                usbd_control_set_request
 .text.usbd_control_xfer_cb
                0x100069b4       0xbc CMakeFiles/Recon-Rover.dir/C_/Program_Files/Raspberry_Pi/Pico_SDK_v1.5.1/pico-sdk/lib/tinyusb/src/device/usbd_control.c.obj
                0x100069b4                usbd_control_xfer_cb
 .text._prep_out_transaction
                0x10006a70       0x4a CMakeFiles/Recon-Rover.dir/C_/Program_Files/Raspberry_Pi/Pico_SDK_v1.5.1/pico-sdk/lib/tinyusb/src/class/cdc/cdc_device.c.obj
 *fill*         0x10006aba        0x2 
 .text.tud_cdc_n_connected
                0x10006abc       0x38 CMakeFiles/Recon-Rover.dir/C_/Program_Files/Raspberry_Pi/Pico_SDK_v1.5.1/pico-sdk/lib/tinyusb/src/class/cdc/cdc_device.c.obj
                0x10006abc                tud_cdc_n_connected
 .text.tud_cdc_n_available
                0x10006af4       0x18 CMakeFiles/Recon-Rover.dir/C_/Program_Files/Raspberry_Pi/Pico_SDK_v1.5.1/pico-sdk/lib/tinyusb/src/class/cdc/cdc_device.c.obj
                0x10006af4                tud_cdc_n_available
 .text.tud_cdc_n_read
                0x10006b0c       0x28 CMakeFiles/Recon-Rover.dir/C_/Program_Files/Raspberry_Pi/Pico_SDK_v1.5.1/pico-sdk/lib/tinyusb/src/class/cdc/cdc_device.c.obj
                0x10006b0c                tud_cdc_n_read
 .text.tud_cdc_n_write_flush
                0x10006b34       0xac CMakeFiles/Recon-Rover.dir/C_/Program_Files/Raspberry_Pi/Pico_SDK_v1.5.1/pico-sdk/lib/tinyusb/src/class/cdc/cdc_device.c.obj
                0x10006b34                tud_cdc_n_write_flush
 .text.tud_cdc_n_write
                0x10006be0       0x38 CMakeFiles/Recon-Rover.dir/C_/Program_Files/Raspberry_Pi/Pico_SDK_v1.5.1/pico-sdk/lib/tinyusb/src/class/cdc/cdc_device.c.obj
                0x10006be0                tud_cdc_n_write
 .text.tud_cdc_n_write_available
                0x10006c18       0x1c CMakeFiles/Recon-Rover.dir/C_/Program_Files/Raspberry_Pi/Pico_SDK_v1.5.1/pico-sdk/lib/tinyusb/src/class/cdc/cdc_device.c.obj
                0x10006c18                tud_cdc_n_write_available
 .text.cdcd_init
                0x10006c34       0xbc CMakeFiles/Recon-Rover.dir/C_/Program_Files/Raspberry_Pi/Pico_SDK_v1.5.1/pico-sdk/lib/tinyusb/src/class/cdc/cdc_device.c.obj
                0x10006c34                cdcd_init
 .text.cdcd_reset
                0x10006cf0       0x44 CMakeFiles/Recon-Rover.dir/C_/Program_Files/Raspberry_Pi/Pico_SDK_v1.5.1/pico-sdk/lib/tinyusb/src/class/cdc/cdc_device.c.obj
                0x10006cf0                cdcd_reset
 .text.cdcd_open
                0x10006d34       0xc4 CMakeFiles/Recon-Rover.dir/C_/Program_Files/Raspberry_Pi/Pico_SDK_v1.5.1/pico-sdk/lib/tinyusb/src/class/cdc/cdc_device.c.obj
                0x10006d34                cdcd_open
 .text.cdcd_control_xfer_cb
                0x10006df8      0x12c CMakeFiles/Recon-Rover.dir/C_/Program_Files/Raspberry_Pi/Pico_SDK_v1.5.1/pico-sdk/lib/tinyusb/src/class/cdc/cdc_device.c.obj
                0x10006df8                cdcd_control_xfer_cb
 .text.cdcd_xfer_cb
                0x10006f24      0x130 CMakeFiles/Recon-Rover.dir/C_/Program_Files/Raspberry_Pi/Pico_SDK_v1.5.1/pico-sdk/lib/tinyusb/src/class/cdc/cdc_device.c.obj
                0x10006f24                cdcd_xfer_cb
 .text.tusb_init
                0x10007054        0xa CMakeFiles/Recon-Rover.dir/C_/Program_Files/Raspberry_Pi/Pico_SDK_v1.5.1/pico-sdk/lib/tinyusb/src/tusb.c.obj
                0x10007054                tusb_init
 .text.tusb_inited
                0x1000705e        0xe CMakeFiles/Recon-Rover.dir/C_/Program_Files/Raspberry_Pi/Pico_SDK_v1.5.1/pico-sdk/lib/tinyusb/src/tusb.c.obj
                0x1000705e                tusb_inited
 .text.tu_edpt_claim
                0x1000706c       0x50 CMakeFiles/Recon-Rover.dir/C_/Program_Files/Raspberry_Pi/Pico_SDK_v1.5.1/pico-sdk/lib/tinyusb/src/tusb.c.obj
                0x1000706c                tu_edpt_claim
 .text.tu_edpt_release
                0x100070bc       0x38 CMakeFiles/Recon-Rover.dir/C_/Program_Files/Raspberry_Pi/Pico_SDK_v1.5.1/pico-sdk/lib/tinyusb/src/tusb.c.obj
                0x100070bc                tu_edpt_release
 .text.tu_edpt_validate
                0x100070f4       0x78 CMakeFiles/Recon-Rover.dir/C_/Program_Files/Raspberry_Pi/Pico_SDK_v1.5.1/pico-sdk/lib/tinyusb/src/tusb.c.obj
                0x100070f4                tu_edpt_validate
 .text.tu_edpt_bind_driver
                0x1000716c       0x26 CMakeFiles/Recon-Rover.dir/C_/Program_Files/Raspberry_Pi/Pico_SDK_v1.5.1/pico-sdk/lib/tinyusb/src/tusb.c.obj
                0x1000716c                tu_edpt_bind_driver
 .text.advance_index
                0x10007192       0x1a CMakeFiles/Recon-Rover.dir/C_/Program_Files/Raspberry_Pi/Pico_SDK_v1.5.1/pico-sdk/lib/tinyusb/src/common/tusb_fifo.c.obj
 .text._tu_fifo_peek
                0x100071ac       0x56 CMakeFiles/Recon-Rover.dir/C_/Program_Files/Raspberry_Pi/Pico_SDK_v1.5.1/pico-sdk/lib/tinyusb/src/common/tusb_fifo.c.obj
 .text._ff_pull_const_addr
                0x10007202       0x4c CMakeFiles/Recon-Rover.dir/C_/Program_Files/Raspberry_Pi/Pico_SDK_v1.5.1/pico-sdk/lib/tinyusb/src/common/tusb_fifo.c.obj
 .text._ff_pull_n
                0x1000724e      0x110 CMakeFiles/Recon-Rover.dir/C_/Program_Files/Raspberry_Pi/Pico_SDK_v1.5.1/pico-sdk/lib/tinyusb/src/common/tusb_fifo.c.obj
 .text._tu_fifo_peek_n
                0x1000735e       0x6a CMakeFiles/Recon-Rover.dir/C_/Program_Files/Raspberry_Pi/Pico_SDK_v1.5.1/pico-sdk/lib/tinyusb/src/common/tusb_fifo.c.obj
 .text._tu_fifo_read_n
                0x100073c8       0x4e CMakeFiles/Recon-Rover.dir/C_/Program_Files/Raspberry_Pi/Pico_SDK_v1.5.1/pico-sdk/lib/tinyusb/src/common/tusb_fifo.c.obj
 .text._ff_push_const_addr
                0x10007416       0x40 CMakeFiles/Recon-Rover.dir/C_/Program_Files/Raspberry_Pi/Pico_SDK_v1.5.1/pico-sdk/lib/tinyusb/src/common/tusb_fifo.c.obj
 .text._ff_push_n
                0x10007456      0x10c CMakeFiles/Recon-Rover.dir/C_/Program_Files/Raspberry_Pi/Pico_SDK_v1.5.1/pico-sdk/lib/tinyusb/src/common/tusb_fifo.c.obj
 .text._tu_fifo_write_n
                0x10007562       0xf0 CMakeFiles/Recon-Rover.dir/C_/Program_Files/Raspberry_Pi/Pico_SDK_v1.5.1/pico-sdk/lib/tinyusb/src/common/tusb_fifo.c.obj
 .text.tu_fifo_config
                0x10007652       0x7c CMakeFiles/Recon-Rover.dir/C_/Program_Files/Raspberry_Pi/Pico_SDK_v1.5.1/pico-sdk/lib/tinyusb/src/common/tusb_fifo.c.obj
                0x10007652                tu_fifo_config
 .text.tu_fifo_count
                0x100076ce       0x2c CMakeFiles/Recon-Rover.dir/C_/Program_Files/Raspberry_Pi/Pico_SDK_v1.5.1/pico-sdk/lib/tinyusb/src/common/tusb_fifo.c.obj
                0x100076ce                tu_fifo_count
 .text.tu_fifo_empty
                0x100076fa        0xe CMakeFiles/Recon-Rover.dir/C_/Program_Files/Raspberry_Pi/Pico_SDK_v1.5.1/pico-sdk/lib/tinyusb/src/common/tusb_fifo.c.obj
                0x100076fa                tu_fifo_empty
 .text.tu_fifo_full
                0x10007708       0x2a CMakeFiles/Recon-Rover.dir/C_/Program_Files/Raspberry_Pi/Pico_SDK_v1.5.1/pico-sdk/lib/tinyusb/src/common/tusb_fifo.c.obj
                0x10007708                tu_fifo_full
 .text.tu_fifo_remaining
                0x10007732       0x2e CMakeFiles/Recon-Rover.dir/C_/Program_Files/Raspberry_Pi/Pico_SDK_v1.5.1/pico-sdk/lib/tinyusb/src/common/tusb_fifo.c.obj
                0x10007732                tu_fifo_remaining
 .text.tu_fifo_read
                0x10007760       0x42 CMakeFiles/Recon-Rover.dir/C_/Program_Files/Raspberry_Pi/Pico_SDK_v1.5.1/pico-sdk/lib/tinyusb/src/common/tusb_fifo.c.obj
                0x10007760                tu_fifo_read
 .text.tu_fifo_read_n
                0x100077a2        0xa CMakeFiles/Recon-Rover.dir/C_/Program_Files/Raspberry_Pi/Pico_SDK_v1.5.1/pico-sdk/lib/tinyusb/src/common/tusb_fifo.c.obj
                0x100077a2                tu_fifo_read_n
 .text.tu_fifo_write
                0x100077ac       0x64 CMakeFiles/Recon-Rover.dir/C_/Program_Files/Raspberry_Pi/Pico_SDK_v1.5.1/pico-sdk/lib/tinyusb/src/common/tusb_fifo.c.obj
                0x100077ac                tu_fifo_write
 .text.tu_fifo_write_n
                0x10007810        0xa CMakeFiles/Recon-Rover.dir/C_/Program_Files/Raspberry_Pi/Pico_SDK_v1.5.1/pico-sdk/lib/tinyusb/src/common/tusb_fifo.c.obj
                0x10007810                tu_fifo_write_n
 .text.tu_fifo_clear
                0x1000781a       0x3e CMakeFiles/Recon-Rover.dir/C_/Program_Files/Raspberry_Pi/Pico_SDK_v1.5.1/pico-sdk/lib/tinyusb/src/common/tusb_fifo.c.obj
                0x1000781a                tu_fifo_clear
 .text.tu_fifo_set_overwritable
                0x10007858       0x46 CMakeFiles/Recon-Rover.dir/C_/Program_Files/Raspberry_Pi/Pico_SDK_v1.5.1/pico-sdk/lib/tinyusb/src/common/tusb_fifo.c.obj
                0x10007858                tu_fifo_set_overwritable
 .text.lwip_init
                0x1000789e       0x1c CMakeFiles/Recon-Rover.dir/C_/Program_Files/Raspberry_Pi/Pico_SDK_v1.5.1/pico-sdk/lib/lwip/src/core/init.c.obj
                0x1000789e                lwip_init
 .text.lwip_htons
                0x100078ba        0xa CMakeFiles/Recon-Rover.dir/C_/Program_Files/Raspberry_Pi/Pico_SDK_v1.5.1/pico-sdk/lib/lwip/src/core/def.c.obj
                0x100078ba                lwip_htons
 .text.lwip_htonl
                0x100078c4       0x1e CMakeFiles/Recon-Rover.dir/C_/Program_Files/Raspberry_Pi/Pico_SDK_v1.5.1/pico-sdk/lib/lwip/src/core/def.c.obj
                0x100078c4                lwip_htonl
 .text.lwip_standard_chksum
                0x100078e2       0x5c CMakeFiles/Recon-Rover.dir/C_/Program_Files/Raspberry_Pi/Pico_SDK_v1.5.1/pico-sdk/lib/lwip/src/core/inet_chksum.c.obj
                0x100078e2                lwip_standard_chksum
 .text.inet_cksum_pseudo_base
                0x1000793e       0x82 CMakeFiles/Recon-Rover.dir/C_/Program_Files/Raspberry_Pi/Pico_SDK_v1.5.1/pico-sdk/lib/lwip/src/core/inet_chksum.c.obj
 .text.inet_chksum_pseudo
                0x100079c0       0x30 CMakeFiles/Recon-Rover.dir/C_/Program_Files/Raspberry_Pi/Pico_SDK_v1.5.1/pico-sdk/lib/lwip/src/core/inet_chksum.c.obj
                0x100079c0                inet_chksum_pseudo
 .text.ip_chksum_pseudo
                0x100079f0       0x10 CMakeFiles/Recon-Rover.dir/C_/Program_Files/Raspberry_Pi/Pico_SDK_v1.5.1/pico-sdk/lib/lwip/src/core/inet_chksum.c.obj
                0x100079f0                ip_chksum_pseudo
 .text.inet_chksum
                0x10007a00        0xc CMakeFiles/Recon-Rover.dir/C_/Program_Files/Raspberry_Pi/Pico_SDK_v1.5.1/pico-sdk/lib/lwip/src/core/inet_chksum.c.obj
                0x10007a00                inet_chksum
 .text.inet_chksum_pbuf
                0x10007a0c       0x52 CMakeFiles/Recon-Rover.dir/C_/Program_Files/Raspberry_Pi/Pico_SDK_v1.5.1/pico-sdk/lib/lwip/src/core/inet_chksum.c.obj
                0x10007a0c                inet_chksum_pbuf
 *fill*         0x10007a5e        0x2 
 .text.ptr_to_mem
                0x10007a60        0xc CMakeFiles/Recon-Rover.dir/C_/Program_Files/Raspberry_Pi/Pico_SDK_v1.5.1/pico-sdk/lib/lwip/src/core/mem.c.obj
 .text.mem_to_ptr
                0x10007a6c       0x10 CMakeFiles/Recon-Rover.dir/C_/Program_Files/Raspberry_Pi/Pico_SDK_v1.5.1/pico-sdk/lib/lwip/src/core/mem.c.obj
 .text.mem_link_valid
                0x10007a7c       0x5c CMakeFiles/Recon-Rover.dir/C_/Program_Files/Raspberry_Pi/Pico_SDK_v1.5.1/pico-sdk/lib/lwip/src/core/mem.c.obj
 .text.plug_holes
                0x10007ad8       0xd0 CMakeFiles/Recon-Rover.dir/C_/Program_Files/Raspberry_Pi/Pico_SDK_v1.5.1/pico-sdk/lib/lwip/src/core/mem.c.obj
 .text.mem_init
                0x10007ba8       0x40 CMakeFiles/Recon-Rover.dir/C_/Program_Files/Raspberry_Pi/Pico_SDK_v1.5.1/pico-sdk/lib/lwip/src/core/mem.c.obj
                0x10007ba8                mem_init
 .text.mem_free
                0x10007be8       0x84 CMakeFiles/Recon-Rover.dir/C_/Program_Files/Raspberry_Pi/Pico_SDK_v1.5.1/pico-sdk/lib/lwip/src/core/mem.c.obj
                0x10007be8                mem_free
 .text.mem_trim
                0x10007c6c      0x134 CMakeFiles/Recon-Rover.dir/C_/Program_Files/Raspberry_Pi/Pico_SDK_v1.5.1/pico-sdk/lib/lwip/src/core/mem.c.obj
                0x10007c6c                mem_trim
 .text.mem_malloc
                0x10007da0      0x12c CMakeFiles/Recon-Rover.dir/C_/Program_Files/Raspberry_Pi/Pico_SDK_v1.5.1/pico-sdk/lib/lwip/src/core/mem.c.obj
                0x10007da0                mem_malloc
 .text.do_memp_malloc_pool
                0x10007ecc       0x30 CMakeFiles/Recon-Rover.dir/C_/Program_Files/Raspberry_Pi/Pico_SDK_v1.5.1/pico-sdk/lib/lwip/src/core/memp.c.obj
 .text.do_memp_free_pool
                0x10007efc       0x28 CMakeFiles/Recon-Rover.dir/C_/Program_Files/Raspberry_Pi/Pico_SDK_v1.5.1/pico-sdk/lib/lwip/src/core/memp.c.obj
 .text.memp_init_pool
                0x10007f24       0x2a CMakeFiles/Recon-Rover.dir/C_/Program_Files/Raspberry_Pi/Pico_SDK_v1.5.1/pico-sdk/lib/lwip/src/core/memp.c.obj
                0x10007f24                memp_init_pool
 *fill*         0x10007f4e        0x2 
 .text.memp_init
                0x10007f50       0x20 CMakeFiles/Recon-Rover.dir/C_/Program_Files/Raspberry_Pi/Pico_SDK_v1.5.1/pico-sdk/lib/lwip/src/core/memp.c.obj
                0x10007f50                memp_init
 .text.memp_malloc
                0x10007f70       0x1c CMakeFiles/Recon-Rover.dir/C_/Program_Files/Raspberry_Pi/Pico_SDK_v1.5.1/pico-sdk/lib/lwip/src/core/memp.c.obj
                0x10007f70                memp_malloc
 .text.memp_free
                0x10007f8c       0x1c CMakeFiles/Recon-Rover.dir/C_/Program_Files/Raspberry_Pi/Pico_SDK_v1.5.1/pico-sdk/lib/lwip/src/core/memp.c.obj
                0x10007f8c                memp_free
 .text.netif_do_set_netmask
                0x10007fa8       0x12 CMakeFiles/Recon-Rover.dir/C_/Program_Files/Raspberry_Pi/Pico_SDK_v1.5.1/pico-sdk/lib/lwip/src/core/netif.c.obj
 .text.netif_do_set_gw
                0x10007fba       0x12 CMakeFiles/Recon-Rover.dir/C_/Program_Files/Raspberry_Pi/Pico_SDK_v1.5.1/pico-sdk/lib/lwip/src/core/netif.c.obj
 .text.netif_null_output_ip4
                0x10007fcc        0x6 CMakeFiles/Recon-Rover.dir/C_/Program_Files/Raspberry_Pi/Pico_SDK_v1.5.1/pico-sdk/lib/lwip/src/core/netif.c.obj
 *fill*         0x10007fd2        0x2 
 .text.netif_issue_reports
                0x10007fd4       0x14 CMakeFiles/Recon-Rover.dir/C_/Program_Files/Raspberry_Pi/Pico_SDK_v1.5.1/pico-sdk/lib/lwip/src/core/netif.c.obj
 .text.netif_do_ip_addr_changed
                0x10007fe8       0x1c CMakeFiles/Recon-Rover.dir/C_/Program_Files/Raspberry_Pi/Pico_SDK_v1.5.1/pico-sdk/lib/lwip/src/core/netif.c.obj
 .text.netif_do_set_ipaddr
                0x10008004       0x58 CMakeFiles/Recon-Rover.dir/C_/Program_Files/Raspberry_Pi/Pico_SDK_v1.5.1/pico-sdk/lib/lwip/src/core/netif.c.obj
 .text.netif_init
                0x1000805c        0x2 CMakeFiles/Recon-Rover.dir/C_/Program_Files/Raspberry_Pi/Pico_SDK_v1.5.1/pico-sdk/lib/lwip/src/core/netif.c.obj
                0x1000805c                netif_init
 *fill*         0x1000805e        0x2 
 .text.netif_set_addr
                0x10008060       0x78 CMakeFiles/Recon-Rover.dir/C_/Program_Files/Raspberry_Pi/Pico_SDK_v1.5.1/pico-sdk/lib/lwip/src/core/netif.c.obj
                0x10008060                netif_set_addr
 .text.netif_add
                0x100080d8      0x10c CMakeFiles/Recon-Rover.dir/C_/Program_Files/Raspberry_Pi/Pico_SDK_v1.5.1/pico-sdk/lib/lwip/src/core/netif.c.obj
                0x100080d8                netif_add
 .text.netif_set_default
                0x100081e4        0xc CMakeFiles/Recon-Rover.dir/C_/Program_Files/Raspberry_Pi/Pico_SDK_v1.5.1/pico-sdk/lib/lwip/src/core/netif.c.obj
                0x100081e4                netif_set_default
 .text.netif_set_up
                0x100081f0       0x20 CMakeFiles/Recon-Rover.dir/C_/Program_Files/Raspberry_Pi/Pico_SDK_v1.5.1/pico-sdk/lib/lwip/src/core/netif.c.obj
                0x100081f0                netif_set_up
 .text.netif_set_down
                0x10008210       0x24 CMakeFiles/Recon-Rover.dir/C_/Program_Files/Raspberry_Pi/Pico_SDK_v1.5.1/pico-sdk/lib/lwip/src/core/netif.c.obj
                0x10008210                netif_set_down
 .text.netif_remove
                0x10008234       0x64 CMakeFiles/Recon-Rover.dir/C_/Program_Files/Raspberry_Pi/Pico_SDK_v1.5.1/pico-sdk/lib/lwip/src/core/netif.c.obj
                0x10008234                netif_remove
 .text.netif_set_link_up
                0x10008298       0x26 CMakeFiles/Recon-Rover.dir/C_/Program_Files/Raspberry_Pi/Pico_SDK_v1.5.1/pico-sdk/lib/lwip/src/core/netif.c.obj
                0x10008298                netif_set_link_up
 .text.netif_set_link_down
                0x100082be       0x1e CMakeFiles/Recon-Rover.dir/C_/Program_Files/Raspberry_Pi/Pico_SDK_v1.5.1/pico-sdk/lib/lwip/src/core/netif.c.obj
                0x100082be                netif_set_link_down
 .text.netif_get_by_index
                0x100082dc       0x24 CMakeFiles/Recon-Rover.dir/C_/Program_Files/Raspberry_Pi/Pico_SDK_v1.5.1/pico-sdk/lib/lwip/src/core/netif.c.obj
                0x100082dc                netif_get_by_index
 .text.pbuf_init_alloced_pbuf
                0x10008300       0x20 CMakeFiles/Recon-Rover.dir/C_/Program_Files/Raspberry_Pi/Pico_SDK_v1.5.1/pico-sdk/lib/lwip/src/core/pbuf.c.obj
 .text.pbuf_pool_is_empty
                0x10008320       0x18 CMakeFiles/Recon-Rover.dir/C_/Program_Files/Raspberry_Pi/Pico_SDK_v1.5.1/pico-sdk/lib/lwip/src/core/pbuf.c.obj
 .text.pbuf_add_header_impl
                0x10008338       0x68 CMakeFiles/Recon-Rover.dir/C_/Program_Files/Raspberry_Pi/Pico_SDK_v1.5.1/pico-sdk/lib/lwip/src/core/pbuf.c.obj
 .text.pbuf_free_ooseq
                0x100083a0       0x30 CMakeFiles/Recon-Rover.dir/C_/Program_Files/Raspberry_Pi/Pico_SDK_v1.5.1/pico-sdk/lib/lwip/src/core/pbuf.c.obj
                0x100083a0                pbuf_free_ooseq
 .text.pbuf_alloc_reference
                0x100083d0       0x3c CMakeFiles/Recon-Rover.dir/C_/Program_Files/Raspberry_Pi/Pico_SDK_v1.5.1/pico-sdk/lib/lwip/src/core/pbuf.c.obj
                0x100083d0                pbuf_alloc_reference
 .text.pbuf_alloced_custom
                0x1000840c       0x3c CMakeFiles/Recon-Rover.dir/C_/Program_Files/Raspberry_Pi/Pico_SDK_v1.5.1/pico-sdk/lib/lwip/src/core/pbuf.c.obj
                0x1000840c                pbuf_alloced_custom
 .text.pbuf_add_header
                0x10008448        0xa CMakeFiles/Recon-Rover.dir/C_/Program_Files/Raspberry_Pi/Pico_SDK_v1.5.1/pico-sdk/lib/lwip/src/core/pbuf.c.obj
                0x10008448                pbuf_add_header
 *fill*         0x10008452        0x2 
 .text.pbuf_remove_header
                0x10008454       0x44 CMakeFiles/Recon-Rover.dir/C_/Program_Files/Raspberry_Pi/Pico_SDK_v1.5.1/pico-sdk/lib/lwip/src/core/pbuf.c.obj
                0x10008454                pbuf_remove_header
 .text.pbuf_header_impl
                0x10008498       0x14 CMakeFiles/Recon-Rover.dir/C_/Program_Files/Raspberry_Pi/Pico_SDK_v1.5.1/pico-sdk/lib/lwip/src/core/pbuf.c.obj
 .text.pbuf_header_force
                0x100084ac        0xa CMakeFiles/Recon-Rover.dir/C_/Program_Files/Raspberry_Pi/Pico_SDK_v1.5.1/pico-sdk/lib/lwip/src/core/pbuf.c.obj
                0x100084ac                pbuf_header_force
 *fill*         0x100084b6        0x2 
 .text.pbuf_free
                0x100084b8       0x98 CMakeFiles/Recon-Rover.dir/C_/Program_Files/Raspberry_Pi/Pico_SDK_v1.5.1/pico-sdk/lib/lwip/src/core/pbuf.c.obj
                0x100084b8                pbuf_free
 .text.pbuf_alloc
                0x10008550      0x144 CMakeFiles/Recon-Rover.dir/C_/Program_Files/Raspberry_Pi/Pico_SDK_v1.5.1/pico-sdk/lib/lwip/src/core/pbuf.c.obj
                0x10008550                pbuf_alloc
 .text.pbuf_realloc
                0x10008694       0x88 CMakeFiles/Recon-Rover.dir/C_/Program_Files/Raspberry_Pi/Pico_SDK_v1.5.1/pico-sdk/lib/lwip/src/core/pbuf.c.obj
                0x10008694                pbuf_realloc
 .text.pbuf_clen
                0x1000871c       0x12 CMakeFiles/Recon-Rover.dir/C_/Program_Files/Raspberry_Pi/Pico_SDK_v1.5.1/pico-sdk/lib/lwip/src/core/pbuf.c.obj
                0x1000871c                pbuf_clen
 *fill*         0x1000872e        0x2 
 .text.pbuf_ref
                0x10008730       0x28 CMakeFiles/Recon-Rover.dir/C_/Program_Files/Raspberry_Pi/Pico_SDK_v1.5.1/pico-sdk/lib/lwip/src/core/pbuf.c.obj
                0x10008730                pbuf_ref
 .text.pbuf_cat
                0x10008758       0x38 CMakeFiles/Recon-Rover.dir/C_/Program_Files/Raspberry_Pi/Pico_SDK_v1.5.1/pico-sdk/lib/lwip/src/core/pbuf.c.obj
                0x10008758                pbuf_cat
 .text.pbuf_chain
                0x10008790       0x10 CMakeFiles/Recon-Rover.dir/C_/Program_Files/Raspberry_Pi/Pico_SDK_v1.5.1/pico-sdk/lib/lwip/src/core/pbuf.c.obj
                0x10008790                pbuf_chain
 .text.pbuf_copy_partial_pbuf
                0x100087a0      0x114 CMakeFiles/Recon-Rover.dir/C_/Program_Files/Raspberry_Pi/Pico_SDK_v1.5.1/pico-sdk/lib/lwip/src/core/pbuf.c.obj
                0x100087a0                pbuf_copy_partial_pbuf
 .text.pbuf_copy
                0x100088b4       0x16 CMakeFiles/Recon-Rover.dir/C_/Program_Files/Raspberry_Pi/Pico_SDK_v1.5.1/pico-sdk/lib/lwip/src/core/pbuf.c.obj
                0x100088b4                pbuf_copy
 .text.pbuf_copy_partial
                0x100088ca       0x72 CMakeFiles/Recon-Rover.dir/C_/Program_Files/Raspberry_Pi/Pico_SDK_v1.5.1/pico-sdk/lib/lwip/src/core/pbuf.c.obj
                0x100088ca                pbuf_copy_partial
 .text.pbuf_take
                0x1000893c       0x7c CMakeFiles/Recon-Rover.dir/C_/Program_Files/Raspberry_Pi/Pico_SDK_v1.5.1/pico-sdk/lib/lwip/src/core/pbuf.c.obj
                0x1000893c                pbuf_take
 .text.pbuf_clone
                0x100089b8       0x2c CMakeFiles/Recon-Rover.dir/C_/Program_Files/Raspberry_Pi/Pico_SDK_v1.5.1/pico-sdk/lib/lwip/src/core/pbuf.c.obj
                0x100089b8                pbuf_clone
 .text.raw_input_local_match
                0x100089e4       0x5c CMakeFiles/Recon-Rover.dir/C_/Program_Files/Raspberry_Pi/Pico_SDK_v1.5.1/pico-sdk/lib/lwip/src/core/raw.c.obj
 .text.raw_input
                0x10008a40       0xb4 CMakeFiles/Recon-Rover.dir/C_/Program_Files/Raspberry_Pi/Pico_SDK_v1.5.1/pico-sdk/lib/lwip/src/core/raw.c.obj
                0x10008a40                raw_input
 .text.raw_netif_ip_addr_changed
                0x10008af4       0x38 CMakeFiles/Recon-Rover.dir/C_/Program_Files/Raspberry_Pi/Pico_SDK_v1.5.1/pico-sdk/lib/lwip/src/core/raw.c.obj
                0x10008af4                raw_netif_ip_addr_changed
 .text.tcp_remove_listener
                0x10008b2c       0x24 CMakeFiles/Recon-Rover.dir/C_/Program_Files/Raspberry_Pi/Pico_SDK_v1.5.1/pico-sdk/lib/lwip/src/core/tcp.c.obj
 .text.tcp_listen_closed
                0x10008b50       0x40 CMakeFiles/Recon-Rover.dir/C_/Program_Files/Raspberry_Pi/Pico_SDK_v1.5.1/pico-sdk/lib/lwip/src/core/tcp.c.obj
 .text.tcp_free_listen
                0x10008b90       0x1c CMakeFiles/Recon-Rover.dir/C_/Program_Files/Raspberry_Pi/Pico_SDK_v1.5.1/pico-sdk/lib/lwip/src/core/tcp.c.obj
 .text.tcp_close_shutdown_fin
                0x10008bac       0x64 CMakeFiles/Recon-Rover.dir/C_/Program_Files/Raspberry_Pi/Pico_SDK_v1.5.1/pico-sdk/lib/lwip/src/core/tcp.c.obj
 .text.tcp_handle_closepend
                0x10008c10       0x28 CMakeFiles/Recon-Rover.dir/C_/Program_Files/Raspberry_Pi/Pico_SDK_v1.5.1/pico-sdk/lib/lwip/src/core/tcp.c.obj
 .text.tcp_init
                0x10008c38       0x20 CMakeFiles/Recon-Rover.dir/C_/Program_Files/Raspberry_Pi/Pico_SDK_v1.5.1/pico-sdk/lib/lwip/src/core/tcp.c.obj
                0x10008c38                tcp_init
 .text.tcp_free
                0x10008c58       0x1c CMakeFiles/Recon-Rover.dir/C_/Program_Files/Raspberry_Pi/Pico_SDK_v1.5.1/pico-sdk/lib/lwip/src/core/tcp.c.obj
                0x10008c58                tcp_free
 .text.tcp_update_rcv_ann_wnd
                0x10008c74       0x58 CMakeFiles/Recon-Rover.dir/C_/Program_Files/Raspberry_Pi/Pico_SDK_v1.5.1/pico-sdk/lib/lwip/src/core/tcp.c.obj
                0x10008c74                tcp_update_rcv_ann_wnd
 .text.tcp_recved
                0x10008ccc       0x54 CMakeFiles/Recon-Rover.dir/C_/Program_Files/Raspberry_Pi/Pico_SDK_v1.5.1/pico-sdk/lib/lwip/src/core/tcp.c.obj
                0x10008ccc                tcp_recved
 .text.tcp_seg_free
                0x10008d20       0x1a CMakeFiles/Recon-Rover.dir/C_/Program_Files/Raspberry_Pi/Pico_SDK_v1.5.1/pico-sdk/lib/lwip/src/core/tcp.c.obj
                0x10008d20                tcp_seg_free
 .text.tcp_segs_free
                0x10008d3a       0x12 CMakeFiles/Recon-Rover.dir/C_/Program_Files/Raspberry_Pi/Pico_SDK_v1.5.1/pico-sdk/lib/lwip/src/core/tcp.c.obj
                0x10008d3a                tcp_segs_free
 .text.tcp_seg_copy
                0x10008d4c       0x2c CMakeFiles/Recon-Rover.dir/C_/Program_Files/Raspberry_Pi/Pico_SDK_v1.5.1/pico-sdk/lib/lwip/src/core/tcp.c.obj
                0x10008d4c                tcp_seg_copy
 .text.tcp_next_iss
                0x10008d78       0x28 CMakeFiles/Recon-Rover.dir/C_/Program_Files/Raspberry_Pi/Pico_SDK_v1.5.1/pico-sdk/lib/lwip/src/core/tcp.c.obj
                0x10008d78                tcp_next_iss
 .text.tcp_eff_send_mss_netif
                0x10008da0       0x34 CMakeFiles/Recon-Rover.dir/C_/Program_Files/Raspberry_Pi/Pico_SDK_v1.5.1/pico-sdk/lib/lwip/src/core/tcp.c.obj
                0x10008da0                tcp_eff_send_mss_netif
 .text.tcp_free_ooseq
                0x10008dd4       0x14 CMakeFiles/Recon-Rover.dir/C_/Program_Files/Raspberry_Pi/Pico_SDK_v1.5.1/pico-sdk/lib/lwip/src/core/tcp.c.obj